Archive member included to satisfy reference by file (symbol)

/home/ubuntu/Lab3_Devops/glibc-2.34/build/elf/rtld-libc.a(rtld-check_fds.os)
                              /home/ubuntu/Lab3_Devops/glibc-2.34/build/elf/dl-allobjs.os (__libc_check_standard_fds)
/home/ubuntu/Lab3_Devops/glibc-2.34/build/elf/rtld-libc.a(rtld-errno.os)
                              /home/ubuntu/Lab3_Devops/glibc-2.34/build/elf/dl-allobjs.os (rtld_errno)
/home/ubuntu/Lab3_Devops/glibc-2.34/build/elf/rtld-libc.a(rtld-closedir.os)
                              /home/ubuntu/Lab3_Devops/glibc-2.34/build/elf/dl-allobjs.os (__closedir)
/home/ubuntu/Lab3_Devops/glibc-2.34/build/elf/rtld-libc.a(rtld-rewinddir.os)
                              /home/ubuntu/Lab3_Devops/glibc-2.34/build/elf/dl-allobjs.os (__rewinddir)
/home/ubuntu/Lab3_Devops/glibc-2.34/build/elf/rtld-libc.a(rtld-readdir64.os)
                              /home/ubuntu/Lab3_Devops/glibc-2.34/build/elf/dl-allobjs.os (__readdir64)
/home/ubuntu/Lab3_Devops/glibc-2.34/build/elf/rtld-libc.a(rtld-fdopendir.os)
                              /home/ubuntu/Lab3_Devops/glibc-2.34/build/elf/dl-allobjs.os (__fdopendir)
/home/ubuntu/Lab3_Devops/glibc-2.34/build/elf/rtld-libc.a(rtld-getdents64.os)
                              /home/ubuntu/Lab3_Devops/glibc-2.34/build/elf/rtld-libc.a(rtld-readdir64.os) (__getdents64)
/home/ubuntu/Lab3_Devops/glibc-2.34/build/elf/rtld-libc.a(rtld-dl-addr-obj.os)
                              /home/ubuntu/Lab3_Devops/glibc-2.34/build/elf/dl-allobjs.os (_dl_addr_inside_object)
/home/ubuntu/Lab3_Devops/glibc-2.34/build/elf/rtld-libc.a(rtld-profil.os)
                              /home/ubuntu/Lab3_Devops/glibc-2.34/build/elf/dl-allobjs.os (__profil)
/home/ubuntu/Lab3_Devops/glibc-2.34/build/elf/rtld-libc.a(rtld-prof-freq.os)
                              /home/ubuntu/Lab3_Devops/glibc-2.34/build/elf/dl-allobjs.os (__profile_frequency)
/home/ubuntu/Lab3_Devops/glibc-2.34/build/elf/rtld-libc.a(rtld-stat64.os)
                              /home/ubuntu/Lab3_Devops/glibc-2.34/build/elf/dl-allobjs.os (__GI___stat64)
/home/ubuntu/Lab3_Devops/glibc-2.34/build/elf/rtld-libc.a(rtld-fstat64.os)
                              /home/ubuntu/Lab3_Devops/glibc-2.34/build/elf/dl-allobjs.os (__GI___fstat64)
/home/ubuntu/Lab3_Devops/glibc-2.34/build/elf/rtld-libc.a(rtld-lstat64.os)
                              /home/ubuntu/Lab3_Devops/glibc-2.34/build/elf/dl-allobjs.os (__GI___lstat64)
/home/ubuntu/Lab3_Devops/glibc-2.34/build/elf/rtld-libc.a(rtld-fstatat64.os)
                              /home/ubuntu/Lab3_Devops/glibc-2.34/build/elf/dl-allobjs.os (__GI___fstatat64)
/home/ubuntu/Lab3_Devops/glibc-2.34/build/elf/rtld-libc.a(rtld-openat64.os)
                              /home/ubuntu/Lab3_Devops/glibc-2.34/build/elf/dl-allobjs.os (__openat64)
/home/ubuntu/Lab3_Devops/glibc-2.34/build/elf/rtld-libc.a(rtld-lseek64.os)
                              /home/ubuntu/Lab3_Devops/glibc-2.34/build/elf/dl-allobjs.os (__lseek)
/home/ubuntu/Lab3_Devops/glibc-2.34/build/elf/rtld-libc.a(rtld-access.os)
                              /home/ubuntu/Lab3_Devops/glibc-2.34/build/elf/dl-allobjs.os (__access)
/home/ubuntu/Lab3_Devops/glibc-2.34/build/elf/rtld-libc.a(rtld-close_nocancel.os)
                              /home/ubuntu/Lab3_Devops/glibc-2.34/build/elf/dl-allobjs.os (__GI___close_nocancel)
/home/ubuntu/Lab3_Devops/glibc-2.34/build/elf/rtld-libc.a(rtld-fcntl_nocancel.os)
                              /home/ubuntu/Lab3_Devops/glibc-2.34/build/elf/dl-allobjs.os (__GI___fcntl64_nocancel)
/home/ubuntu/Lab3_Devops/glibc-2.34/build/elf/rtld-libc.a(rtld-open64_nocancel.os)
                              /home/ubuntu/Lab3_Devops/glibc-2.34/build/elf/dl-allobjs.os (__GI___open64_nocancel)
/home/ubuntu/Lab3_Devops/glibc-2.34/build/elf/rtld-libc.a(rtld-read_nocancel.os)
                              /home/ubuntu/Lab3_Devops/glibc-2.34/build/elf/dl-allobjs.os (__GI___read_nocancel)
/home/ubuntu/Lab3_Devops/glibc-2.34/build/elf/rtld-libc.a(rtld-pread64_nocancel.os)
                              /home/ubuntu/Lab3_Devops/glibc-2.34/build/elf/dl-allobjs.os (__GI___pread64_nocancel)
/home/ubuntu/Lab3_Devops/glibc-2.34/build/elf/rtld-libc.a(rtld-write_nocancel.os)
                              /home/ubuntu/Lab3_Devops/glibc-2.34/build/elf/dl-allobjs.os (__GI___write_nocancel)
/home/ubuntu/Lab3_Devops/glibc-2.34/build/elf/rtld-libc.a(rtld-scratch_buffer_set_array_size.os)
                              /home/ubuntu/Lab3_Devops/glibc-2.34/build/elf/dl-allobjs.os (__libc_scratch_buffer_set_array_size)
/home/ubuntu/Lab3_Devops/glibc-2.34/build/elf/rtld-libc.a(rtld-mmap64.os)
                              /home/ubuntu/Lab3_Devops/glibc-2.34/build/elf/dl-allobjs.os (__mmap)
/home/ubuntu/Lab3_Devops/glibc-2.34/build/elf/rtld-libc.a(rtld-munmap.os)
                              /home/ubuntu/Lab3_Devops/glibc-2.34/build/elf/dl-allobjs.os (__munmap)
[...]
Memory Configuration

Name             Origin             Length             Attributes
*default*        0x0000000000000000 0xffffffffffffffff

Linker script and memory map

START GROUP
LOAD /home/ubuntu/Lab3_Devops/glibc-2.34/build/elf/dl-allobjs.os
LOAD /home/ubuntu/Lab3_Devops/glibc-2.34/build/elf/rtld-libc.a
LOAD /usr/lib/gcc/aarch64-linux-gnu/11/libgcc.a
END GROUP

.interp
 *(.interp)

.note.gnu.build-id
 *(.note.gnu.build-id)

.hash
 *(.hash)

.gnu.hash
 *(.gnu.hash)

.dynsym
 *(.dynsym)

.dynstr
 *(.dynstr)

.gnu.version
 *(.gnu.version)

.gnu.version_d
 *(.gnu.version_d)

.gnu.version_r
 *(.gnu.version_r)

.rela.init
 *(.rela.init)

.rela.text
 *(.rela.text)

.rela.fini
 *(.rela.fini)

.rela.rodata
 *(.rela.rodata)

.rela.data.rel.ro
 *(.rela.data.rel.ro)

.rela.data
 *(.rela.data)

.rela.tdata
 *(.rela.tdata)

.rela.tbss
 *(.rela.tbss)

.rela.ctors
 *(.rela.ctors)

.rela.dtors
 *(.rela.dtors)

.rela.got
 *(.rela.got)

.rela.bss
 *(.rela.bss)

.rela.ifunc
 *(.rela.ifunc)

.rela.plt
 *(.rela.plt)

.init
 *(SORT_NONE(.init))

.plt
 *(.plt)

.text           0x0000000000000000    0x1b680
 *(.text .stub)
 .text          0x0000000000000000    0x19440 /home/ubuntu/Lab3_Devops/glibc-2.34/build/elf/dl-allobjs.os
                0x0000000000000000                _start
                0x0000000000000010                _dl_start_user
                0x0000000000001260                handle_preload_list
                0x0000000000005a80                _dl_dst_count
                0x0000000000005b40                _dl_dst_substitute
                0x0000000000006270                _dl_init_paths
                0x00000000000065a0                _dl_process_pt_gnu_property
                0x0000000000007940                _dl_map_object
                0x0000000000008320                _dl_rtld_di_serinfo
                0x00000000000091b0                _dl_lookup_symbol_x
                0x000000000000a0d4                _dl_setup_hash
                0x000000000000a180                _dl_add_to_namespace_list
                0x000000000000a230                _dl_new_object
                0x000000000000a5b0                _dl_try_allocate_static_tls
                0x000000000000a6c0                _dl_allocate_static_tls
                0x000000000000a710                _dl_protect_relro
                0x000000000000a790                _dl_reloc_bad_type
                0x000000000000a860                _dl_relocate_object
                0x000000000000bd80                _dl_map_object_deps
                0x000000000000cbb0                _dl_fixup
                0x000000000000cdb0                _dl_profile_fixup
                0x000000000000d400                _dl_call_pltexit
                0x000000000000d6c0                _dl_init
                0x000000000000d800                _dl_fini
                0x000000000000dc10                _dl_debug_state
                0x000000000000dc10                __GI__dl_debug_state
                0x000000000000dc14                _dl_debug_initialize
                0x000000000000e320                _dl_sysdep_read_whole_file
                0x000000000000e3c0                _dl_debug_printf
                0x000000000000e444                _dl_debug_printf_c
                0x000000000000e4d0                _dl_dprintf
                0x000000000000e550                _dl_printf
                0x000000000000e5d0                _dl_error_printf
                0x000000000000e650                _dl_fatal_printf
                0x000000000000e650                __GI__dl_fatal_printf
                0x000000000000e6d0                _dl_name_match_p
                0x000000000000e740                _dl_higher_prime_number
                0x000000000000e790                _dl_strtoul
                0x000000000000e8e0                _dl_check_map_versions
                0x000000000000efb0                _dl_check_all_versions
                0x000000000000f040                _dl_start_profile
                0x000000000000f720                __GI__dl_mcount
                0x000000000000f720                _dl_mcount
                0x000000000000fe30                _dl_tls_static_surplus_init
                0x000000000000fed4                _dl_assign_tls_modid
                0x0000000000010010                _dl_count_modids
                0x0000000000010070                _dl_determine_tlsoffset
                0x0000000000010210                _dl_get_tls_static_info
                0x0000000000010230                _dl_allocate_tls_storage
                0x00000000000102f4                __GI__dl_allocate_tls_init
                0x00000000000102f4                _dl_allocate_tls_init
                0x0000000000010530                __GI__dl_allocate_tls
                0x0000000000010530                _dl_allocate_tls
                0x0000000000010554                _dl_deallocate_tls
                0x0000000000010554                __GI__dl_deallocate_tls
                0x0000000000010604                _dl_update_slotinfo
                0x0000000000010880                __GI___tls_get_addr
                0x0000000000010880                __tls_get_addr
                0x00000000000108d0                _dl_tls_get_addr_soft
                0x0000000000010960                _dl_add_to_slotinfo
                0x0000000000010a80                _dl_init_static_tls
                0x0000000000010bc0                _dl_get_origin
                0x0000000000010d80                _dl_scope_free
                0x0000000000010ea0                _dl_make_stacks_executable
                0x0000000000011040                __GI___nptl_change_stack_perm
                0x0000000000011040                __nptl_change_stack_perm
                0x00000000000113c0                __GI__dl_find_dso_for_object
                0x00000000000113c0                _dl_find_dso_for_object
                0x00000000000114a4                _dl_open
                0x0000000000011780                _dl_show_scope
                0x00000000000123f0                _dl_close_worker
                0x0000000000013340                _dl_close
                0x00000000000133c4                _dl_runtime_resolve
                0x000000000001343c                _dl_runtime_profile
                0x0000000000013584                _dl_error_free
                0x00000000000135b0                _dl_exception_create
                0x00000000000135b0                __GI__dl_exception_create
                0x00000000000136b0                __GI__dl_exception_create_format
                0x00000000000136b0                _dl_exception_create_format
                0x0000000000013ab4                _dl_exception_free
                0x0000000000013ab4                __GI__dl_exception_free
                0x0000000000013af0                _dl_sort_maps
                0x0000000000013e70                _dl_lookup_direct
                0x0000000000014000                _dl_call_libc_early_init
                0x00000000000140a0                _dl_write
                0x00000000000140b0                __thread_gscope_wait
                0x00000000000142c0                __tls_pre_init_tp
                0x0000000000014310                __tls_init_tp
                0x00000000000143b0                _dl_cache_libcmp
                0x0000000000014aa0                _dl_load_cache_lookup
                0x0000000000014e10                _dl_unload_cache
                0x0000000000014f40                __GI___tunable_set_val
                0x0000000000014f60                __GI___tunables_init
                0x00000000000154b0                __GI___tunables_print
                0x00000000000155b0                __tunable_get_val
                0x00000000000155b0                __GI___tunable_get_val
                0x0000000000015670                _dl_bti_protect
                0x0000000000015790                _dl_bti_check
                0x0000000000015800                _dl_make_tlsdesc_dynamic
                0x0000000000015a80                _dl_unmap
                0x0000000000015b20                _dl_tlsdesc_return
                0x0000000000015b2c                _dl_tlsdesc_undefweak
                0x0000000000015b48                _dl_tlsdesc_dynamic
                0x0000000000015c70                _dl_sysdep_start
                0x0000000000016060                _dl_sysdep_start_cleanup
                0x0000000000016064                _dl_show_auxv
                0x00000000000161c4                _dl_discover_osversion
                0x00000000000163c0                _dl_next_ld_env_entry
                0x0000000000016410                unsetenv
                0x0000000000016640                __rtld_malloc_init_stubs
                0x0000000000016680                __sigjmp_save
                0x0000000000016690                __strerror_r
                0x0000000000016780                __GI___libc_fatal
                0x0000000000016780                __libc_fatal
                0x00000000000167a0                __GI___chk_fail
                0x00000000000167a0                __chk_fail
                0x00000000000167b0                __GI___assert_fail
                0x00000000000167b0                __assert_fail
                0x0000000000016880                __rtld_malloc_is_complete
                0x0000000000016b04                __rtld_malloc_init_real
                0x0000000000016c00                __GI___assert_perror_fail
                0x0000000000016c00                __assert_perror_fail
                0x0000000000016c64                _itoa
                0x0000000000016cd0                __strsep
                0x0000000000016cd0                strsep
                0x0000000000016cd0                __strsep_g
                0x0000000000016e10                _dl_signal_exception
                0x0000000000016e60                _dl_signal_error
                0x0000000000016eb0                _dl_signal_cexception
                0x0000000000016f50                _dl_signal_cerror
                0x0000000000017000                _dl_catch_exception
                0x00000000000170c0                _dl_catch_error
                0x0000000000017120                _dl_receive_error
                0x0000000000017170                _rtld_catch_error
                0x0000000000017180                _dl_resolve_conflicts
                0x00000000000173e0                _dl_important_hwcaps
                0x0000000000017c60                _dl_hwcaps_split
                0x0000000000017d10                _dl_hwcaps_contains
                0x0000000000017d84                _dl_hwcaps_split_masked
                0x0000000000017de0                _dl_hwcaps_subdirs_active
                0x0000000000017ea4                _dl_usage
                0x0000000000017f00                _dl_version
                0x0000000000017f20                _dl_help
                0x0000000000018400                _dl_diagnostics_print_string
                0x0000000000018474                _dl_diagnostics_print_labeled_string
                0x00000000000184c0                _dl_diagnostics_print_labeled_value
                0x00000000000184d4                _dl_print_diagnostics
                0x0000000000018970                _dl_diagnostics_kernel
                0x0000000000018a30                _dl_diagnostics_cpu
                0x0000000000018a40                __rtld_mutex_init
                0x0000000000018b60                __brk
                0x0000000000018b60                brk
                0x0000000000018ba0                sbrk
                0x0000000000018ba0                __sbrk
                0x0000000000018c40                __getcwd
                0x0000000000018c40                getcwd
                0x00000000000191f0                openat64
                0x0000000000019260                __opendir
                0x0000000000019260                opendir
                0x0000000000019370                __alloc_dir
 .text          0x0000000000019440       0xf0 /home/ubuntu/Lab3_Devops/glibc-2.34/build/elf/rtld-libc.a(rtld-check_fds.os)
                0x0000000000019500                __libc_check_standard_fds
 .text          0x0000000000019530        0x0 /home/ubuntu/Lab3_Devops/glibc-2.34/build/elf/rtld-libc.a(rtld-errno.os)
 .text          0x0000000000019530       0x44 /home/ubuntu/Lab3_Devops/glibc-2.34/build/elf/rtld-libc.a(rtld-closedir.os)
                0x0000000000019530                __closedir
                0x0000000000019530                closedir
 *fill*         0x0000000000019574        0xc 1f2003d5
 .text          0x0000000000019580       0x38 /home/ubuntu/Lab3_Devops/glibc-2.34/build/elf/rtld-libc.a(rtld-rewinddir.os)
                0x0000000000019580                rewinddir
                0x0000000000019580                __rewinddir
 *fill*         0x00000000000195b8        0x8 1f2003d5
 .text          0x00000000000195c0       0xd0 /home/ubuntu/Lab3_Devops/glibc-2.34/build/elf/rtld-libc.a(rtld-readdir64.os)
                0x00000000000195c0                readdir
                0x00000000000195c0                __readdir64
                0x00000000000195c0                __readdir
                0x00000000000195c0                readdir64
 .text          0x0000000000019690       0xa8 /home/ubuntu/Lab3_Devops/glibc-2.34/build/elf/rtld-libc.a(rtld-fdopendir.os)
                0x0000000000019690                fdopendir
                0x0000000000019690                __fdopendir
 *fill*         0x0000000000019738        0x8 1f2003d5
 .text          0x0000000000019740       0x38 /home/ubuntu/Lab3_Devops/glibc-2.34/build/elf/rtld-libc.a(rtld-getdents64.os)
                0x0000000000019740                __getdents
                0x0000000000019740                getdents64
                0x0000000000019740                __getdents64
 *fill*         0x0000000000019778        0x8 1f2003d5
 .text          0x0000000000019780       0x70 /home/ubuntu/Lab3_Devops/glibc-2.34/build/elf/rtld-libc.a(rtld-dl-addr-obj.os)
                0x0000000000019780                _dl_addr_inside_object
 .text          0x00000000000197f0       0xf8 /home/ubuntu/Lab3_Devops/glibc-2.34/build/elf/rtld-libc.a(rtld-profil.os)
                0x0000000000019840                __profil
                0x0000000000019840                profil
 *fill*         0x00000000000198e8        0x8 1f2003d5
 .text          0x00000000000198f0        0xc /home/ubuntu/Lab3_Devops/glibc-2.34/build/elf/rtld-libc.a(rtld-prof-freq.os)
                0x00000000000198f0                __profile_frequency
 *fill*         0x00000000000198fc        0x4 1f2003d5
 .text          0x0000000000019900       0x14 /home/ubuntu/Lab3_Devops/glibc-2.34/build/elf/rtld-libc.a(rtld-stat64.os)
                0x0000000000019900                stat64
                0x0000000000019900                __stat
                0x0000000000019900                __stat64
                0x0000000000019900                stat
                0x0000000000019900                __GI___stat64
 *fill*         0x0000000000019914        0xc 1f2003d5
 .text          0x0000000000019920       0x2c /home/ubuntu/Lab3_Devops/glibc-2.34/build/elf/rtld-libc.a(rtld-fstat64.os)
                0x0000000000019920                __GI___fstat64
                0x0000000000019920                fstat64
                0x0000000000019920                fstat
                0x0000000000019920                __fstat64
                0x0000000000019920                __fstat
 *fill*         0x000000000001994c        0x4 1f2003d5
 .text          0x0000000000019950       0x14 /home/ubuntu/Lab3_Devops/glibc-2.34/build/elf/rtld-libc.a(rtld-lstat64.os)
                0x0000000000019950                __lstat64
                0x0000000000019950                lstat
                0x0000000000019950                lstat64
                0x0000000000019950                __GI___lstat64
                0x0000000000019950                __lstat
 *fill*         0x0000000000019964        0xc 1f2003d5
 .text          0x0000000000019970       0x34 /home/ubuntu/Lab3_Devops/glibc-2.34/build/elf/rtld-libc.a(rtld-fstatat64.os)
                0x0000000000019970                fstatat
                0x0000000000019970                __fstatat
                0x0000000000019970                fstatat64
                0x0000000000019970                __fstatat64
                0x0000000000019970                __GI___fstatat
                0x0000000000019970                __GI___fstatat64
 *fill*         0x00000000000199a4        0xc 1f2003d5
 .text          0x00000000000199b0       0x8c /home/ubuntu/Lab3_Devops/glibc-2.34/build/elf/rtld-libc.a(rtld-openat64.os)
                0x00000000000199b0                __openat64
                0x00000000000199b0                __libc_openat64
                0x00000000000199b0                __openat
                0x00000000000199b0                openat
 *fill*         0x0000000000019a3c        0x4 1f2003d5
 .text          0x0000000000019a40       0x30 /home/ubuntu/Lab3_Devops/glibc-2.34/build/elf/rtld-libc.a(rtld-lseek64.os)
                0x0000000000019a40                __lseek64
                0x0000000000019a40                lseek
                0x0000000000019a40                __libc_lseek64
                0x0000000000019a40                __lseek
                0x0000000000019a40                __libc_lseek
                0x0000000000019a40                lseek64
 .text          0x0000000000019a70       0x34 /home/ubuntu/Lab3_Devops/glibc-2.34/build/elf/rtld-libc.a(rtld-access.os)
                0x0000000000019a70                access
                0x0000000000019a70                __access
 *fill*         0x0000000000019aa4        0xc 1f2003d5
 .text          0x0000000000019ab0       0x2c /home/ubuntu/Lab3_Devops/glibc-2.34/build/elf/rtld-libc.a(rtld-close_nocancel.os)
                0x0000000000019ab0                __GI___close_nocancel
 *fill*         0x0000000000019adc        0x4 1f2003d5
 .text          0x0000000000019ae0      0x120 /home/ubuntu/Lab3_Devops/glibc-2.34/build/elf/rtld-libc.a(rtld-fcntl_nocancel.os)
                0x0000000000019ae0                __fcntl64_nocancel
                0x0000000000019ae0                __GI___fcntl64_nocancel
                0x0000000000019b80                __fcntl64_nocancel_adjusted
 .text          0x0000000000019c00       0x8c /home/ubuntu/Lab3_Devops/glibc-2.34/build/elf/rtld-libc.a(rtld-open64_nocancel.os)
                0x0000000000019c00                __GI___open_nocancel
                0x0000000000019c00                __open_nocancel
                0x0000000000019c00                __GI___open64_nocancel
                0x0000000000019c00                __open64_nocancel
 *fill*         0x0000000000019c8c        0x4 1f2003d5
 .text          0x0000000000019c90       0x2c /home/ubuntu/Lab3_Devops/glibc-2.34/build/elf/rtld-libc.a(rtld-read_nocancel.os)
                0x0000000000019c90                __read_nocancel
                0x0000000000019c90                __GI___read_nocancel
 *fill*         0x0000000000019cbc        0x4 1f2003d5
 .text          0x0000000000019cc0       0x2c /home/ubuntu/Lab3_Devops/glibc-2.34/build/elf/rtld-libc.a(rtld-pread64_nocancel.os)
                0x0000000000019cc0                __GI___pread64_nocancel
                0x0000000000019cc0                __pread64_nocancel
 *fill*         0x0000000000019cec        0x4 1f2003d5
 .text          0x0000000000019cf0       0x2c /home/ubuntu/Lab3_Devops/glibc-2.34/build/elf/rtld-libc.a(rtld-write_nocancel.os)
                0x0000000000019cf0                __GI___write_nocancel
                0x0000000000019cf0                __write_nocancel
 *fill*         0x0000000000019d1c        0x4 1f2003d5
 .text          0x0000000000019d20       0xec /home/ubuntu/Lab3_Devops/glibc-2.34/build/elf/rtld-libc.a(rtld-scratch_buffer_set_array_size.os)
                0x0000000000019d20                __libc_scratch_buffer_set_array_size
 *fill*         0x0000000000019e0c        0x4 1f2003d5
 .text          0x0000000000019e10       0x50 /home/ubuntu/Lab3_Devops/glibc-2.34/build/elf/rtld-libc.a(rtld-mmap64.os)
                0x0000000000019e10                __mmap
                0x0000000000019e10                mmap
                0x0000000000019e10                __mmap64
                0x0000000000019e10                mmap64
 *fill*         0x0000000000019e60       0x20 1f2003d5
 .text          0x0000000000019e80       0x2c /home/ubuntu/Lab3_Devops/glibc-2.34/build/elf/rtld-libc.a(rtld-munmap.os)
                0x0000000000019e80                munmap
                0x0000000000019e80                __GI___munmap
                0x0000000000019e80                __GI_munmap
                0x0000000000019e80                __munmap
 *fill*         0x0000000000019eac       0x14 1f2003d5
 .text          0x0000000000019ec0       0x2c /home/ubuntu/Lab3_Devops/glibc-2.34/build/elf/rtld-libc.a(rtld-mprotect.os)
                0x0000000000019ec0                __mprotect
                0x0000000000019ec0                __GI___mprotect
                0x0000000000019ec0                __GI_mprotect
                0x0000000000019ec0                mprotect
 *fill*         0x0000000000019eec        0x4 1f2003d5
 .text          0x0000000000019ef0      0x140 /home/ubuntu/Lab3_Devops/glibc-2.34/build/elf/rtld-libc.a(rtld-lowlevellock.os)
                0x0000000000019ef0                __lll_lock_wait_private
                0x0000000000019f70                __lll_lock_wait
                0x0000000000019ff4                __lll_lock_wake_private
                0x000000000001a010                __lll_lock_wake
 *fill*         0x000000000001a030       0x10 1f2003d5
 .text          0x000000000001a040       0x2c /home/ubuntu/Lab3_Devops/glibc-2.34/build/elf/rtld-libc.a(rtld-uname.os)
                0x000000000001a040                uname
                0x000000000001a040                __GI_uname
                0x000000000001a040                __uname
                0x000000000001a040                __GI___uname
 *fill*         0x000000000001a06c        0x4 1f2003d5
 .text          0x000000000001a070       0x88 /home/ubuntu/Lab3_Devops/glibc-2.34/build/elf/rtld-libc.a(rtld-_exit.os)
                0x000000000001a070                _Exit
                0x000000000001a070                __GI__exit
                0x000000000001a070                _exit
 *fill*         0x000000000001a0f8        0x8 1f2003d5
 .text          0x000000000001a100       0x10 /home/ubuntu/Lab3_Devops/glibc-2.34/build/elf/rtld-libc.a(rtld-getpid.os)
                0x000000000001a100                __getpid
                0x000000000001a100                getpid
                0x000000000001a100                __GI_getpid
                0x000000000001a100                __GI___getpid
 .text          0x000000000001a110        0x0 /home/ubuntu/Lab3_Devops/glibc-2.34/build/elf/rtld-libc.a(rtld-environ.os)
 *fill*         0x000000000001a110       0x30 1f2003d5
 .text          0x000000000001a140       0xd4 /home/ubuntu/Lab3_Devops/glibc-2.34/build/elf/rtld-libc.a(rtld-setjmp.os)
                0x000000000001a140                setjmp
                0x000000000001a180                _setjmp
                0x000000000001a1c0                __sigsetjmp
                0x000000000001a1c0                __GI___sigsetjmp
 *fill*         0x000000000001a214       0x2c 1f2003d5
 .text          0x000000000001a240       0x5c /home/ubuntu/Lab3_Devops/glibc-2.34/build/elf/rtld-libc.a(rtld-__longjmp.os)
                0x000000000001a240                __longjmp
 *fill*         0x000000000001a29c        0x4 1f2003d5
 .text          0x000000000001a2a0       0x30 /home/ubuntu/Lab3_Devops/glibc-2.34/build/elf/rtld-libc.a(rtld-sigaction.os)
                0x000000000001a2a0                sigaction
                0x000000000001a2a0                __sigaction
 .text          0x000000000001a2d0      0x118 /home/ubuntu/Lab3_Devops/glibc-2.34/build/elf/rtld-libc.a(rtld-libc_sigaction.os)
                0x000000000001a2d0                __libc_sigaction
 *fill*         0x000000000001a3e8       0x18 1f2003d5
 .text          0x000000000001a400       0xa0 /home/ubuntu/Lab3_Devops/glibc-2.34/build/elf/rtld-libc.a(rtld-strchr.os)
                0x000000000001a400                index
                0x000000000001a400                strchr
 *fill*         0x000000000001a4a0       0x20 1f2003d5
 .text          0x000000000001a4c0      0x134 /home/ubuntu/Lab3_Devops/glibc-2.34/build/elf/rtld-libc.a(rtld-strcmp.os)
                0x000000000001a4c0                strcmp
 *fill*         0x000000000001a5f4        0xc 1f2003d5
 .text          0x000000000001a600      0x130 /home/ubuntu/Lab3_Devops/glibc-2.34/build/elf/rtld-libc.a(rtld-strcspn.os)
                0x000000000001a600                strcspn
 .text          0x000000000001a730       0x4c /home/ubuntu/Lab3_Devops/glibc-2.34/build/elf/rtld-libc.a(rtld-strdup.os)
                0x000000000001a730                __strdup
                0x000000000001a730                strdup
 *fill*         0x000000000001a77c        0x4 1f2003d5
 .text          0x000000000001a780       0xc4 /home/ubuntu/Lab3_Devops/glibc-2.34/build/elf/rtld-libc.a(rtld-strnlen.os)
                0x000000000001a780                __strnlen
                0x000000000001a780                strnlen
 *fill*         0x000000000001a844       0x3c 1f2003d5
 .text          0x000000000001a880      0x204 /home/ubuntu/Lab3_Devops/glibc-2.34/build/elf/rtld-libc.a(rtld-strncmp.os)
                0x000000000001a8a4                strncmp
 *fill*         0x000000000001aa84       0x3c 1f2003d5
 .text          0x000000000001aac0      0x19c /home/ubuntu/Lab3_Devops/glibc-2.34/build/elf/rtld-libc.a(rtld-memcmp.os)
                0x000000000001aac0                bcmp
                0x000000000001aac0                memcmp
 *fill*         0x000000000001ac5c       0x24 1f2003d5
 .text          0x000000000001ac80      0x1ec /home/ubuntu/Lab3_Devops/glibc-2.34/build/elf/rtld-libc.a(rtld-memset.os)
                0x000000000001ac80                memset
 *fill*         0x000000000001ae6c       0x14 1f2003d5
 .text          0x000000000001ae80      0x144 /home/ubuntu/Lab3_Devops/glibc-2.34/build/elf/rtld-libc.a(rtld-stpcpy.os)
                0x000000000001ae80                stpcpy
                0x000000000001ae80                __stpcpy
 *fill*         0x000000000001afc4       0x3c 1f2003d5
 .text          0x000000000001b000       0x24 /home/ubuntu/Lab3_Devops/glibc-2.34/build/elf/rtld-libc.a(rtld-rawmemchr.os)
                0x000000000001b000                __rawmemchr
                0x000000000001b000                rawmemchr
 *fill*         0x000000000001b024       0x1c 1f2003d5
 .text          0x000000000001b040       0x84 /home/ubuntu/Lab3_Devops/glibc-2.34/build/elf/rtld-libc.a(rtld-strchrnul.os)
                0x000000000001b040                __strchrnul
                0x000000000001b040                strchrnul
 *fill*         0x000000000001b0c4       0x3c 1f2003d5
 .text          0x000000000001b100      0x26c /home/ubuntu/Lab3_Devops/glibc-2.34/build/elf/rtld-libc.a(rtld-memcpy_generic.os)
                0x000000000001b100                memcpy
                0x000000000001b290                memmove
 *fill*         0x000000000001b36c       0x14 1f2003d5
 .text          0x000000000001b380       0xd4 /home/ubuntu/Lab3_Devops/glibc-2.34/build/elf/rtld-libc.a(rtld-memchr_generic.os)
                0x000000000001b380                memchr
                0x000000000001b380                __memchr
 *fill*         0x000000000001b454       0x2c 1f2003d5
 .text          0x000000000001b480       0x74 /home/ubuntu/Lab3_Devops/glibc-2.34/build/elf/rtld-libc.a(rtld-strlen_mte.os)
                0x000000000001b480                __strlen
                0x000000000001b480                strlen
 *fill*         0x000000000001b4f4        0xc 1f2003d5
 .text          0x000000000001b500       0x2c /home/ubuntu/Lab3_Devops/glibc-2.34/build/elf/rtld-libc.a(rtld-setitimer.os)
                0x000000000001b500                setitimer
                0x000000000001b500                __setitimer
 *fill*         0x000000000001b52c        0x4 1f2003d5
 .text          0x000000000001b530       0x34 /usr/lib/gcc/aarch64-linux-gnu/11/libgcc.a(cas_4_2.o)
                0x000000000001b530                __aarch64_cas4_acq
 *fill*         0x000000000001b564        0xc 1f2003d5
 .text          0x000000000001b570       0x2c /usr/lib/gcc/aarch64-linux-gnu/11/libgcc.a(swp_4_2.o)
                0x000000000001b570                __aarch64_swp4_acq
 *fill*         0x000000000001b59c        0x4 1f2003d5
 .text          0x000000000001b5a0       0x2c /usr/lib/gcc/aarch64-linux-gnu/11/libgcc.a(swp_4_3.o)
                0x000000000001b5a0                __aarch64_swp4_rel
 .text          0x000000000001b5cc        0x0 /usr/lib/gcc/aarch64-linux-gnu/11/libgcc.a(lse-init.o)
 *fill*         0x000000000001b5cc        0x4 1f2003d5
 .text          0x000000000001b5d0       0xb0 /home/ubuntu/Lab3_Devops/glibc-2.34/build/elf/rtld-libc.a(rtld-getauxval.os)
                0x000000000001b5d0                __getauxval2
                0x000000000001b644                getauxval
                0x000000000001b644                __getauxval
 *(.gnu.warning)

.text.startup   0x0000000000000000       0x24
 .text.startup  0x0000000000000000       0x24 /usr/lib/gcc/aarch64-linux-gnu/11/libgcc.a(lse-init.o)

.fini
 *(SORT_NONE(.fini))

.rodata         0x0000000000000000      0xaf6
 *(.rodata)
 .rodata        0x0000000000000000      0xaf6 /home/ubuntu/Lab3_Devops/glibc-2.34/build/elf/dl-allobjs.os

.rodata.str1.8  0x0000000000000000     0x476f
 .rodata.str1.8
                0x0000000000000000     0x4709 /home/ubuntu/Lab3_Devops/glibc-2.34/build/elf/dl-allobjs.os
                0x00000000000035c0                __GI__itoa_lower_digits
                0x00000000000035c0                _itoa_lower_digits
                0x00000000000037c0                _dl_hwcaps_subdirs
 *fill*         0x0000000000004709        0x7 
 .rodata.str1.8
                0x0000000000004710       0x1a /home/ubuntu/Lab3_Devops/glibc-2.34/build/elf/rtld-libc.a(rtld-check_fds.os)
 *fill*         0x000000000000472a        0x6 
 .rodata.str1.8
                0x0000000000004730        0x1 /home/ubuntu/Lab3_Devops/glibc-2.34/build/elf/rtld-libc.a(rtld-fstat64.os)
 *fill*         0x0000000000004731        0x7 
 .rodata.str1.8
                0x0000000000004738       0x37 /home/ubuntu/Lab3_Devops/glibc-2.34/build/elf/rtld-libc.a(rtld-lowlevellock.os)

.rodata.cst4    0x0000000000000000        0x4
 .rodata.cst4   0x0000000000000000        0x4 /home/ubuntu/Lab3_Devops/glibc-2.34/build/elf/dl-allobjs.os

.rodata1
 *(.rodata1)

.eh_frame_hdr
 *(.eh_frame_hdr)

.eh_frame       0x0000000000000000     0x3860
 *(.eh_frame)
 .eh_frame      0x0000000000000000     0x2d08 /home/ubuntu/Lab3_Devops/glibc-2.34/build/elf/dl-allobjs.os
                                       0x2d64 (size before relaxing)
 *fill*         0x0000000000002d08        0x0 
 .eh_frame      0x0000000000002d08       0x68 /home/ubuntu/Lab3_Devops/glibc-2.34/build/elf/rtld-libc.a(rtld-check_fds.os)
 .eh_frame      0x0000000000002d70       0x38 /home/ubuntu/Lab3_Devops/glibc-2.34/build/elf/rtld-libc.a(rtld-closedir.os)
 .eh_frame      0x0000000000002da8       0x38 /home/ubuntu/Lab3_Devops/glibc-2.34/build/elf/rtld-libc.a(rtld-rewinddir.os)
 .eh_frame      0x0000000000002de0       0x50 /home/ubuntu/Lab3_Devops/glibc-2.34/build/elf/rtld-libc.a(rtld-readdir64.os)
 .eh_frame      0x0000000000002e30       0x48 /home/ubuntu/Lab3_Devops/glibc-2.34/build/elf/rtld-libc.a(rtld-fdopendir.os)
 .eh_frame      0x0000000000002e78       0x28 /home/ubuntu/Lab3_Devops/glibc-2.34/build/elf/rtld-libc.a(rtld-getdents64.os)
 .eh_frame      0x0000000000002ea0       0x28 /home/ubuntu/Lab3_Devops/glibc-2.34/build/elf/rtld-libc.a(rtld-dl-addr-obj.os)
 .eh_frame      0x0000000000002ec8       0x50 /home/ubuntu/Lab3_Devops/glibc-2.34/build/elf/rtld-libc.a(rtld-profil.os)
 .eh_frame      0x0000000000002f18       0x28 /home/ubuntu/Lab3_Devops/glibc-2.34/build/elf/rtld-libc.a(rtld-prof-freq.os)
 .eh_frame      0x0000000000002f40       0x28 /home/ubuntu/Lab3_Devops/glibc-2.34/build/elf/rtld-libc.a(rtld-stat64.os)
 .eh_frame      0x0000000000002f68       0x28 /home/ubuntu/Lab3_Devops/glibc-2.34/build/elf/rtld-libc.a(rtld-fstat64.os)
 .eh_frame      0x0000000000002f90       0x28 /home/ubuntu/Lab3_Devops/glibc-2.34/build/elf/rtld-libc.a(rtld-lstat64.os)
 .eh_frame      0x0000000000002fb8       0x28 /home/ubuntu/Lab3_Devops/glibc-2.34/build/elf/rtld-libc.a(rtld-fstatat64.os)
 .eh_frame      0x0000000000002fe0       0x38 /home/ubuntu/Lab3_Devops/glibc-2.34/build/elf/rtld-libc.a(rtld-openat64.os)
 .eh_frame      0x0000000000003018       0x28 /home/ubuntu/Lab3_Devops/glibc-2.34/build/elf/rtld-libc.a(rtld-lseek64.os)
 .eh_frame      0x0000000000003040       0x28 /home/ubuntu/Lab3_Devops/glibc-2.34/build/elf/rtld-libc.a(rtld-access.os)
 .eh_frame      0x0000000000003068       0x28 /home/ubuntu/Lab3_Devops/glibc-2.34/build/elf/rtld-libc.a(rtld-close_nocancel.os)
 .eh_frame      0x0000000000003090       0x60 /home/ubuntu/Lab3_Devops/glibc-2.34/build/elf/rtld-libc.a(rtld-fcntl_nocancel.os)
 .eh_frame      0x00000000000030f0       0x38 /home/ubuntu/Lab3_Devops/glibc-2.34/build/elf/rtld-libc.a(rtld-open64_nocancel.os)
 .eh_frame      0x0000000000003128       0x28 /home/ubuntu/Lab3_Devops/glibc-2.34/build/elf/rtld-libc.a(rtld-read_nocancel.os)
 .eh_frame      0x0000000000003150       0x28 /home/ubuntu/Lab3_Devops/glibc-2.34/build/elf/rtld-libc.a(rtld-pread64_nocancel.os)
 .eh_frame      0x0000000000003178       0x28 /home/ubuntu/Lab3_Devops/glibc-2.34/build/elf/rtld-libc.a(rtld-write_nocancel.os)
 .eh_frame      0x00000000000031a0       0x60 /home/ubuntu/Lab3_Devops/glibc-2.34/build/elf/rtld-libc.a(rtld-scratch_buffer_set_array_size.os)
 .eh_frame      0x0000000000003200       0x28 /home/ubuntu/Lab3_Devops/glibc-2.34/build/elf/rtld-libc.a(rtld-mmap64.os)
 .eh_frame      0x0000000000003228       0x28 /home/ubuntu/Lab3_Devops/glibc-2.34/build/elf/rtld-libc.a(rtld-munmap.os)
 .eh_frame      0x0000000000003250       0x28 /home/ubuntu/Lab3_Devops/glibc-2.34/build/elf/rtld-libc.a(rtld-mprotect.os)
 .eh_frame      0x0000000000003278       0x88 /home/ubuntu/Lab3_Devops/glibc-2.34/build/elf/rtld-libc.a(rtld-lowlevellock.os)
 .eh_frame      0x0000000000003300       0x28 /home/ubuntu/Lab3_Devops/glibc-2.34/build/elf/rtld-libc.a(rtld-uname.os)
 .eh_frame      0x0000000000003328       0x28 /home/ubuntu/Lab3_Devops/glibc-2.34/build/elf/rtld-libc.a(rtld-_exit.os)
 .eh_frame      0x0000000000003350       0x28 /home/ubuntu/Lab3_Devops/glibc-2.34/build/elf/rtld-libc.a(rtld-getpid.os)
 .eh_frame      0x0000000000003378       0x50 /home/ubuntu/Lab3_Devops/glibc-2.34/build/elf/rtld-libc.a(rtld-setjmp.os)
 .eh_frame      0x00000000000033c8       0x90 /home/ubuntu/Lab3_Devops/glibc-2.34/build/elf/rtld-libc.a(rtld-__longjmp.os)
 .eh_frame      0x0000000000003458       0x28 /home/ubuntu/Lab3_Devops/glibc-2.34/build/elf/rtld-libc.a(rtld-sigaction.os)
 .eh_frame      0x0000000000003480       0x38 /home/ubuntu/Lab3_Devops/glibc-2.34/build/elf/rtld-libc.a(rtld-libc_sigaction.os)
 .eh_frame      0x00000000000034b8       0x28 /home/ubuntu/Lab3_Devops/glibc-2.34/build/elf/rtld-libc.a(rtld-strchr.os)
 .eh_frame      0x00000000000034e0       0x28 /home/ubuntu/Lab3_Devops/glibc-2.34/build/elf/rtld-libc.a(rtld-strcmp.os)
 .eh_frame      0x0000000000003508       0x40 /home/ubuntu/Lab3_Devops/glibc-2.34/build/elf/rtld-libc.a(rtld-strcspn.os)
 .eh_frame      0x0000000000003548       0x48 /home/ubuntu/Lab3_Devops/glibc-2.34/build/elf/rtld-libc.a(rtld-strdup.os)
 .eh_frame      0x0000000000003590       0x28 /home/ubuntu/Lab3_Devops/glibc-2.34/build/elf/rtld-libc.a(rtld-strnlen.os)
 .eh_frame      0x00000000000035b8       0x28 /home/ubuntu/Lab3_Devops/glibc-2.34/build/elf/rtld-libc.a(rtld-strncmp.os)
 .eh_frame      0x00000000000035e0       0x28 /home/ubuntu/Lab3_Devops/glibc-2.34/build/elf/rtld-libc.a(rtld-memcmp.os)
 .eh_frame      0x0000000000003608       0x28 /home/ubuntu/Lab3_Devops/glibc-2.34/build/elf/rtld-libc.a(rtld-memset.os)
 .eh_frame      0x0000000000003630       0x28 /home/ubuntu/Lab3_Devops/glibc-2.34/build/elf/rtld-libc.a(rtld-stpcpy.os)
 .eh_frame      0x0000000000003658       0x28 /home/ubuntu/Lab3_Devops/glibc-2.34/build/elf/rtld-libc.a(rtld-rawmemchr.os)
 .eh_frame      0x0000000000003680       0x28 /home/ubuntu/Lab3_Devops/glibc-2.34/build/elf/rtld-libc.a(rtld-strchrnul.os)
 .eh_frame      0x00000000000036a8       0x40 /home/ubuntu/Lab3_Devops/glibc-2.34/build/elf/rtld-libc.a(rtld-memcpy_generic.os)
 .eh_frame      0x00000000000036e8       0x28 /home/ubuntu/Lab3_Devops/glibc-2.34/build/elf/rtld-libc.a(rtld-memchr_generic.os)
 .eh_frame      0x0000000000003710       0x28 /home/ubuntu/Lab3_Devops/glibc-2.34/build/elf/rtld-libc.a(rtld-strlen_mte.os)
 .eh_frame      0x0000000000003738       0x28 /home/ubuntu/Lab3_Devops/glibc-2.34/build/elf/rtld-libc.a(rtld-setitimer.os)
 .eh_frame      0x0000000000003760       0x28 /usr/lib/gcc/aarch64-linux-gnu/11/libgcc.a(cas_4_2.o)
 .eh_frame      0x0000000000003788       0x28 /usr/lib/gcc/aarch64-linux-gnu/11/libgcc.a(swp_4_2.o)
 .eh_frame      0x00000000000037b0       0x28 /usr/lib/gcc/aarch64-linux-gnu/11/libgcc.a(swp_4_3.o)
 .eh_frame      0x00000000000037d8       0x38 /usr/lib/gcc/aarch64-linux-gnu/11/libgcc.a(lse-init.o)
 .eh_frame      0x0000000000003810       0x50 /home/ubuntu/Lab3_Devops/glibc-2.34/build/elf/rtld-libc.a(rtld-getauxval.os)

.gcc_except_table
 *(.gcc_except_table)

.gnu_extab
 *(.gnu_extab*)

.exception_ranges
 *(.exception_ranges)

.eh_frame
 *(.eh_frame)

.gnu_extab
 *(.gnu_extab)

.gcc_except_table
 *(.gcc_except_table)

.exception_ranges
 *(.exception_ranges)

.tdata
 *(.tdata)

.tbss
 *(.tbss)

.jcr
 *(.jcr)

.dynamic
 *(.dynamic)

.got
 *(.got)

.got.plt
 *(.got.plt)

.data           0x0000000000000000     0x10f0
 *(.data)
 .data          0x0000000000000000     0x10f0 /home/ubuntu/Lab3_Devops/glibc-2.34/build/elf/dl-allobjs.os
                0x0000000000000018                _rtld_global
                0x0000000000000018                _rtld_local
 .data          0x00000000000010f0        0x0 /home/ubuntu/Lab3_Devops/glibc-2.34/build/elf/rtld-libc.a(rtld-check_fds.os)
 .data          0x00000000000010f0        0x0 /home/ubuntu/Lab3_Devops/glibc-2.34/build/elf/rtld-libc.a(rtld-errno.os)
 .data          0x00000000000010f0        0x0 /home/ubuntu/Lab3_Devops/glibc-2.34/build/elf/rtld-libc.a(rtld-closedir.os)
 .data          0x00000000000010f0        0x0 /home/ubuntu/Lab3_Devops/glibc-2.34/build/elf/rtld-libc.a(rtld-rewinddir.os)
 .data          0x00000000000010f0        0x0 /home/ubuntu/Lab3_Devops/glibc-2.34/build/elf/rtld-libc.a(rtld-readdir64.os)
 .data          0x00000000000010f0        0x0 /home/ubuntu/Lab3_Devops/glibc-2.34/build/elf/rtld-libc.a(rtld-fdopendir.os)
 .data          0x00000000000010f0        0x0 /home/ubuntu/Lab3_Devops/glibc-2.34/build/elf/rtld-libc.a(rtld-getdents64.os)
 .data          0x00000000000010f0        0x0 /home/ubuntu/Lab3_Devops/glibc-2.34/build/elf/rtld-libc.a(rtld-dl-addr-obj.os)
 .data          0x00000000000010f0        0x0 /home/ubuntu/Lab3_Devops/glibc-2.34/build/elf/rtld-libc.a(rtld-profil.os)
 .data          0x00000000000010f0        0x0 /home/ubuntu/Lab3_Devops/glibc-2.34/build/elf/rtld-libc.a(rtld-prof-freq.os)
 .data          0x00000000000010f0        0x0 /home/ubuntu/Lab3_Devops/glibc-2.34/build/elf/rtld-libc.a(rtld-stat64.os)
 .data          0x00000000000010f0        0x0 /home/ubuntu/Lab3_Devops/glibc-2.34/build/elf/rtld-libc.a(rtld-fstat64.os)
 .data          0x00000000000010f0        0x0 /home/ubuntu/Lab3_Devops/glibc-2.34/build/elf/rtld-libc.a(rtld-lstat64.os)
 .data          0x00000000000010f0        0x0 /home/ubuntu/Lab3_Devops/glibc-2.34/build/elf/rtld-libc.a(rtld-fstatat64.os)
 .data          0x00000000000010f0        0x0 /home/ubuntu/Lab3_Devops/glibc-2.34/build/elf/rtld-libc.a(rtld-openat64.os)
 .data          0x00000000000010f0        0x0 /home/ubuntu/Lab3_Devops/glibc-2.34/build/elf/rtld-libc.a(rtld-lseek64.os)
 .data          0x00000000000010f0        0x0 /home/ubuntu/Lab3_Devops/glibc-2.34/build/elf/rtld-libc.a(rtld-access.os)
 .data          0x00000000000010f0        0x0 /home/ubuntu/Lab3_Devops/glibc-2.34/build/elf/rtld-libc.a(rtld-close_nocancel.os)
 .data          0x00000000000010f0        0x0 /home/ubuntu/Lab3_Devops/glibc-2.34/build/elf/rtld-libc.a(rtld-fcntl_nocancel.os)
 .data          0x00000000000010f0        0x0 /home/ubuntu/Lab3_Devops/glibc-2.34/build/elf/rtld-libc.a(rtld-open64_nocancel.os)
 .data          0x00000000000010f0        0x0 /home/ubuntu/Lab3_Devops/glibc-2.34/build/elf/rtld-libc.a(rtld-read_nocancel.os)
 .data          0x00000000000010f0        0x0 /home/ubuntu/Lab3_Devops/glibc-2.34/build/elf/rtld-libc.a(rtld-pread64_nocancel.os)
 .data          0x00000000000010f0        0x0 /home/ubuntu/Lab3_Devops/glibc-2.34/build/elf/rtld-libc.a(rtld-write_nocancel.os)
 .data          0x00000000000010f0        0x0 /home/ubuntu/Lab3_Devops/glibc-2.34/build/elf/rtld-libc.a(rtld-scratch_buffer_set_array_size.os)
 .data          0x00000000000010f0        0x0 /home/ubuntu/Lab3_Devops/glibc-2.34/build/elf/rtld-libc.a(rtld-mmap64.os)
 .data          0x00000000000010f0        0x0 /home/ubuntu/Lab3_Devops/glibc-2.34/build/elf/rtld-libc.a(rtld-munmap.os)
 .data          0x00000000000010f0        0x0 /home/ubuntu/Lab3_Devops/glibc-2.34/build/elf/rtld-libc.a(rtld-mprotect.os)
 .data          0x00000000000010f0        0x0 /home/ubuntu/Lab3_Devops/glibc-2.34/build/elf/rtld-libc.a(rtld-lowlevellock.os)
 .data          0x00000000000010f0        0x0 /home/ubuntu/Lab3_Devops/glibc-2.34/build/elf/rtld-libc.a(rtld-uname.os)
 .data          0x00000000000010f0        0x0 /home/ubuntu/Lab3_Devops/glibc-2.34/build/elf/rtld-libc.a(rtld-_exit.os)
 .data          0x00000000000010f0        0x0 /home/ubuntu/Lab3_Devops/glibc-2.34/build/elf/rtld-libc.a(rtld-getpid.os)
 .data          0x00000000000010f0        0x0 /home/ubuntu/Lab3_Devops/glibc-2.34/build/elf/rtld-libc.a(rtld-environ.os)
 .data          0x00000000000010f0        0x0 /home/ubuntu/Lab3_Devops/glibc-2.34/build/elf/rtld-libc.a(rtld-setjmp.os)
 .data          0x00000000000010f0        0x0 /home/ubuntu/Lab3_Devops/glibc-2.34/build/elf/rtld-libc.a(rtld-__longjmp.os)
 .data          0x00000000000010f0        0x0 /home/ubuntu/Lab3_Devops/glibc-2.34/build/elf/rtld-libc.a(rtld-sigaction.os)
 .data          0x00000000000010f0        0x0 /home/ubuntu/Lab3_Devops/glibc-2.34/build/elf/rtld-libc.a(rtld-libc_sigaction.os)
 .data          0x00000000000010f0        0x0 /home/ubuntu/Lab3_Devops/glibc-2.34/build/elf/rtld-libc.a(rtld-strchr.os)
 .data          0x00000000000010f0        0x0 /home/ubuntu/Lab3_Devops/glibc-2.34/build/elf/rtld-libc.a(rtld-strcmp.os)
 .data          0x00000000000010f0        0x0 /home/ubuntu/Lab3_Devops/glibc-2.34/build/elf/rtld-libc.a(rtld-strcspn.os)
 .data          0x00000000000010f0        0x0 /home/ubuntu/Lab3_Devops/glibc-2.34/build/elf/rtld-libc.a(rtld-strdup.os)
 .data          0x00000000000010f0        0x0 /home/ubuntu/Lab3_Devops/glibc-2.34/build/elf/rtld-libc.a(rtld-strnlen.os)
 .data          0x00000000000010f0        0x0 /home/ubuntu/Lab3_Devops/glibc-2.34/build/elf/rtld-libc.a(rtld-strncmp.os)
 .data          0x00000000000010f0        0x0 /home/ubuntu/Lab3_Devops/glibc-2.34/build/elf/rtld-libc.a(rtld-memcmp.os)
 .data          0x00000000000010f0        0x0 /home/ubuntu/Lab3_Devops/glibc-2.34/build/elf/rtld-libc.a(rtld-memset.os)
 .data          0x00000000000010f0        0x0 /home/ubuntu/Lab3_Devops/glibc-2.34/build/elf/rtld-libc.a(rtld-stpcpy.os)
 .data          0x00000000000010f0        0x0 /home/ubuntu/Lab3_Devops/glibc-2.34/build/elf/rtld-libc.a(rtld-rawmemchr.os)
 .data          0x00000000000010f0        0x0 /home/ubuntu/Lab3_Devops/glibc-2.34/build/elf/rtld-libc.a(rtld-strchrnul.os)
 .data          0x00000000000010f0        0x0 /home/ubuntu/Lab3_Devops/glibc-2.34/build/elf/rtld-libc.a(rtld-memcpy_generic.os)
 .data          0x00000000000010f0        0x0 /home/ubuntu/Lab3_Devops/glibc-2.34/build/elf/rtld-libc.a(rtld-memchr_generic.os)
 .data          0x00000000000010f0        0x0 /home/ubuntu/Lab3_Devops/glibc-2.34/build/elf/rtld-libc.a(rtld-strlen_mte.os)
 .data          0x00000000000010f0        0x0 /home/ubuntu/Lab3_Devops/glibc-2.34/build/elf/rtld-libc.a(rtld-setitimer.os)
 .data          0x00000000000010f0        0x0 /usr/lib/gcc/aarch64-linux-gnu/11/libgcc.a(cas_4_2.o)
 .data          0x00000000000010f0        0x0 /usr/lib/gcc/aarch64-linux-gnu/11/libgcc.a(swp_4_2.o)
 .data          0x00000000000010f0        0x0 /usr/lib/gcc/aarch64-linux-gnu/11/libgcc.a(swp_4_3.o)
 .data          0x00000000000010f0        0x0 /usr/lib/gcc/aarch64-linux-gnu/11/libgcc.a(lse-init.o)
 .data          0x00000000000010f0        0x0 /home/ubuntu/Lab3_Devops/glibc-2.34/build/elf/rtld-libc.a(rtld-getauxval.os)

.data.rel.ro    0x0000000000000000      0xeb8
 .data.rel.ro   0x0000000000000000      0xeb8 /home/ubuntu/Lab3_Devops/glibc-2.34/build/elf/dl-allobjs.os
                0x0000000000000000                _dl_argc
                0x0000000000000088                __pointer_chk_guard
                0x0000000000000088                __pointer_chk_guard_local
                0x0000000000000090                __stack_chk_guard
                0x0000000000000098                _rtld_global_ro
                0x0000000000000098                _rtld_local_ro
                0x0000000000000358                __rtld_env_path_list
                0x0000000000000368                __rtld_search_dirs
                0x0000000000000378                __stack_prot
                0x0000000000000e70                __libc_stack_end
                0x0000000000000e70                __GI___libc_stack_end
                0x0000000000000e78                _dl_random
                0x0000000000000e80                __GI___libc_enable_secure
                0x0000000000000e80                __libc_enable_secure
                0x0000000000000e88                __rtld_malloc
                0x0000000000000e90                __rtld_calloc
                0x0000000000000e98                __rtld_free
                0x0000000000000ea0                __rtld_realloc
                0x0000000000000ea8                ___rtld_mutex_lock
                0x0000000000000eb0                ___rtld_mutex_unlock

.data.rel.ro.local
                0x0000000000000000       0xa0
 .data.rel.ro.local
                0x0000000000000000       0xa0 /home/ubuntu/Lab3_Devops/glibc-2.34/build/elf/dl-allobjs.os

.init_array     0x0000000000000000        0x8
 .init_array    0x0000000000000000        0x8 /usr/lib/gcc/aarch64-linux-gnu/11/libgcc.a(lse-init.o)

.data1
 *(.data1)

.bss            0x0000000000000000      0x179
 *(.bss)
 .bss           0x0000000000000000      0x148 /home/ubuntu/Lab3_Devops/glibc-2.34/build/elf/dl-allobjs.os
                0x0000000000000000                __GI__dl_argv
                0x0000000000000000                _dl_argv
                0x000000000000000c                _dl_skip_args
                0x0000000000000060                _r_debug
                0x00000000000000d4                __nptl_initial_report_events
                0x00000000000000d4                __GI___nptl_initial_report_events
                0x0000000000000130                _dl_hwcaps_priorities
                0x0000000000000138                _dl_hwcaps_priorities_length
                0x0000000000000140                ___brk_addr
                0x0000000000000140                __curbrk
 .bss           0x0000000000000148        0x0 /home/ubuntu/Lab3_Devops/glibc-2.34/build/elf/rtld-libc.a(rtld-check_fds.os)
 .bss           0x0000000000000148        0x4 /home/ubuntu/Lab3_Devops/glibc-2.34/build/elf/rtld-libc.a(rtld-errno.os)
                0x0000000000000148                rtld_errno
 .bss           0x000000000000014c        0x0 /home/ubuntu/Lab3_Devops/glibc-2.34/build/elf/rtld-libc.a(rtld-closedir.os)
 .bss           0x000000000000014c        0x0 /home/ubuntu/Lab3_Devops/glibc-2.34/build/elf/rtld-libc.a(rtld-rewinddir.os)
 .bss           0x000000000000014c        0x0 /home/ubuntu/Lab3_Devops/glibc-2.34/build/elf/rtld-libc.a(rtld-readdir64.os)
 .bss           0x000000000000014c        0x0 /home/ubuntu/Lab3_Devops/glibc-2.34/build/elf/rtld-libc.a(rtld-fdopendir.os)
 .bss           0x000000000000014c        0x0 /home/ubuntu/Lab3_Devops/glibc-2.34/build/elf/rtld-libc.a(rtld-getdents64.os)
 .bss           0x000000000000014c        0x0 /home/ubuntu/Lab3_Devops/glibc-2.34/build/elf/rtld-libc.a(rtld-dl-addr-obj.os)
 *fill*         0x000000000000014c        0x4 
 .bss           0x0000000000000150       0x20 /home/ubuntu/Lab3_Devops/glibc-2.34/build/elf/rtld-libc.a(rtld-profil.os)
 .bss           0x0000000000000170        0x0 /home/ubuntu/Lab3_Devops/glibc-2.34/build/elf/rtld-libc.a(rtld-prof-freq.os)
 .bss           0x0000000000000170        0x0 /home/ubuntu/Lab3_Devops/glibc-2.34/build/elf/rtld-libc.a(rtld-stat64.os)
 .bss           0x0000000000000170        0x0 /home/ubuntu/Lab3_Devops/glibc-2.34/build/elf/rtld-libc.a(rtld-fstat64.os)
 .bss           0x0000000000000170        0x0 /home/ubuntu/Lab3_Devops/glibc-2.34/build/elf/rtld-libc.a(rtld-lstat64.os)
 .bss           0x0000000000000170        0x0 /home/ubuntu/Lab3_Devops/glibc-2.34/build/elf/rtld-libc.a(rtld-fstatat64.os)
 .bss           0x0000000000000170        0x0 /home/ubuntu/Lab3_Devops/glibc-2.34/build/elf/rtld-libc.a(rtld-openat64.os)
 .bss           0x0000000000000170        0x0 /home/ubuntu/Lab3_Devops/glibc-2.34/build/elf/rtld-libc.a(rtld-lseek64.os)
 .bss           0x0000000000000170        0x0 /home/ubuntu/Lab3_Devops/glibc-2.34/build/elf/rtld-libc.a(rtld-access.os)
 .bss           0x0000000000000170        0x0 /home/ubuntu/Lab3_Devops/glibc-2.34/build/elf/rtld-libc.a(rtld-close_nocancel.os)
 .bss           0x0000000000000170        0x0 /home/ubuntu/Lab3_Devops/glibc-2.34/build/elf/rtld-libc.a(rtld-fcntl_nocancel.os)
 .bss           0x0000000000000170        0x0 /home/ubuntu/Lab3_Devops/glibc-2.34/build/elf/rtld-libc.a(rtld-open64_nocancel.os)
 .bss           0x0000000000000170        0x0 /home/ubuntu/Lab3_Devops/glibc-2.34/build/elf/rtld-libc.a(rtld-read_nocancel.os)
 .bss           0x0000000000000170        0x0 /home/ubuntu/Lab3_Devops/glibc-2.34/build/elf/rtld-libc.a(rtld-pread64_nocancel.os)
 .bss           0x0000000000000170        0x0 /home/ubuntu/Lab3_Devops/glibc-2.34/build/elf/rtld-libc.a(rtld-write_nocancel.os)
 .bss           0x0000000000000170        0x0 /home/ubuntu/Lab3_Devops/glibc-2.34/build/elf/rtld-libc.a(rtld-scratch_buffer_set_array_size.os)
 .bss           0x0000000000000170        0x0 /home/ubuntu/Lab3_Devops/glibc-2.34/build/elf/rtld-libc.a(rtld-mmap64.os)
 .bss           0x0000000000000170        0x0 /home/ubuntu/Lab3_Devops/glibc-2.34/build/elf/rtld-libc.a(rtld-munmap.os)
 .bss           0x0000000000000170        0x0 /home/ubuntu/Lab3_Devops/glibc-2.34/build/elf/rtld-libc.a(rtld-mprotect.os)
 .bss           0x0000000000000170        0x0 /home/ubuntu/Lab3_Devops/glibc-2.34/build/elf/rtld-libc.a(rtld-lowlevellock.os)
 .bss           0x0000000000000170        0x0 /home/ubuntu/Lab3_Devops/glibc-2.34/build/elf/rtld-libc.a(rtld-uname.os)
 .bss           0x0000000000000170        0x0 /home/ubuntu/Lab3_Devops/glibc-2.34/build/elf/rtld-libc.a(rtld-_exit.os)
 .bss           0x0000000000000170        0x0 /home/ubuntu/Lab3_Devops/glibc-2.34/build/elf/rtld-libc.a(rtld-getpid.os)
 .bss           0x0000000000000170        0x8 /home/ubuntu/Lab3_Devops/glibc-2.34/build/elf/rtld-libc.a(rtld-environ.os)
                0x0000000000000170                _environ
                0x0000000000000170                __environ
                0x0000000000000170                environ
 .bss           0x0000000000000178        0x0 /home/ubuntu/Lab3_Devops/glibc-2.34/build/elf/rtld-libc.a(rtld-setjmp.os)
 .bss           0x0000000000000178        0x0 /home/ubuntu/Lab3_Devops/glibc-2.34/build/elf/rtld-libc.a(rtld-__longjmp.os)
 .bss           0x0000000000000178        0x0 /home/ubuntu/Lab3_Devops/glibc-2.34/build/elf/rtld-libc.a(rtld-sigaction.os)
 .bss           0x0000000000000178        0x0 /home/ubuntu/Lab3_Devops/glibc-2.34/build/elf/rtld-libc.a(rtld-libc_sigaction.os)
 .bss           0x0000000000000178        0x0 /home/ubuntu/Lab3_Devops/glibc-2.34/build/elf/rtld-libc.a(rtld-strchr.os)
 .bss           0x0000000000000178        0x0 /home/ubuntu/Lab3_Devops/glibc-2.34/build/elf/rtld-libc.a(rtld-strcmp.os)
 .bss           0x0000000000000178        0x0 /home/ubuntu/Lab3_Devops/glibc-2.34/build/elf/rtld-libc.a(rtld-strcspn.os)
 .bss           0x0000000000000178        0x0 /home/ubuntu/Lab3_Devops/glibc-2.34/build/elf/rtld-libc.a(rtld-strdup.os)
 .bss           0x0000000000000178        0x0 /home/ubuntu/Lab3_Devops/glibc-2.34/build/elf/rtld-libc.a(rtld-strnlen.os)
 .bss           0x0000000000000178        0x0 /home/ubuntu/Lab3_Devops/glibc-2.34/build/elf/rtld-libc.a(rtld-strncmp.os)
 .bss           0x0000000000000178        0x0 /home/ubuntu/Lab3_Devops/glibc-2.34/build/elf/rtld-libc.a(rtld-memcmp.os)
 .bss           0x0000000000000178        0x0 /home/ubuntu/Lab3_Devops/glibc-2.34/build/elf/rtld-libc.a(rtld-memset.os)
 .bss           0x0000000000000178        0x0 /home/ubuntu/Lab3_Devops/glibc-2.34/build/elf/rtld-libc.a(rtld-stpcpy.os)
 .bss           0x0000000000000178        0x0 /home/ubuntu/Lab3_Devops/glibc-2.34/build/elf/rtld-libc.a(rtld-rawmemchr.os)
 .bss           0x0000000000000178        0x0 /home/ubuntu/Lab3_Devops/glibc-2.34/build/elf/rtld-libc.a(rtld-strchrnul.os)
 .bss           0x0000000000000178        0x0 /home/ubuntu/Lab3_Devops/glibc-2.34/build/elf/rtld-libc.a(rtld-memcpy_generic.os)
 .bss           0x0000000000000178        0x0 /home/ubuntu/Lab3_Devops/glibc-2.34/build/elf/rtld-libc.a(rtld-memchr_generic.os)
 .bss           0x0000000000000178        0x0 /home/ubuntu/Lab3_Devops/glibc-2.34/build/elf/rtld-libc.a(rtld-strlen_mte.os)
 .bss           0x0000000000000178        0x0 /home/ubuntu/Lab3_Devops/glibc-2.34/build/elf/rtld-libc.a(rtld-setitimer.os)
 .bss           0x0000000000000178        0x0 /usr/lib/gcc/aarch64-linux-gnu/11/libgcc.a(cas_4_2.o)
 .bss           0x0000000000000178        0x0 /usr/lib/gcc/aarch64-linux-gnu/11/libgcc.a(swp_4_2.o)
 .bss           0x0000000000000178        0x0 /usr/lib/gcc/aarch64-linux-gnu/11/libgcc.a(swp_4_3.o)
 .bss           0x0000000000000178        0x1 /usr/lib/gcc/aarch64-linux-gnu/11/libgcc.a(lse-init.o)
                0x0000000000000178                __aarch64_have_lse_atomics
 .bss           0x0000000000000179        0x0 /home/ubuntu/Lab3_Devops/glibc-2.34/build/elf/rtld-libc.a(rtld-getauxval.os)

.stab
 *(.stab)

.stabstr
 *(.stabstr)

.stab.excl
 *(.stab.excl)

.stab.exclstr
 *(.stab.exclstr)

.stab.index
 *(.stab.index)

.stab.indexstr
 *(.stab.indexstr)

.comment        0x0000000000000000      0xe18
 *(.comment)
 .comment       0x0000000000000000      0x840 /home/ubuntu/Lab3_Devops/glibc-2.34/build/elf/dl-allobjs.os
 .comment       0x0000000000000840       0x2c /home/ubuntu/Lab3_Devops/glibc-2.34/build/elf/rtld-libc.a(rtld-check_fds.os)
 .comment       0x000000000000086c       0x2c /home/ubuntu/Lab3_Devops/glibc-2.34/build/elf/rtld-libc.a(rtld-errno.os)
 .comment       0x0000000000000898       0x2c /home/ubuntu/Lab3_Devops/glibc-2.34/build/elf/rtld-libc.a(rtld-closedir.os)
 .comment       0x00000000000008c4       0x2c /home/ubuntu/Lab3_Devops/glibc-2.34/build/elf/rtld-libc.a(rtld-rewinddir.os)
 .comment       0x00000000000008f0       0x2c /home/ubuntu/Lab3_Devops/glibc-2.34/build/elf/rtld-libc.a(rtld-readdir64.os)
 .comment       0x000000000000091c       0x2c /home/ubuntu/Lab3_Devops/glibc-2.34/build/elf/rtld-libc.a(rtld-fdopendir.os)
 .comment       0x0000000000000948       0x2c /home/ubuntu/Lab3_Devops/glibc-2.34/build/elf/rtld-libc.a(rtld-getdents64.os)
 .comment       0x0000000000000974       0x2c /home/ubuntu/Lab3_Devops/glibc-2.34/build/elf/rtld-libc.a(rtld-dl-addr-obj.os)
 .comment       0x00000000000009a0       0x2c /home/ubuntu/Lab3_Devops/glibc-2.34/build/elf/rtld-libc.a(rtld-profil.os)
 .comment       0x00000000000009cc       0x2c /home/ubuntu/Lab3_Devops/glibc-2.34/build/elf/rtld-libc.a(rtld-prof-freq.os)
 .comment       0x00000000000009f8       0x2c /home/ubuntu/Lab3_Devops/glibc-2.34/build/elf/rtld-libc.a(rtld-stat64.os)
 .comment       0x0000000000000a24       0x2c /home/ubuntu/Lab3_Devops/glibc-2.34/build/elf/rtld-libc.a(rtld-fstat64.os)
 .comment       0x0000000000000a50       0x2c /home/ubuntu/Lab3_Devops/glibc-2.34/build/elf/rtld-libc.a(rtld-lstat64.os)
 .comment       0x0000000000000a7c       0x2c /home/ubuntu/Lab3_Devops/glibc-2.34/build/elf/rtld-libc.a(rtld-fstatat64.os)
 .comment       0x0000000000000aa8       0x2c /home/ubuntu/Lab3_Devops/glibc-2.34/build/elf/rtld-libc.a(rtld-openat64.os)
 .comment       0x0000000000000ad4       0x2c /home/ubuntu/Lab3_Devops/glibc-2.34/build/elf/rtld-libc.a(rtld-lseek64.os)
 .comment       0x0000000000000b00       0x2c /home/ubuntu/Lab3_Devops/glibc-2.34/build/elf/rtld-libc.a(rtld-access.os)
 .comment       0x0000000000000b2c       0x2c /home/ubuntu/Lab3_Devops/glibc-2.34/build/elf/rtld-libc.a(rtld-close_nocancel.os)
 .comment       0x0000000000000b58       0x2c /home/ubuntu/Lab3_Devops/glibc-2.34/build/elf/rtld-libc.a(rtld-fcntl_nocancel.os)
 .comment       0x0000000000000b84       0x2c /home/ubuntu/Lab3_Devops/glibc-2.34/build/elf/rtld-libc.a(rtld-open64_nocancel.os)
 .comment       0x0000000000000bb0       0x2c /home/ubuntu/Lab3_Devops/glibc-2.34/build/elf/rtld-libc.a(rtld-read_nocancel.os)
 .comment       0x0000000000000bdc       0x2c /home/ubuntu/Lab3_Devops/glibc-2.34/build/elf/rtld-libc.a(rtld-pread64_nocancel.os)
 .comment       0x0000000000000c08       0x2c /home/ubuntu/Lab3_Devops/glibc-2.34/build/elf/rtld-libc.a(rtld-write_nocancel.os)
 .comment       0x0000000000000c34       0x2c /home/ubuntu/Lab3_Devops/glibc-2.34/build/elf/rtld-libc.a(rtld-scratch_buffer_set_array_size.os)
 .comment       0x0000000000000c60       0x2c /home/ubuntu/Lab3_Devops/glibc-2.34/build/elf/rtld-libc.a(rtld-mmap64.os)
 .comment       0x0000000000000c8c       0x2c /home/ubuntu/Lab3_Devops/glibc-2.34/build/elf/rtld-libc.a(rtld-lowlevellock.os)
 .comment       0x0000000000000cb8       0x2c /home/ubuntu/Lab3_Devops/glibc-2.34/build/elf/rtld-libc.a(rtld-_exit.os)
 .comment       0x0000000000000ce4       0x2c /home/ubuntu/Lab3_Devops/glibc-2.34/build/elf/rtld-libc.a(rtld-environ.os)
 .comment       0x0000000000000d10       0x2c /home/ubuntu/Lab3_Devops/glibc-2.34/build/elf/rtld-libc.a(rtld-sigaction.os)
 .comment       0x0000000000000d3c       0x2c /home/ubuntu/Lab3_Devops/glibc-2.34/build/elf/rtld-libc.a(rtld-libc_sigaction.os)
 .comment       0x0000000000000d68       0x2c /home/ubuntu/Lab3_Devops/glibc-2.34/build/elf/rtld-libc.a(rtld-strcspn.os)
 .comment       0x0000000000000d94       0x2c /home/ubuntu/Lab3_Devops/glibc-2.34/build/elf/rtld-libc.a(rtld-strdup.os)
 .comment       0x0000000000000dc0       0x2c /home/ubuntu/Lab3_Devops/glibc-2.34/build/elf/rtld-libc.a(rtld-setitimer.os)
 .comment       0x0000000000000dec       0x2c /home/ubuntu/Lab3_Devops/glibc-2.34/build/elf/rtld-libc.a(rtld-getauxval.os)

.note.GNU-stack
                0x0000000000000000        0x0
 .note.GNU-stack
                0x0000000000000000        0x0 /home/ubuntu/Lab3_Devops/glibc-2.34/build/elf/dl-allobjs.os
 .note.GNU-stack
                0x0000000000000000        0x0 /home/ubuntu/Lab3_Devops/glibc-2.34/build/elf/rtld-libc.a(rtld-check_fds.os)
 .note.GNU-stack
                0x0000000000000000        0x0 /home/ubuntu/Lab3_Devops/glibc-2.34/build/elf/rtld-libc.a(rtld-errno.os)
 .note.GNU-stack
                0x0000000000000000        0x0 /home/ubuntu/Lab3_Devops/glibc-2.34/build/elf/rtld-libc.a(rtld-closedir.os)
 .note.GNU-stack
                0x0000000000000000        0x0 /home/ubuntu/Lab3_Devops/glibc-2.34/build/elf/rtld-libc.a(rtld-rewinddir.os)
 .note.GNU-stack
                0x0000000000000000        0x0 /home/ubuntu/Lab3_Devops/glibc-2.34/build/elf/rtld-libc.a(rtld-readdir64.os)
 .note.GNU-stack
                0x0000000000000000        0x0 /home/ubuntu/Lab3_Devops/glibc-2.34/build/elf/rtld-libc.a(rtld-fdopendir.os)
 .note.GNU-stack
                0x0000000000000000        0x0 /home/ubuntu/Lab3_Devops/glibc-2.34/build/elf/rtld-libc.a(rtld-getdents64.os)
 .note.GNU-stack
                0x0000000000000000        0x0 /home/ubuntu/Lab3_Devops/glibc-2.34/build/elf/rtld-libc.a(rtld-dl-addr-obj.os)
 .note.GNU-stack
                0x0000000000000000        0x0 /home/ubuntu/Lab3_Devops/glibc-2.34/build/elf/rtld-libc.a(rtld-profil.os)
 .note.GNU-stack
                0x0000000000000000        0x0 /home/ubuntu/Lab3_Devops/glibc-2.34/build/elf/rtld-libc.a(rtld-prof-freq.os)
 .note.GNU-stack
                0x0000000000000000        0x0 /home/ubuntu/Lab3_Devops/glibc-2.34/build/elf/rtld-libc.a(rtld-stat64.os)
 .note.GNU-stack
                0x0000000000000000        0x0 /home/ubuntu/Lab3_Devops/glibc-2.34/build/elf/rtld-libc.a(rtld-fstat64.os)
 .note.GNU-stack
                0x0000000000000000        0x0 /home/ubuntu/Lab3_Devops/glibc-2.34/build/elf/rtld-libc.a(rtld-lstat64.os)
 .note.GNU-stack
                0x0000000000000000        0x0 /home/ubuntu/Lab3_Devops/glibc-2.34/build/elf/rtld-libc.a(rtld-fstatat64.os)
 .note.GNU-stack
                0x0000000000000000        0x0 /home/ubuntu/Lab3_Devops/glibc-2.34/build/elf/rtld-libc.a(rtld-openat64.os)
 .note.GNU-stack
                0x0000000000000000        0x0 /home/ubuntu/Lab3_Devops/glibc-2.34/build/elf/rtld-libc.a(rtld-lseek64.os)
 .note.GNU-stack
                0x0000000000000000        0x0 /home/ubuntu/Lab3_Devops/glibc-2.34/build/elf/rtld-libc.a(rtld-access.os)
 .note.GNU-stack
                0x0000000000000000        0x0 /home/ubuntu/Lab3_Devops/glibc-2.34/build/elf/rtld-libc.a(rtld-close_nocancel.os)
 .note.GNU-stack
                0x0000000000000000        0x0 /home/ubuntu/Lab3_Devops/glibc-2.34/build/elf/rtld-libc.a(rtld-fcntl_nocancel.os)
 .note.GNU-stack
                0x0000000000000000        0x0 /home/ubuntu/Lab3_Devops/glibc-2.34/build/elf/rtld-libc.a(rtld-open64_nocancel.os)
 .note.GNU-stack
                0x0000000000000000        0x0 /home/ubuntu/Lab3_Devops/glibc-2.34/build/elf/rtld-libc.a(rtld-read_nocancel.os)
 .note.GNU-stack
                0x0000000000000000        0x0 /home/ubuntu/Lab3_Devops/glibc-2.34/build/elf/rtld-libc.a(rtld-pread64_nocancel.os)
 .note.GNU-stack
                0x0000000000000000        0x0 /home/ubuntu/Lab3_Devops/glibc-2.34/build/elf/rtld-libc.a(rtld-write_nocancel.os)
 .note.GNU-stack
                0x0000000000000000        0x0 /home/ubuntu/Lab3_Devops/glibc-2.34/build/elf/rtld-libc.a(rtld-scratch_buffer_set_array_size.os)
 .note.GNU-stack
                0x0000000000000000        0x0 /home/ubuntu/Lab3_Devops/glibc-2.34/build/elf/rtld-libc.a(rtld-mmap64.os)
 .note.GNU-stack
                0x0000000000000000        0x0 /home/ubuntu/Lab3_Devops/glibc-2.34/build/elf/rtld-libc.a(rtld-munmap.os)
 .note.GNU-stack
                0x0000000000000000        0x0 /home/ubuntu/Lab3_Devops/glibc-2.34/build/elf/rtld-libc.a(rtld-mprotect.os)
 .note.GNU-stack
                0x0000000000000000        0x0 /home/ubuntu/Lab3_Devops/glibc-2.34/build/elf/rtld-libc.a(rtld-lowlevellock.os)
 .note.GNU-stack
                0x0000000000000000        0x0 /home/ubuntu/Lab3_Devops/glibc-2.34/build/elf/rtld-libc.a(rtld-uname.os)
 .note.GNU-stack
                0x0000000000000000        0x0 /home/ubuntu/Lab3_Devops/glibc-2.34/build/elf/rtld-libc.a(rtld-_exit.os)
 .note.GNU-stack
                0x0000000000000000        0x0 /home/ubuntu/Lab3_Devops/glibc-2.34/build/elf/rtld-libc.a(rtld-getpid.os)
 .note.GNU-stack
                0x0000000000000000        0x0 /home/ubuntu/Lab3_Devops/glibc-2.34/build/elf/rtld-libc.a(rtld-environ.os)
 .note.GNU-stack
                0x0000000000000000        0x0 /home/ubuntu/Lab3_Devops/glibc-2.34/build/elf/rtld-libc.a(rtld-setjmp.os)
 .note.GNU-stack
                0x0000000000000000        0x0 /home/ubuntu/Lab3_Devops/glibc-2.34/build/elf/rtld-libc.a(rtld-__longjmp.os)
 .note.GNU-stack
                0x0000000000000000        0x0 /home/ubuntu/Lab3_Devops/glibc-2.34/build/elf/rtld-libc.a(rtld-sigaction.os)
 .note.GNU-stack
                0x0000000000000000        0x0 /home/ubuntu/Lab3_Devops/glibc-2.34/build/elf/rtld-libc.a(rtld-libc_sigaction.os)
 .note.GNU-stack
                0x0000000000000000        0x0 /home/ubuntu/Lab3_Devops/glibc-2.34/build/elf/rtld-libc.a(rtld-strchr.os)
 .note.GNU-stack
                0x0000000000000000        0x0 /home/ubuntu/Lab3_Devops/glibc-2.34/build/elf/rtld-libc.a(rtld-strcmp.os)
 .note.GNU-stack
                0x0000000000000000        0x0 /home/ubuntu/Lab3_Devops/glibc-2.34/build/elf/rtld-libc.a(rtld-strcspn.os)
 .note.GNU-stack
                0x0000000000000000        0x0 /home/ubuntu/Lab3_Devops/glibc-2.34/build/elf/rtld-libc.a(rtld-strdup.os)
 .note.GNU-stack
                0x0000000000000000        0x0 /home/ubuntu/Lab3_Devops/glibc-2.34/build/elf/rtld-libc.a(rtld-strnlen.os)
 .note.GNU-stack
                0x0000000000000000        0x0 /home/ubuntu/Lab3_Devops/glibc-2.34/build/elf/rtld-libc.a(rtld-strncmp.os)
 .note.GNU-stack
                0x0000000000000000        0x0 /home/ubuntu/Lab3_Devops/glibc-2.34/build/elf/rtld-libc.a(rtld-memcmp.os)
 .note.GNU-stack
                0x0000000000000000        0x0 /home/ubuntu/Lab3_Devops/glibc-2.34/build/elf/rtld-libc.a(rtld-memset.os)
 .note.GNU-stack
                0x0000000000000000        0x0 /home/ubuntu/Lab3_Devops/glibc-2.34/build/elf/rtld-libc.a(rtld-stpcpy.os)
 .note.GNU-stack
                0x0000000000000000        0x0 /home/ubuntu/Lab3_Devops/glibc-2.34/build/elf/rtld-libc.a(rtld-rawmemchr.os)
 .note.GNU-stack
                0x0000000000000000        0x0 /home/ubuntu/Lab3_Devops/glibc-2.34/build/elf/rtld-libc.a(rtld-strchrnul.os)
 .note.GNU-stack
                0x0000000000000000        0x0 /home/ubuntu/Lab3_Devops/glibc-2.34/build/elf/rtld-libc.a(rtld-memcpy_generic.os)
 .note.GNU-stack
                0x0000000000000000        0x0 /home/ubuntu/Lab3_Devops/glibc-2.34/build/elf/rtld-libc.a(rtld-memchr_generic.os)
 .note.GNU-stack
                0x0000000000000000        0x0 /home/ubuntu/Lab3_Devops/glibc-2.34/build/elf/rtld-libc.a(rtld-strlen_mte.os)
 .note.GNU-stack
                0x0000000000000000        0x0 /home/ubuntu/Lab3_Devops/glibc-2.34/build/elf/rtld-libc.a(rtld-setitimer.os)
 .note.GNU-stack
                0x0000000000000000        0x0 /usr/lib/gcc/aarch64-linux-gnu/11/libgcc.a(cas_4_2.o)
 .note.GNU-stack
                0x0000000000000000        0x0 /usr/lib/gcc/aarch64-linux-gnu/11/libgcc.a(swp_4_2.o)
 .note.GNU-stack
                0x0000000000000000        0x0 /usr/lib/gcc/aarch64-linux-gnu/11/libgcc.a(swp_4_3.o)
 .note.GNU-stack
                0x0000000000000000        0x0 /usr/lib/gcc/aarch64-linux-gnu/11/libgcc.a(lse-init.o)
 .note.GNU-stack
                0x0000000000000000        0x0 /home/ubuntu/Lab3_Devops/glibc-2.34/build/elf/rtld-libc.a(rtld-getauxval.os)

.gnu.build.attributes
 *(.gnu.build.attributes)

.debug
 *(.debug)

.line
 *(.line)

.debug_srcinfo
 *(.debug_srcinfo)

.debug_sfnames
 *(.debug_sfnames)

.debug_aranges  0x0000000000000000     0x1300
 *(.debug_aranges)
 .debug_aranges
                0x0000000000000000      0x960 /home/ubuntu/Lab3_Devops/glibc-2.34/build/elf/dl-allobjs.os
 .debug_aranges
                0x0000000000000960       0x30 /home/ubuntu/Lab3_Devops/glibc-2.34/build/elf/rtld-libc.a(rtld-check_fds.os)
 .debug_aranges
                0x0000000000000990       0x20 /home/ubuntu/Lab3_Devops/glibc-2.34/build/elf/rtld-libc.a(rtld-errno.os)
 .debug_aranges
                0x00000000000009b0       0x30 /home/ubuntu/Lab3_Devops/glibc-2.34/build/elf/rtld-libc.a(rtld-closedir.os)
 .debug_aranges
                0x00000000000009e0       0x30 /home/ubuntu/Lab3_Devops/glibc-2.34/build/elf/rtld-libc.a(rtld-rewinddir.os)
 .debug_aranges
                0x0000000000000a10       0x30 /home/ubuntu/Lab3_Devops/glibc-2.34/build/elf/rtld-libc.a(rtld-readdir64.os)
 .debug_aranges
                0x0000000000000a40       0x30 /home/ubuntu/Lab3_Devops/glibc-2.34/build/elf/rtld-libc.a(rtld-fdopendir.os)
 .debug_aranges
                0x0000000000000a70       0x30 /home/ubuntu/Lab3_Devops/glibc-2.34/build/elf/rtld-libc.a(rtld-getdents64.os)
 .debug_aranges
                0x0000000000000aa0       0x30 /home/ubuntu/Lab3_Devops/glibc-2.34/build/elf/rtld-libc.a(rtld-dl-addr-obj.os)
 .debug_aranges
                0x0000000000000ad0       0x30 /home/ubuntu/Lab3_Devops/glibc-2.34/build/elf/rtld-libc.a(rtld-profil.os)
 .debug_aranges
                0x0000000000000b00       0x30 /home/ubuntu/Lab3_Devops/glibc-2.34/build/elf/rtld-libc.a(rtld-prof-freq.os)
 .debug_aranges
                0x0000000000000b30       0x30 /home/ubuntu/Lab3_Devops/glibc-2.34/build/elf/rtld-libc.a(rtld-stat64.os)
 .debug_aranges
                0x0000000000000b60       0x30 /home/ubuntu/Lab3_Devops/glibc-2.34/build/elf/rtld-libc.a(rtld-fstat64.os)
 .debug_aranges
                0x0000000000000b90       0x30 /home/ubuntu/Lab3_Devops/glibc-2.34/build/elf/rtld-libc.a(rtld-lstat64.os)
 .debug_aranges
                0x0000000000000bc0       0x30 /home/ubuntu/Lab3_Devops/glibc-2.34/build/elf/rtld-libc.a(rtld-fstatat64.os)
 .debug_aranges
                0x0000000000000bf0       0x30 /home/ubuntu/Lab3_Devops/glibc-2.34/build/elf/rtld-libc.a(rtld-openat64.os)
 .debug_aranges
                0x0000000000000c20       0x30 /home/ubuntu/Lab3_Devops/glibc-2.34/build/elf/rtld-libc.a(rtld-lseek64.os)
 .debug_aranges
                0x0000000000000c50       0x30 /home/ubuntu/Lab3_Devops/glibc-2.34/build/elf/rtld-libc.a(rtld-access.os)
 .debug_aranges
                0x0000000000000c80       0x30 /home/ubuntu/Lab3_Devops/glibc-2.34/build/elf/rtld-libc.a(rtld-close_nocancel.os)
 .debug_aranges
                0x0000000000000cb0       0x30 /home/ubuntu/Lab3_Devops/glibc-2.34/build/elf/rtld-libc.a(rtld-fcntl_nocancel.os)
 .debug_aranges
                0x0000000000000ce0       0x30 /home/ubuntu/Lab3_Devops/glibc-2.34/build/elf/rtld-libc.a(rtld-open64_nocancel.os)
 .debug_aranges
                0x0000000000000d10       0x30 /home/ubuntu/Lab3_Devops/glibc-2.34/build/elf/rtld-libc.a(rtld-read_nocancel.os)
 .debug_aranges
                0x0000000000000d40       0x30 /home/ubuntu/Lab3_Devops/glibc-2.34/build/elf/rtld-libc.a(rtld-pread64_nocancel.os)
 .debug_aranges
                0x0000000000000d70       0x30 /home/ubuntu/Lab3_Devops/glibc-2.34/build/elf/rtld-libc.a(rtld-write_nocancel.os)
 .debug_aranges
                0x0000000000000da0       0x30 /home/ubuntu/Lab3_Devops/glibc-2.34/build/elf/rtld-libc.a(rtld-scratch_buffer_set_array_size.os)
 .debug_aranges
                0x0000000000000dd0       0x30 /home/ubuntu/Lab3_Devops/glibc-2.34/build/elf/rtld-libc.a(rtld-mmap64.os)
 .debug_aranges
                0x0000000000000e00       0x30 /home/ubuntu/Lab3_Devops/glibc-2.34/build/elf/rtld-libc.a(rtld-munmap.os)
 .debug_aranges
                0x0000000000000e30       0x30 /home/ubuntu/Lab3_Devops/glibc-2.34/build/elf/rtld-libc.a(rtld-mprotect.os)
 .debug_aranges
                0x0000000000000e60       0x30 /home/ubuntu/Lab3_Devops/glibc-2.34/build/elf/rtld-libc.a(rtld-lowlevellock.os)
 .debug_aranges
                0x0000000000000e90       0x30 /home/ubuntu/Lab3_Devops/glibc-2.34/build/elf/rtld-libc.a(rtld-uname.os)
 .debug_aranges
                0x0000000000000ec0       0x30 /home/ubuntu/Lab3_Devops/glibc-2.34/build/elf/rtld-libc.a(rtld-_exit.os)
 .debug_aranges
                0x0000000000000ef0       0x30 /home/ubuntu/Lab3_Devops/glibc-2.34/build/elf/rtld-libc.a(rtld-getpid.os)
 .debug_aranges
                0x0000000000000f20       0x20 /home/ubuntu/Lab3_Devops/glibc-2.34/build/elf/rtld-libc.a(rtld-environ.os)
 .debug_aranges
                0x0000000000000f40       0x30 /home/ubuntu/Lab3_Devops/glibc-2.34/build/elf/rtld-libc.a(rtld-setjmp.os)
 .debug_aranges
                0x0000000000000f70       0x30 /home/ubuntu/Lab3_Devops/glibc-2.34/build/elf/rtld-libc.a(rtld-__longjmp.os)
 .debug_aranges
                0x0000000000000fa0       0x30 /home/ubuntu/Lab3_Devops/glibc-2.34/build/elf/rtld-libc.a(rtld-sigaction.os)
 .debug_aranges
                0x0000000000000fd0       0x30 /home/ubuntu/Lab3_Devops/glibc-2.34/build/elf/rtld-libc.a(rtld-libc_sigaction.os)
 .debug_aranges
                0x0000000000001000       0x30 /home/ubuntu/Lab3_Devops/glibc-2.34/build/elf/rtld-libc.a(rtld-strchr.os)
 .debug_aranges
                0x0000000000001030       0x30 /home/ubuntu/Lab3_Devops/glibc-2.34/build/elf/rtld-libc.a(rtld-strcmp.os)
 .debug_aranges
                0x0000000000001060       0x30 /home/ubuntu/Lab3_Devops/glibc-2.34/build/elf/rtld-libc.a(rtld-strcspn.os)
 .debug_aranges
                0x0000000000001090       0x30 /home/ubuntu/Lab3_Devops/glibc-2.34/build/elf/rtld-libc.a(rtld-strdup.os)
 .debug_aranges
                0x00000000000010c0       0x30 /home/ubuntu/Lab3_Devops/glibc-2.34/build/elf/rtld-libc.a(rtld-strnlen.os)
 .debug_aranges
                0x00000000000010f0       0x30 /home/ubuntu/Lab3_Devops/glibc-2.34/build/elf/rtld-libc.a(rtld-strncmp.os)
 .debug_aranges
                0x0000000000001120       0x30 /home/ubuntu/Lab3_Devops/glibc-2.34/build/elf/rtld-libc.a(rtld-memcmp.os)
 .debug_aranges
                0x0000000000001150       0x30 /home/ubuntu/Lab3_Devops/glibc-2.34/build/elf/rtld-libc.a(rtld-memset.os)
 .debug_aranges
                0x0000000000001180       0x30 /home/ubuntu/Lab3_Devops/glibc-2.34/build/elf/rtld-libc.a(rtld-stpcpy.os)
 .debug_aranges
                0x00000000000011b0       0x30 /home/ubuntu/Lab3_Devops/glibc-2.34/build/elf/rtld-libc.a(rtld-rawmemchr.os)
 .debug_aranges
                0x00000000000011e0       0x30 /home/ubuntu/Lab3_Devops/glibc-2.34/build/elf/rtld-libc.a(rtld-strchrnul.os)
 .debug_aranges
                0x0000000000001210       0x30 /home/ubuntu/Lab3_Devops/glibc-2.34/build/elf/rtld-libc.a(rtld-memcpy_generic.os)
 .debug_aranges
                0x0000000000001240       0x30 /home/ubuntu/Lab3_Devops/glibc-2.34/build/elf/rtld-libc.a(rtld-memchr_generic.os)
 .debug_aranges
                0x0000000000001270       0x30 /home/ubuntu/Lab3_Devops/glibc-2.34/build/elf/rtld-libc.a(rtld-strlen_mte.os)
 .debug_aranges
                0x00000000000012a0       0x30 /home/ubuntu/Lab3_Devops/glibc-2.34/build/elf/rtld-libc.a(rtld-setitimer.os)
 .debug_aranges
                0x00000000000012d0       0x30 /home/ubuntu/Lab3_Devops/glibc-2.34/build/elf/rtld-libc.a(rtld-getauxval.os)

.debug_pubnames
 *(.debug_pubnames)

.debug_info     0x0000000000000000    0x7c813
 *(.debug_info)
 .debug_info    0x0000000000000000    0x6d7b7 /home/ubuntu/Lab3_Devops/glibc-2.34/build/elf/dl-allobjs.os
 .debug_info    0x000000000006d7b7      0x7f8 /home/ubuntu/Lab3_Devops/glibc-2.34/build/elf/rtld-libc.a(rtld-check_fds.os)
 .debug_info    0x000000000006dfaf      0x3e9 /home/ubuntu/Lab3_Devops/glibc-2.34/build/elf/rtld-libc.a(rtld-errno.os)
 .debug_info    0x000000000006e398      0x58d /home/ubuntu/Lab3_Devops/glibc-2.34/build/elf/rtld-libc.a(rtld-closedir.os)
 .debug_info    0x000000000006e925      0x50b /home/ubuntu/Lab3_Devops/glibc-2.34/build/elf/rtld-libc.a(rtld-rewinddir.os)
 .debug_info    0x000000000006ee30      0x61d /home/ubuntu/Lab3_Devops/glibc-2.34/build/elf/rtld-libc.a(rtld-readdir64.os)
 .debug_info    0x000000000006f44d      0x769 /home/ubuntu/Lab3_Devops/glibc-2.34/build/elf/rtld-libc.a(rtld-fdopendir.os)
 .debug_info    0x000000000006fbb6      0x50a /home/ubuntu/Lab3_Devops/glibc-2.34/build/elf/rtld-libc.a(rtld-getdents64.os)
 .debug_info    0x00000000000700c0      0xd3d /home/ubuntu/Lab3_Devops/glibc-2.34/build/elf/rtld-libc.a(rtld-dl-addr-obj.os)
 .debug_info    0x0000000000070dfd      0x95e /home/ubuntu/Lab3_Devops/glibc-2.34/build/elf/rtld-libc.a(rtld-profil.os)
 .debug_info    0x000000000007175b     0x1a35 /home/ubuntu/Lab3_Devops/glibc-2.34/build/elf/rtld-libc.a(rtld-prof-freq.os)
 .debug_info    0x0000000000073190      0x2a5 /home/ubuntu/Lab3_Devops/glibc-2.34/build/elf/rtld-libc.a(rtld-stat64.os)
 .debug_info    0x0000000000073435      0x2b5 /home/ubuntu/Lab3_Devops/glibc-2.34/build/elf/rtld-libc.a(rtld-fstat64.os)
 .debug_info    0x00000000000736ea      0x2a7 /home/ubuntu/Lab3_Devops/glibc-2.34/build/elf/rtld-libc.a(rtld-lstat64.os)
 .debug_info    0x0000000000073991      0x7a5 /home/ubuntu/Lab3_Devops/glibc-2.34/build/elf/rtld-libc.a(rtld-fstatat64.os)
 .debug_info    0x0000000000074136      0x620 /home/ubuntu/Lab3_Devops/glibc-2.34/build/elf/rtld-libc.a(rtld-openat64.os)
 .debug_info    0x0000000000074756      0x500 /home/ubuntu/Lab3_Devops/glibc-2.34/build/elf/rtld-libc.a(rtld-lseek64.os)
 .debug_info    0x0000000000074c56      0x4c4 /home/ubuntu/Lab3_Devops/glibc-2.34/build/elf/rtld-libc.a(rtld-access.os)
 .debug_info    0x000000000007511a      0x490 /home/ubuntu/Lab3_Devops/glibc-2.34/build/elf/rtld-libc.a(rtld-close_nocancel.os)
 .debug_info    0x00000000000755aa      0x92e /home/ubuntu/Lab3_Devops/glibc-2.34/build/elf/rtld-libc.a(rtld-fcntl_nocancel.os)
 .debug_info    0x0000000000075ed8      0x57b /home/ubuntu/Lab3_Devops/glibc-2.34/build/elf/rtld-libc.a(rtld-open64_nocancel.os)
 .debug_info    0x0000000000076453      0x512 /home/ubuntu/Lab3_Devops/glibc-2.34/build/elf/rtld-libc.a(rtld-read_nocancel.os)
 .debug_info    0x0000000000076965      0x554 /home/ubuntu/Lab3_Devops/glibc-2.34/build/elf/rtld-libc.a(rtld-pread64_nocancel.os)
 .debug_info    0x0000000000076eb9      0x516 /home/ubuntu/Lab3_Devops/glibc-2.34/build/elf/rtld-libc.a(rtld-write_nocancel.os)
 .debug_info    0x00000000000773cf      0x3ca /home/ubuntu/Lab3_Devops/glibc-2.34/build/elf/rtld-libc.a(rtld-scratch_buffer_set_array_size.os)
 .debug_info    0x0000000000077799      0x66e /home/ubuntu/Lab3_Devops/glibc-2.34/build/elf/rtld-libc.a(rtld-mmap64.os)
 .debug_info    0x0000000000077e07       0x28 /home/ubuntu/Lab3_Devops/glibc-2.34/build/elf/rtld-libc.a(rtld-munmap.os)
 .debug_info    0x0000000000077e2f       0x28 /home/ubuntu/Lab3_Devops/glibc-2.34/build/elf/rtld-libc.a(rtld-mprotect.os)
 .debug_info    0x0000000000077e57      0xa01 /home/ubuntu/Lab3_Devops/glibc-2.34/build/elf/rtld-libc.a(rtld-lowlevellock.os)
 .debug_info    0x0000000000078858       0x28 /home/ubuntu/Lab3_Devops/glibc-2.34/build/elf/rtld-libc.a(rtld-uname.os)
 .debug_info    0x0000000000078880      0x4de /home/ubuntu/Lab3_Devops/glibc-2.34/build/elf/rtld-libc.a(rtld-_exit.os)
 .debug_info    0x0000000000078d5e       0x28 /home/ubuntu/Lab3_Devops/glibc-2.34/build/elf/rtld-libc.a(rtld-getpid.os)
 .debug_info    0x0000000000078d86       0xb2 /home/ubuntu/Lab3_Devops/glibc-2.34/build/elf/rtld-libc.a(rtld-environ.os)
 .debug_info    0x0000000000078e38       0x29 /home/ubuntu/Lab3_Devops/glibc-2.34/build/elf/rtld-libc.a(rtld-setjmp.os)
 .debug_info    0x0000000000078e61       0x28 /home/ubuntu/Lab3_Devops/glibc-2.34/build/elf/rtld-libc.a(rtld-__longjmp.os)
 .debug_info    0x0000000000078e89      0x9a8 /home/ubuntu/Lab3_Devops/glibc-2.34/build/elf/rtld-libc.a(rtld-sigaction.os)
 .debug_info    0x0000000000079831      0x95a /home/ubuntu/Lab3_Devops/glibc-2.34/build/elf/rtld-libc.a(rtld-libc_sigaction.os)
 .debug_info    0x000000000007a18b       0x29 /home/ubuntu/Lab3_Devops/glibc-2.34/build/elf/rtld-libc.a(rtld-strchr.os)
 .debug_info    0x000000000007a1b4       0x29 /home/ubuntu/Lab3_Devops/glibc-2.34/build/elf/rtld-libc.a(rtld-strcmp.os)
 .debug_info    0x000000000007a1dd      0x1f3 /home/ubuntu/Lab3_Devops/glibc-2.34/build/elf/rtld-libc.a(rtld-strcspn.os)
 .debug_info    0x000000000007a3d0      0x1e0 /home/ubuntu/Lab3_Devops/glibc-2.34/build/elf/rtld-libc.a(rtld-strdup.os)
 .debug_info    0x000000000007a5b0       0x29 /home/ubuntu/Lab3_Devops/glibc-2.34/build/elf/rtld-libc.a(rtld-strnlen.os)
 .debug_info    0x000000000007a5d9       0x29 /home/ubuntu/Lab3_Devops/glibc-2.34/build/elf/rtld-libc.a(rtld-strncmp.os)
 .debug_info    0x000000000007a602       0x29 /home/ubuntu/Lab3_Devops/glibc-2.34/build/elf/rtld-libc.a(rtld-memcmp.os)
 .debug_info    0x000000000007a62b       0x29 /home/ubuntu/Lab3_Devops/glibc-2.34/build/elf/rtld-libc.a(rtld-memset.os)
 .debug_info    0x000000000007a654       0x29 /home/ubuntu/Lab3_Devops/glibc-2.34/build/elf/rtld-libc.a(rtld-stpcpy.os)
 .debug_info    0x000000000007a67d       0x28 /home/ubuntu/Lab3_Devops/glibc-2.34/build/elf/rtld-libc.a(rtld-rawmemchr.os)
 .debug_info    0x000000000007a6a5       0x29 /home/ubuntu/Lab3_Devops/glibc-2.34/build/elf/rtld-libc.a(rtld-strchrnul.os)
 .debug_info    0x000000000007a6ce       0x29 /home/ubuntu/Lab3_Devops/glibc-2.34/build/elf/rtld-libc.a(rtld-memcpy_generic.os)
 .debug_info    0x000000000007a6f7       0x29 /home/ubuntu/Lab3_Devops/glibc-2.34/build/elf/rtld-libc.a(rtld-memchr_generic.os)
 .debug_info    0x000000000007a720       0x28 /home/ubuntu/Lab3_Devops/glibc-2.34/build/elf/rtld-libc.a(rtld-strlen_mte.os)
 .debug_info    0x000000000007a748      0x59e /home/ubuntu/Lab3_Devops/glibc-2.34/build/elf/rtld-libc.a(rtld-setitimer.os)
 .debug_info    0x000000000007ace6     0x1b2d /home/ubuntu/Lab3_Devops/glibc-2.34/build/elf/rtld-libc.a(rtld-getauxval.os)

.debug_abbrev   0x0000000000000000    0x10dda
 *(.debug_abbrev)
 .debug_abbrev  0x0000000000000000     0xd37d /home/ubuntu/Lab3_Devops/glibc-2.34/build/elf/dl-allobjs.os
 .debug_abbrev  0x000000000000d37d      0x20d /home/ubuntu/Lab3_Devops/glibc-2.34/build/elf/rtld-libc.a(rtld-check_fds.os)
 .debug_abbrev  0x000000000000d58a       0xef /home/ubuntu/Lab3_Devops/glibc-2.34/build/elf/rtld-libc.a(rtld-errno.os)
 .debug_abbrev  0x000000000000d679      0x20d /home/ubuntu/Lab3_Devops/glibc-2.34/build/elf/rtld-libc.a(rtld-closedir.os)
 .debug_abbrev  0x000000000000d886      0x182 /home/ubuntu/Lab3_Devops/glibc-2.34/build/elf/rtld-libc.a(rtld-rewinddir.os)
 .debug_abbrev  0x000000000000da08      0x1e1 /home/ubuntu/Lab3_Devops/glibc-2.34/build/elf/rtld-libc.a(rtld-readdir64.os)
 .debug_abbrev  0x000000000000dbe9      0x1e6 /home/ubuntu/Lab3_Devops/glibc-2.34/build/elf/rtld-libc.a(rtld-fdopendir.os)
 .debug_abbrev  0x000000000000ddcf      0x16b /home/ubuntu/Lab3_Devops/glibc-2.34/build/elf/rtld-libc.a(rtld-getdents64.os)
 .debug_abbrev  0x000000000000df3a      0x218 /home/ubuntu/Lab3_Devops/glibc-2.34/build/elf/rtld-libc.a(rtld-dl-addr-obj.os)
 .debug_abbrev  0x000000000000e152      0x31d /home/ubuntu/Lab3_Devops/glibc-2.34/build/elf/rtld-libc.a(rtld-profil.os)
 .debug_abbrev  0x000000000000e46f      0x24f /home/ubuntu/Lab3_Devops/glibc-2.34/build/elf/rtld-libc.a(rtld-prof-freq.os)
 .debug_abbrev  0x000000000000e6be       0xfa /home/ubuntu/Lab3_Devops/glibc-2.34/build/elf/rtld-libc.a(rtld-stat64.os)
 .debug_abbrev  0x000000000000e7b8       0xfb /home/ubuntu/Lab3_Devops/glibc-2.34/build/elf/rtld-libc.a(rtld-fstat64.os)
 .debug_abbrev  0x000000000000e8b3       0xfa /home/ubuntu/Lab3_Devops/glibc-2.34/build/elf/rtld-libc.a(rtld-lstat64.os)
 .debug_abbrev  0x000000000000e9ad      0x1ef /home/ubuntu/Lab3_Devops/glibc-2.34/build/elf/rtld-libc.a(rtld-fstatat64.os)
 .debug_abbrev  0x000000000000eb9c      0x1b2 /home/ubuntu/Lab3_Devops/glibc-2.34/build/elf/rtld-libc.a(rtld-openat64.os)
 .debug_abbrev  0x000000000000ed4e      0x164 /home/ubuntu/Lab3_Devops/glibc-2.34/build/elf/rtld-libc.a(rtld-lseek64.os)
 .debug_abbrev  0x000000000000eeb2      0x158 /home/ubuntu/Lab3_Devops/glibc-2.34/build/elf/rtld-libc.a(rtld-access.os)
 .debug_abbrev  0x000000000000f00a      0x150 /home/ubuntu/Lab3_Devops/glibc-2.34/build/elf/rtld-libc.a(rtld-close_nocancel.os)
 .debug_abbrev  0x000000000000f15a      0x24d /home/ubuntu/Lab3_Devops/glibc-2.34/build/elf/rtld-libc.a(rtld-fcntl_nocancel.os)
 .debug_abbrev  0x000000000000f3a7      0x185 /home/ubuntu/Lab3_Devops/glibc-2.34/build/elf/rtld-libc.a(rtld-open64_nocancel.os)
 .debug_abbrev  0x000000000000f52c      0x16d /home/ubuntu/Lab3_Devops/glibc-2.34/build/elf/rtld-libc.a(rtld-read_nocancel.os)
 .debug_abbrev  0x000000000000f699      0x17e /home/ubuntu/Lab3_Devops/glibc-2.34/build/elf/rtld-libc.a(rtld-pread64_nocancel.os)
 .debug_abbrev  0x000000000000f817      0x16b /home/ubuntu/Lab3_Devops/glibc-2.34/build/elf/rtld-libc.a(rtld-write_nocancel.os)
 .debug_abbrev  0x000000000000f982      0x236 /home/ubuntu/Lab3_Devops/glibc-2.34/build/elf/rtld-libc.a(rtld-scratch_buffer_set_array_size.os)
 .debug_abbrev  0x000000000000fbb8      0x1ae /home/ubuntu/Lab3_Devops/glibc-2.34/build/elf/rtld-libc.a(rtld-mmap64.os)
 .debug_abbrev  0x000000000000fd66       0x14 /home/ubuntu/Lab3_Devops/glibc-2.34/build/elf/rtld-libc.a(rtld-munmap.os)
 .debug_abbrev  0x000000000000fd7a       0x14 /home/ubuntu/Lab3_Devops/glibc-2.34/build/elf/rtld-libc.a(rtld-mprotect.os)
 .debug_abbrev  0x000000000000fd8e      0x279 /home/ubuntu/Lab3_Devops/glibc-2.34/build/elf/rtld-libc.a(rtld-lowlevellock.os)
 .debug_abbrev  0x0000000000010007       0x14 /home/ubuntu/Lab3_Devops/glibc-2.34/build/elf/rtld-libc.a(rtld-uname.os)
 .debug_abbrev  0x000000000001001b      0x14f /home/ubuntu/Lab3_Devops/glibc-2.34/build/elf/rtld-libc.a(rtld-_exit.os)
 .debug_abbrev  0x000000000001016a       0x14 /home/ubuntu/Lab3_Devops/glibc-2.34/build/elf/rtld-libc.a(rtld-getpid.os)
 .debug_abbrev  0x000000000001017e       0x72 /home/ubuntu/Lab3_Devops/glibc-2.34/build/elf/rtld-libc.a(rtld-environ.os)
 .debug_abbrev  0x00000000000101f0       0x14 /home/ubuntu/Lab3_Devops/glibc-2.34/build/elf/rtld-libc.a(rtld-setjmp.os)
 .debug_abbrev  0x0000000000010204       0x14 /home/ubuntu/Lab3_Devops/glibc-2.34/build/elf/rtld-libc.a(rtld-__longjmp.os)
 .debug_abbrev  0x0000000000010218      0x1fc /home/ubuntu/Lab3_Devops/glibc-2.34/build/elf/rtld-libc.a(rtld-sigaction.os)
 .debug_abbrev  0x0000000000010414      0x1d6 /home/ubuntu/Lab3_Devops/glibc-2.34/build/elf/rtld-libc.a(rtld-libc_sigaction.os)
 .debug_abbrev  0x00000000000105ea       0x14 /home/ubuntu/Lab3_Devops/glibc-2.34/build/elf/rtld-libc.a(rtld-strchr.os)
 .debug_abbrev  0x00000000000105fe       0x14 /home/ubuntu/Lab3_Devops/glibc-2.34/build/elf/rtld-libc.a(rtld-strcmp.os)
 .debug_abbrev  0x0000000000010612      0x113 /home/ubuntu/Lab3_Devops/glibc-2.34/build/elf/rtld-libc.a(rtld-strcspn.os)
 .debug_abbrev  0x0000000000010725      0x15a /home/ubuntu/Lab3_Devops/glibc-2.34/build/elf/rtld-libc.a(rtld-strdup.os)
 .debug_abbrev  0x000000000001087f       0x14 /home/ubuntu/Lab3_Devops/glibc-2.34/build/elf/rtld-libc.a(rtld-strnlen.os)
 .debug_abbrev  0x0000000000010893       0x14 /home/ubuntu/Lab3_Devops/glibc-2.34/build/elf/rtld-libc.a(rtld-strncmp.os)
 .debug_abbrev  0x00000000000108a7       0x14 /home/ubuntu/Lab3_Devops/glibc-2.34/build/elf/rtld-libc.a(rtld-memcmp.os)
 .debug_abbrev  0x00000000000108bb       0x14 /home/ubuntu/Lab3_Devops/glibc-2.34/build/elf/rtld-libc.a(rtld-memset.os)
 .debug_abbrev  0x00000000000108cf       0x14 /home/ubuntu/Lab3_Devops/glibc-2.34/build/elf/rtld-libc.a(rtld-stpcpy.os)
 .debug_abbrev  0x00000000000108e3       0x14 /home/ubuntu/Lab3_Devops/glibc-2.34/build/elf/rtld-libc.a(rtld-rawmemchr.os)
 .debug_abbrev  0x00000000000108f7       0x14 /home/ubuntu/Lab3_Devops/glibc-2.34/build/elf/rtld-libc.a(rtld-strchrnul.os)
 .debug_abbrev  0x000000000001090b       0x14 /home/ubuntu/Lab3_Devops/glibc-2.34/build/elf/rtld-libc.a(rtld-memcpy_generic.os)
 .debug_abbrev  0x000000000001091f       0x14 /home/ubuntu/Lab3_Devops/glibc-2.34/build/elf/rtld-libc.a(rtld-memchr_generic.os)
 .debug_abbrev  0x0000000000010933       0x14 /home/ubuntu/Lab3_Devops/glibc-2.34/build/elf/rtld-libc.a(rtld-strlen_mte.os)
 .debug_abbrev  0x0000000000010947      0x16f /home/ubuntu/Lab3_Devops/glibc-2.34/build/elf/rtld-libc.a(rtld-setitimer.os)
 .debug_abbrev  0x0000000000010ab6      0x324 /home/ubuntu/Lab3_Devops/glibc-2.34/build/elf/rtld-libc.a(rtld-getauxval.os)

.debug_line     0x0000000000000000    0x1b8ad
 *(.debug_line)
 .debug_line    0x0000000000000000    0x18af6 /home/ubuntu/Lab3_Devops/glibc-2.34/build/elf/dl-allobjs.os
 .debug_line    0x0000000000018af6      0x13e /home/ubuntu/Lab3_Devops/glibc-2.34/build/elf/rtld-libc.a(rtld-check_fds.os)
 .debug_line    0x0000000000018c34       0x68 /home/ubuntu/Lab3_Devops/glibc-2.34/build/elf/rtld-libc.a(rtld-errno.os)
 .debug_line    0x0000000000018c9c      0x114 /home/ubuntu/Lab3_Devops/glibc-2.34/build/elf/rtld-libc.a(rtld-closedir.os)
 .debug_line    0x0000000000018db0       0xd5 /home/ubuntu/Lab3_Devops/glibc-2.34/build/elf/rtld-libc.a(rtld-rewinddir.os)
 .debug_line    0x0000000000018e85      0x182 /home/ubuntu/Lab3_Devops/glibc-2.34/build/elf/rtld-libc.a(rtld-readdir64.os)
 .debug_line    0x0000000000019007      0x146 /home/ubuntu/Lab3_Devops/glibc-2.34/build/elf/rtld-libc.a(rtld-fdopendir.os)
 .debug_line    0x000000000001914d       0xd7 /home/ubuntu/Lab3_Devops/glibc-2.34/build/elf/rtld-libc.a(rtld-getdents64.os)
 .debug_line    0x0000000000019224      0x100 /home/ubuntu/Lab3_Devops/glibc-2.34/build/elf/rtld-libc.a(rtld-dl-addr-obj.os)
 .debug_line    0x0000000000019324      0x21b /home/ubuntu/Lab3_Devops/glibc-2.34/build/elf/rtld-libc.a(rtld-profil.os)
 .debug_line    0x000000000001953f      0x11a /home/ubuntu/Lab3_Devops/glibc-2.34/build/elf/rtld-libc.a(rtld-prof-freq.os)
 .debug_line    0x0000000000019659       0x7b /home/ubuntu/Lab3_Devops/glibc-2.34/build/elf/rtld-libc.a(rtld-stat64.os)
 .debug_line    0x00000000000196d4       0x9c /home/ubuntu/Lab3_Devops/glibc-2.34/build/elf/rtld-libc.a(rtld-fstat64.os)
 .debug_line    0x0000000000019770       0x7b /home/ubuntu/Lab3_Devops/glibc-2.34/build/elf/rtld-libc.a(rtld-lstat64.os)
 .debug_line    0x00000000000197eb       0xf9 /home/ubuntu/Lab3_Devops/glibc-2.34/build/elf/rtld-libc.a(rtld-fstatat64.os)
 .debug_line    0x00000000000198e4      0x17f /home/ubuntu/Lab3_Devops/glibc-2.34/build/elf/rtld-libc.a(rtld-openat64.os)
 .debug_line    0x0000000000019a63       0xcd /home/ubuntu/Lab3_Devops/glibc-2.34/build/elf/rtld-libc.a(rtld-lseek64.os)
 .debug_line    0x0000000000019b30       0xce /home/ubuntu/Lab3_Devops/glibc-2.34/build/elf/rtld-libc.a(rtld-access.os)
 .debug_line    0x0000000000019bfe       0xb6 /home/ubuntu/Lab3_Devops/glibc-2.34/build/elf/rtld-libc.a(rtld-close_nocancel.os)
 .debug_line    0x0000000000019cb4      0x1e4 /home/ubuntu/Lab3_Devops/glibc-2.34/build/elf/rtld-libc.a(rtld-fcntl_nocancel.os)
 .debug_line    0x0000000000019e98      0x117 /home/ubuntu/Lab3_Devops/glibc-2.34/build/elf/rtld-libc.a(rtld-open64_nocancel.os)
 .debug_line    0x0000000000019faf       0xd6 /home/ubuntu/Lab3_Devops/glibc-2.34/build/elf/rtld-libc.a(rtld-read_nocancel.os)
 .debug_line    0x000000000001a085       0xd8 /home/ubuntu/Lab3_Devops/glibc-2.34/build/elf/rtld-libc.a(rtld-pread64_nocancel.os)
 .debug_line    0x000000000001a15d       0xd6 /home/ubuntu/Lab3_Devops/glibc-2.34/build/elf/rtld-libc.a(rtld-write_nocancel.os)
 .debug_line    0x000000000001a233      0x183 /home/ubuntu/Lab3_Devops/glibc-2.34/build/elf/rtld-libc.a(rtld-scratch_buffer_set_array_size.os)
 .debug_line    0x000000000001a3b6       0xf0 /home/ubuntu/Lab3_Devops/glibc-2.34/build/elf/rtld-libc.a(rtld-mmap64.os)
 .debug_line    0x000000000001a4a6       0x50 /home/ubuntu/Lab3_Devops/glibc-2.34/build/elf/rtld-libc.a(rtld-munmap.os)
 .debug_line    0x000000000001a4f6       0x50 /home/ubuntu/Lab3_Devops/glibc-2.34/build/elf/rtld-libc.a(rtld-mprotect.os)
 .debug_line    0x000000000001a546      0x1c8 /home/ubuntu/Lab3_Devops/glibc-2.34/build/elf/rtld-libc.a(rtld-lowlevellock.os)
 .debug_line    0x000000000001a70e       0x50 /home/ubuntu/Lab3_Devops/glibc-2.34/build/elf/rtld-libc.a(rtld-uname.os)
 .debug_line    0x000000000001a75e      0x156 /home/ubuntu/Lab3_Devops/glibc-2.34/build/elf/rtld-libc.a(rtld-_exit.os)
 .debug_line    0x000000000001a8b4       0x4f /home/ubuntu/Lab3_Devops/glibc-2.34/build/elf/rtld-libc.a(rtld-getpid.os)
 .debug_line    0x000000000001a903       0x3f /home/ubuntu/Lab3_Devops/glibc-2.34/build/elf/rtld-libc.a(rtld-environ.os)
 .debug_line    0x000000000001a942       0x63 /home/ubuntu/Lab3_Devops/glibc-2.34/build/elf/rtld-libc.a(rtld-setjmp.os)
 .debug_line    0x000000000001a9a5       0x63 /home/ubuntu/Lab3_Devops/glibc-2.34/build/elf/rtld-libc.a(rtld-__longjmp.os)
 .debug_line    0x000000000001aa08       0xea /home/ubuntu/Lab3_Devops/glibc-2.34/build/elf/rtld-libc.a(rtld-sigaction.os)
 .debug_line    0x000000000001aaf2      0x1e6 /home/ubuntu/Lab3_Devops/glibc-2.34/build/elf/rtld-libc.a(rtld-libc_sigaction.os)
 .debug_line    0x000000000001acd8       0x73 /home/ubuntu/Lab3_Devops/glibc-2.34/build/elf/rtld-libc.a(rtld-strchr.os)
 .debug_line    0x000000000001ad4b       0x95 /home/ubuntu/Lab3_Devops/glibc-2.34/build/elf/rtld-libc.a(rtld-strcmp.os)
 .debug_line    0x000000000001ade0      0x198 /home/ubuntu/Lab3_Devops/glibc-2.34/build/elf/rtld-libc.a(rtld-strcspn.os)
 .debug_line    0x000000000001af78       0xb0 /home/ubuntu/Lab3_Devops/glibc-2.34/build/elf/rtld-libc.a(rtld-strdup.os)
 .debug_line    0x000000000001b028       0x7d /home/ubuntu/Lab3_Devops/glibc-2.34/build/elf/rtld-libc.a(rtld-strnlen.os)
 .debug_line    0x000000000001b0a5       0xc2 /home/ubuntu/Lab3_Devops/glibc-2.34/build/elf/rtld-libc.a(rtld-strncmp.os)
 .debug_line    0x000000000001b167       0xa8 /home/ubuntu/Lab3_Devops/glibc-2.34/build/elf/rtld-libc.a(rtld-memcmp.os)
 .debug_line    0x000000000001b20f       0xc2 /home/ubuntu/Lab3_Devops/glibc-2.34/build/elf/rtld-libc.a(rtld-memset.os)
 .debug_line    0x000000000001b2d1       0x99 /home/ubuntu/Lab3_Devops/glibc-2.34/build/elf/rtld-libc.a(rtld-stpcpy.os)
 .debug_line    0x000000000001b36a       0x55 /home/ubuntu/Lab3_Devops/glibc-2.34/build/elf/rtld-libc.a(rtld-rawmemchr.os)
 .debug_line    0x000000000001b3bf       0x6b /home/ubuntu/Lab3_Devops/glibc-2.34/build/elf/rtld-libc.a(rtld-strchrnul.os)
 .debug_line    0x000000000001b42a       0xe2 /home/ubuntu/Lab3_Devops/glibc-2.34/build/elf/rtld-libc.a(rtld-memcpy_generic.os)
 .debug_line    0x000000000001b50c       0x7f /home/ubuntu/Lab3_Devops/glibc-2.34/build/elf/rtld-libc.a(rtld-memchr_generic.os)
 .debug_line    0x000000000001b58b       0x69 /home/ubuntu/Lab3_Devops/glibc-2.34/build/elf/rtld-libc.a(rtld-strlen_mte.os)