Archive member included to satisfy reference by file (symbol)

/home/ubuntu/Lab3_Devops/glibc-2.34/build/libc_pic.a(check_fds.os)
                              /home/ubuntu/Lab3_Devops/glibc-2.34/build/elf/dl-allobjs.os (__libc_check_standard_fds)
/home/ubuntu/Lab3_Devops/glibc-2.34/build/libc_pic.a(errno.os)
                              /home/ubuntu/Lab3_Devops/glibc-2.34/build/libc_pic.a(check_fds.os) (__libc_errno)
/home/ubuntu/Lab3_Devops/glibc-2.34/build/libc_pic.a(setjmp.os)
                              /home/ubuntu/Lab3_Devops/glibc-2.34/build/elf/dl-allobjs.os (__sigsetjmp)
/home/ubuntu/Lab3_Devops/glibc-2.34/build/libc_pic.a(__longjmp.os)
                              /home/ubuntu/Lab3_Devops/glibc-2.34/build/elf/dl-allobjs.os (__longjmp)
/home/ubuntu/Lab3_Devops/glibc-2.34/build/libc_pic.a(lowlevellock.os)
                              /home/ubuntu/Lab3_Devops/glibc-2.34/build/elf/dl-allobjs.os (__lll_lock_wait_private)
/home/ubuntu/Lab3_Devops/glibc-2.34/build/libc_pic.a(scratch_buffer_set_array_size.os)
                              /home/ubuntu/Lab3_Devops/glibc-2.34/build/elf/dl-allobjs.os (__libc_scratch_buffer_set_array_size)
/home/ubuntu/Lab3_Devops/glibc-2.34/build/libc_pic.a(strchr.os)
                              /home/ubuntu/Lab3_Devops/glibc-2.34/build/elf/dl-allobjs.os (strchr)
/home/ubuntu/Lab3_Devops/glibc-2.34/build/libc_pic.a(strcmp.os)
                              /home/ubuntu/Lab3_Devops/glibc-2.34/build/elf/dl-allobjs.os (strcmp)
/home/ubuntu/Lab3_Devops/glibc-2.34/build/libc_pic.a(strcspn.os)
                              /home/ubuntu/Lab3_Devops/glibc-2.34/build/elf/dl-allobjs.os (strcspn)
/home/ubuntu/Lab3_Devops/glibc-2.34/build/libc_pic.a(strdup.os)
                              /home/ubuntu/Lab3_Devops/glibc-2.34/build/elf/dl-allobjs.os (__strdup)
/home/ubuntu/Lab3_Devops/glibc-2.34/build/libc_pic.a(strlen.os)
                              /home/ubuntu/Lab3_Devops/glibc-2.34/build/elf/dl-allobjs.os (strlen)
/home/ubuntu/Lab3_Devops/glibc-2.34/build/libc_pic.a(strnlen.os)
                              /home/ubuntu/Lab3_Devops/glibc-2.34/build/elf/dl-allobjs.os (strnlen)
/home/ubuntu/Lab3_Devops/glibc-2.34/build/libc_pic.a(strncmp.os)
                              /home/ubuntu/Lab3_Devops/glibc-2.34/build/elf/dl-allobjs.os (strncmp)
/home/ubuntu/Lab3_Devops/glibc-2.34/build/libc_pic.a(memchr.os)
                              /home/ubuntu/Lab3_Devops/glibc-2.34/build/elf/dl-allobjs.os (memchr)
/home/ubuntu/Lab3_Devops/glibc-2.34/build/libc_pic.a(memcmp.os)
                              /home/ubuntu/Lab3_Devops/glibc-2.34/build/elf/dl-allobjs.os (memcmp)
/home/ubuntu/Lab3_Devops/glibc-2.34/build/libc_pic.a(memmove.os)
                              /home/ubuntu/Lab3_Devops/glibc-2.34/build/elf/dl-allobjs.os (memmove)
/home/ubuntu/Lab3_Devops/glibc-2.34/build/libc_pic.a(memset.os)
                              /home/ubuntu/Lab3_Devops/glibc-2.34/build/elf/dl-allobjs.os (memset)
/home/ubuntu/Lab3_Devops/glibc-2.34/build/libc_pic.a(stpcpy.os)
                              /home/ubuntu/Lab3_Devops/glibc-2.34/build/elf/dl-allobjs.os (__stpcpy)
/home/ubuntu/Lab3_Devops/glibc-2.34/build/libc_pic.a(memcpy.os)
                              /home/ubuntu/Lab3_Devops/glibc-2.34/build/elf/dl-allobjs.os (memcpy)
/home/ubuntu/Lab3_Devops/glibc-2.34/build/libc_pic.a(rawmemchr.os)
                              /home/ubuntu/Lab3_Devops/glibc-2.34/build/elf/dl-allobjs.os (rawmemchr)
/home/ubuntu/Lab3_Devops/glibc-2.34/build/libc_pic.a(strchrnul.os)
                              /home/ubuntu/Lab3_Devops/glibc-2.34/build/libc_pic.a(strcspn.os) (__strchrnul)
/home/ubuntu/Lab3_Devops/glibc-2.34/build/libc_pic.a(memcpy_generic.os)
                              /home/ubuntu/Lab3_Devops/glibc-2.34/build/libc_pic.a(check_fds.os) (__GI_memcpy)
/home/ubuntu/Lab3_Devops/glibc-2.34/build/libc_pic.a(memcpy_advsimd.os)
                              /home/ubuntu/Lab3_Devops/glibc-2.34/build/libc_pic.a(memcpy.os) (__memcpy_simd)
/home/ubuntu/Lab3_Devops/glibc-2.34/build/libc_pic.a(memcpy_thunderx.os)
                              /home/ubuntu/Lab3_Devops/glibc-2.34/build/libc_pic.a(memmove.os) (__memmove_thunderx)
/home/ubuntu/Lab3_Devops/glibc-2.34/build/libc_pic.a(memcpy_thunderx2.os)
                              /home/ubuntu/Lab3_Devops/glibc-2.34/build/libc_pic.a(memmove.os) (__memmove_thunderx2)
/home/ubuntu/Lab3_Devops/glibc-2.34/build/libc_pic.a(memcpy_falkor.os)
                              /home/ubuntu/Lab3_Devops/glibc-2.34/build/libc_pic.a(memcpy.os) (__memcpy_falkor)
/home/ubuntu/Lab3_Devops/glibc-2.34/build/libc_pic.a(memcpy_a64fx.os)
                              /home/ubuntu/Lab3_Devops/glibc-2.34/build/libc_pic.a(memcpy.os) (__memcpy_a64fx)
/home/ubuntu/Lab3_Devops/glibc-2.34/build/libc_pic.a(memset_generic.os)
                              /home/ubuntu/Lab3_Devops/glibc-2.34/build/libc_pic.a(check_fds.os) (__GI_memset)
[...]
Memory Configuration

Name             Origin             Length             Attributes
*default*        0x0000000000000000 0xffffffffffffffff

Linker script and memory map

LOAD /home/ubuntu/Lab3_Devops/glibc-2.34/build/elf/librtld.mapT.o
START GROUP
LOAD /home/ubuntu/Lab3_Devops/glibc-2.34/build/elf/dl-allobjs.os
LOAD /home/ubuntu/Lab3_Devops/glibc-2.34/build/libc_pic.a
LOAD /usr/lib/gcc/aarch64-linux-gnu/11/libgcc.a
END GROUP

.interp
 *(.interp)

.note.gnu.build-id
 *(.note.gnu.build-id)

.hash
 *(.hash)

.gnu.hash
 *(.gnu.hash)

.dynsym
 *(.dynsym)

.dynstr
 *(.dynstr)

.gnu.version
 *(.gnu.version)

.gnu.version_d
 *(.gnu.version_d)

.gnu.version_r
 *(.gnu.version_r)

.rela.init
 *(.rela.init)

.rela.text
 *(.rela.text)

.rela.fini
 *(.rela.fini)

.rela.rodata
 *(.rela.rodata)

.rela.data.rel.ro
 *(.rela.data.rel.ro)

.rela.data
 *(.rela.data)

.rela.tdata
 *(.rela.tdata)

.rela.tbss
 *(.rela.tbss)

.rela.ctors
 *(.rela.ctors)

.rela.dtors
 *(.rela.dtors)

.rela.got
 *(.rela.got)

.rela.bss
 *(.rela.bss)

.rela.ifunc
 *(.rela.ifunc)

.rela.plt
 *(.rela.plt)

.init
 *(SORT_NONE(.init))

.plt
 *(.plt)

.text           0x0000000000000000    0x1dccc
 *(.text .stub)
 .text          0x0000000000000000        0x0 /home/ubuntu/Lab3_Devops/glibc-2.34/build/elf/librtld.mapT.o
                0x0000000000000000                __stack_chk_fail_local
                0x0000000000000000                malloc
                0x0000000000000000                __stack_chk_fail
                0x0000000000000000                calloc
                0x0000000000000000                __GI___pthread_enable_asynccancel
                0x0000000000000000                realloc
                0x0000000000000000                __GI___pthread_disable_asynccancel
                0x0000000000000000                __pthread_enable_asynccancel
                0x0000000000000000                __pthread_disable_asynccancel
                0x0000000000000000                free
 .text          0x0000000000000000    0x19440 /home/ubuntu/Lab3_Devops/glibc-2.34/build/elf/dl-allobjs.os
                0x0000000000000000                _start
                0x0000000000000010                _dl_start_user
                0x0000000000001260                handle_preload_list
                0x0000000000005a80                _dl_dst_count
                0x0000000000005b40                _dl_dst_substitute
                0x0000000000006270                _dl_init_paths
                0x00000000000065a0                _dl_process_pt_gnu_property
                0x0000000000007940                _dl_map_object
                0x0000000000008320                _dl_rtld_di_serinfo
                0x00000000000091b0                _dl_lookup_symbol_x
                0x000000000000a0d4                _dl_setup_hash
                0x000000000000a180                _dl_add_to_namespace_list
                0x000000000000a230                _dl_new_object
                0x000000000000a5b0                _dl_try_allocate_static_tls
                0x000000000000a6c0                _dl_allocate_static_tls
                0x000000000000a710                _dl_protect_relro
                0x000000000000a790                _dl_reloc_bad_type
                0x000000000000a860                _dl_relocate_object
                0x000000000000bd80                _dl_map_object_deps
                0x000000000000cbb0                _dl_fixup
                0x000000000000cdb0                _dl_profile_fixup
                0x000000000000d400                _dl_call_pltexit
                0x000000000000d6c0                _dl_init
                0x000000000000d800                _dl_fini
                0x000000000000dc10                _dl_debug_state
                0x000000000000dc10                __GI__dl_debug_state
                0x000000000000dc14                _dl_debug_initialize
                0x000000000000e320                _dl_sysdep_read_whole_file
                0x000000000000e3c0                _dl_debug_printf
                0x000000000000e444                _dl_debug_printf_c
                0x000000000000e4d0                _dl_dprintf
                0x000000000000e550                _dl_printf
                0x000000000000e5d0                _dl_error_printf
                0x000000000000e650                _dl_fatal_printf
                0x000000000000e650                __GI__dl_fatal_printf
                0x000000000000e6d0                _dl_name_match_p
                0x000000000000e740                _dl_higher_prime_number
                0x000000000000e790                _dl_strtoul
                0x000000000000e8e0                _dl_check_map_versions
                0x000000000000efb0                _dl_check_all_versions
                0x000000000000f040                _dl_start_profile
                0x000000000000f720                __GI__dl_mcount
                0x000000000000f720                _dl_mcount
                0x000000000000fe30                _dl_tls_static_surplus_init
                0x000000000000fed4                _dl_assign_tls_modid
                0x0000000000010010                _dl_count_modids
                0x0000000000010070                _dl_determine_tlsoffset
                0x0000000000010210                _dl_get_tls_static_info
                0x0000000000010230                _dl_allocate_tls_storage
                0x00000000000102f4                __GI__dl_allocate_tls_init
                0x00000000000102f4                _dl_allocate_tls_init
                0x0000000000010530                __GI__dl_allocate_tls
                0x0000000000010530                _dl_allocate_tls
                0x0000000000010554                _dl_deallocate_tls
                0x0000000000010554                __GI__dl_deallocate_tls
                0x0000000000010604                _dl_update_slotinfo
                0x0000000000010880                __GI___tls_get_addr
                0x0000000000010880                __tls_get_addr
                0x00000000000108d0                _dl_tls_get_addr_soft
                0x0000000000010960                _dl_add_to_slotinfo
                0x0000000000010a80                _dl_init_static_tls
                0x0000000000010bc0                _dl_get_origin
                0x0000000000010d80                _dl_scope_free
                0x0000000000010ea0                _dl_make_stacks_executable
                0x0000000000011040                __GI___nptl_change_stack_perm
                0x0000000000011040                __nptl_change_stack_perm
                0x00000000000113c0                __GI__dl_find_dso_for_object
                0x00000000000113c0                _dl_find_dso_for_object
                0x00000000000114a4                _dl_open
                0x0000000000011780                _dl_show_scope
                0x00000000000123f0                _dl_close_worker
                0x0000000000013340                _dl_close
                0x00000000000133c4                _dl_runtime_resolve
                0x000000000001343c                _dl_runtime_profile
                0x0000000000013584                _dl_error_free
                0x00000000000135b0                _dl_exception_create
                0x00000000000135b0                __GI__dl_exception_create
                0x00000000000136b0                __GI__dl_exception_create_format
                0x00000000000136b0                _dl_exception_create_format
                0x0000000000013ab4                _dl_exception_free
                0x0000000000013ab4                __GI__dl_exception_free
                0x0000000000013af0                _dl_sort_maps
                0x0000000000013e70                _dl_lookup_direct
                0x0000000000014000                _dl_call_libc_early_init
                0x00000000000140a0                _dl_write
                0x00000000000140b0                __thread_gscope_wait
                0x00000000000142c0                __tls_pre_init_tp
                0x0000000000014310                __tls_init_tp
                0x00000000000143b0                _dl_cache_libcmp
                0x0000000000014aa0                _dl_load_cache_lookup
                0x0000000000014e10                _dl_unload_cache
                0x0000000000014f40                __GI___tunable_set_val
                0x0000000000014f60                __GI___tunables_init
                0x00000000000154b0                __GI___tunables_print
                0x00000000000155b0                __tunable_get_val
                0x00000000000155b0                __GI___tunable_get_val
                0x0000000000015670                _dl_bti_protect
                0x0000000000015790                _dl_bti_check
                0x0000000000015800                _dl_make_tlsdesc_dynamic
                0x0000000000015a80                _dl_unmap
                0x0000000000015b20                _dl_tlsdesc_return
                0x0000000000015b2c                _dl_tlsdesc_undefweak
                0x0000000000015b48                _dl_tlsdesc_dynamic
                0x0000000000015c70                _dl_sysdep_start
                0x0000000000016060                _dl_sysdep_start_cleanup
                0x0000000000016064                _dl_show_auxv
                0x00000000000161c4                _dl_discover_osversion
                0x00000000000163c0                _dl_next_ld_env_entry
                0x0000000000016410                unsetenv
                0x0000000000016640                __rtld_malloc_init_stubs
                0x0000000000016680                __sigjmp_save
                0x0000000000016690                __strerror_r
                0x0000000000016780                __GI___libc_fatal
                0x0000000000016780                __libc_fatal
                0x00000000000167a0                __GI___chk_fail
                0x00000000000167a0                __chk_fail
                0x00000000000167b0                __GI___assert_fail
                0x00000000000167b0                __assert_fail
                0x0000000000016880                __rtld_malloc_is_complete
                0x0000000000016b04                __rtld_malloc_init_real
                0x0000000000016c00                __GI___assert_perror_fail
                0x0000000000016c00                __assert_perror_fail
                0x0000000000016c64                _itoa
                0x0000000000016cd0                __strsep
                0x0000000000016cd0                strsep
                0x0000000000016cd0                __strsep_g
                0x0000000000016e10                _dl_signal_exception
                0x0000000000016e60                _dl_signal_error
                0x0000000000016eb0                _dl_signal_cexception
                0x0000000000016f50                _dl_signal_cerror
                0x0000000000017000                _dl_catch_exception
                0x00000000000170c0                _dl_catch_error
                0x0000000000017120                _dl_receive_error
                0x0000000000017170                _rtld_catch_error
                0x0000000000017180                _dl_resolve_conflicts
                0x00000000000173e0                _dl_important_hwcaps
                0x0000000000017c60                _dl_hwcaps_split
                0x0000000000017d10                _dl_hwcaps_contains
                0x0000000000017d84                _dl_hwcaps_split_masked
                0x0000000000017de0                _dl_hwcaps_subdirs_active
                0x0000000000017ea4                _dl_usage
                0x0000000000017f00                _dl_version
                0x0000000000017f20                _dl_help
                0x0000000000018400                _dl_diagnostics_print_string
                0x0000000000018474                _dl_diagnostics_print_labeled_string
                0x00000000000184c0                _dl_diagnostics_print_labeled_value
                0x00000000000184d4                _dl_print_diagnostics
                0x0000000000018970                _dl_diagnostics_kernel
                0x0000000000018a30                _dl_diagnostics_cpu
                0x0000000000018a40                __rtld_mutex_init
                0x0000000000018b60                __brk
                0x0000000000018b60                brk
                0x0000000000018ba0                sbrk
                0x0000000000018ba0                __sbrk
                0x0000000000018c40                __getcwd
                0x0000000000018c40                getcwd
                0x00000000000191f0                openat64
                0x0000000000019260                __opendir
                0x0000000000019260                opendir
                0x0000000000019370                __alloc_dir
 .text          0x0000000000019440       0xf0 /home/ubuntu/Lab3_Devops/glibc-2.34/build/libc_pic.a(check_fds.os)
                0x0000000000019500                __libc_check_standard_fds
 .text          0x0000000000019530        0x0 /home/ubuntu/Lab3_Devops/glibc-2.34/build/libc_pic.a(errno.os)
 *fill*         0x0000000000019530       0x10 1f2003d5
 .text          0x0000000000019540       0xd8 /home/ubuntu/Lab3_Devops/glibc-2.34/build/libc_pic.a(setjmp.os)
                0x0000000000019540                setjmp
                0x0000000000019580                __GI__setjmp
                0x0000000000019580                _setjmp
                0x00000000000195c0                __sigsetjmp
                0x00000000000195c0                __GI___sigsetjmp
 *fill*         0x0000000000019618       0x28 1f2003d5
 .text          0x0000000000019640       0x64 /home/ubuntu/Lab3_Devops/glibc-2.34/build/libc_pic.a(__longjmp.os)
                0x0000000000019640                __longjmp
 *fill*         0x00000000000196a4        0xc 1f2003d5
 .text          0x00000000000196b0      0x140 /home/ubuntu/Lab3_Devops/glibc-2.34/build/libc_pic.a(lowlevellock.os)
                0x00000000000196b0                __GI___lll_lock_wait_private
                0x00000000000196b0                __lll_lock_wait_private
                0x0000000000019730                __lll_lock_wait
                0x0000000000019730                __GI___lll_lock_wait
                0x00000000000197b4                __lll_lock_wake_private
                0x00000000000197b4                __GI___lll_lock_wake_private
                0x00000000000197d0                __lll_lock_wake
                0x00000000000197d0                __GI___lll_lock_wake
 .text          0x00000000000197f0       0xd4 /home/ubuntu/Lab3_Devops/glibc-2.34/build/libc_pic.a(scratch_buffer_set_array_size.os)
                0x00000000000197f0                __libc_scratch_buffer_set_array_size
                0x00000000000197f0                __GI___libc_scratch_buffer_set_array_size
 *fill*         0x00000000000198c4       0x3c 1f2003d5
 .text          0x0000000000019900       0xa0 /home/ubuntu/Lab3_Devops/glibc-2.34/build/libc_pic.a(strchr.os)
                0x0000000000019900                __GI_strchr
                0x0000000000019900                index
                0x0000000000019900                strchr
 *fill*         0x00000000000199a0       0x20 1f2003d5
 .text          0x00000000000199c0      0x134 /home/ubuntu/Lab3_Devops/glibc-2.34/build/libc_pic.a(strcmp.os)
                0x00000000000199c0                __GI_strcmp
                0x00000000000199c0                strcmp
 *fill*         0x0000000000019af4        0xc 1f2003d5
 .text          0x0000000000019b00      0x130 /home/ubuntu/Lab3_Devops/glibc-2.34/build/libc_pic.a(strcspn.os)
                0x0000000000019b00                strcspn
                0x0000000000019b00                __GI_strcspn
 .text          0x0000000000019c30       0x44 /home/ubuntu/Lab3_Devops/glibc-2.34/build/libc_pic.a(strdup.os)
                0x0000000000019c30                __GI___strdup
                0x0000000000019c30                __strdup
                0x0000000000019c30                strdup
 *fill*         0x0000000000019c74        0xc 1f2003d5
 .text          0x0000000000019c80       0x28 /home/ubuntu/Lab3_Devops/glibc-2.34/build/libc_pic.a(strlen.os)
                0x0000000000019c80                __strlen
                0x0000000000019c80                strlen
 *fill*         0x0000000000019ca8       0x18 1f2003d5
 .text          0x0000000000019cc0       0xc4 /home/ubuntu/Lab3_Devops/glibc-2.34/build/libc_pic.a(strnlen.os)
                0x0000000000019cc0                __strnlen
                0x0000000000019cc0                strnlen
                0x0000000000019cc0                __GI___strnlen
                0x0000000000019cc0                __GI_strnlen
 *fill*         0x0000000000019d84       0x3c 1f2003d5
 .text          0x0000000000019dc0      0x204 /home/ubuntu/Lab3_Devops/glibc-2.34/build/libc_pic.a(strncmp.os)
                0x0000000000019de4                __GI_strncmp
                0x0000000000019de4                strncmp
 *fill*         0x0000000000019fc4        0xc 1f2003d5
 .text          0x0000000000019fd0       0x38 /home/ubuntu/Lab3_Devops/glibc-2.34/build/libc_pic.a(memchr.os)
                0x0000000000019fd0                memchr
                0x0000000000019fd0                __memchr
 *fill*         0x000000000001a008       0x38 1f2003d5
 .text          0x000000000001a040      0x19c /home/ubuntu/Lab3_Devops/glibc-2.34/build/libc_pic.a(memcmp.os)
                0x000000000001a040                bcmp
                0x000000000001a040                __GI_memcmp
                0x000000000001a040                memcmp
 *fill*         0x000000000001a1dc        0x4 1f2003d5
 .text          0x000000000001a1e0      0x134 /home/ubuntu/Lab3_Devops/glibc-2.34/build/libc_pic.a(memmove.os)
                0x000000000001a1e0                memmove
                0x000000000001a1e0                __libc_memmove
 *fill*         0x000000000001a314        0xc 1f2003d5
 .text          0x000000000001a320       0xec /home/ubuntu/Lab3_Devops/glibc-2.34/build/libc_pic.a(memset.os)
                0x000000000001a320                memset
                0x000000000001a320                __libc_memset
 *fill*         0x000000000001a40c       0x34 1f2003d5
 .text          0x000000000001a440      0x144 /home/ubuntu/Lab3_Devops/glibc-2.34/build/libc_pic.a(stpcpy.os)
                0x000000000001a440                stpcpy
                0x000000000001a440                __GI_stpcpy
                0x000000000001a440                __stpcpy
                0x000000000001a440                __GI___stpcpy
 *fill*         0x000000000001a584        0xc 1f2003d5
 .text          0x000000000001a590      0x134 /home/ubuntu/Lab3_Devops/glibc-2.34/build/libc_pic.a(memcpy.os)
                0x000000000001a590                memcpy
                0x000000000001a590                __libc_memcpy
 *fill*         0x000000000001a6c4       0x3c 1f2003d5
 .text          0x000000000001a700       0x24 /home/ubuntu/Lab3_Devops/glibc-2.34/build/libc_pic.a(rawmemchr.os)
                0x000000000001a700                __GI___rawmemchr
                0x000000000001a700                __rawmemchr
                0x000000000001a700                rawmemchr
 *fill*         0x000000000001a724       0x1c 1f2003d5
 .text          0x000000000001a740       0x84 /home/ubuntu/Lab3_Devops/glibc-2.34/build/libc_pic.a(strchrnul.os)
                0x000000000001a740                __strchrnul
                0x000000000001a740                strchrnul
 *fill*         0x000000000001a7c4       0x3c 1f2003d5
 .text          0x000000000001a800      0x26c /home/ubuntu/Lab3_Devops/glibc-2.34/build/libc_pic.a(memcpy_generic.os)
                0x000000000001a800                __memcpy_generic
                0x000000000001a800                __GI_memcpy
                0x000000000001a990                __GI_memmove
                0x000000000001a990                __memmove_generic
 *fill*         0x000000000001aa6c       0x14 1f2003d5
 .text          0x000000000001aa80      0x1f0 /home/ubuntu/Lab3_Devops/glibc-2.34/build/libc_pic.a(memcpy_advsimd.os)
                0x000000000001aa80                __memcpy_simd
                0x000000000001aa80                __GI___memcpy_simd
                0x000000000001abc0                __memmove_simd
                0x000000000001abc0                __GI___memmove_simd
 *fill*         0x000000000001ac70       0x10 1f2003d5
 .text          0x000000000001ac80      0x2bc /home/ubuntu/Lab3_Devops/glibc-2.34/build/libc_pic.a(memcpy_thunderx.os)
                0x000000000001ac80                __memmove_thunderx
                0x000000000001ac80                __GI___memmove_thunderx
                0x000000000001acc0                __GI___memcpy_thunderx
                0x000000000001acc0                __memcpy_thunderx
 *fill*         0x000000000001af3c        0x4 1f2003d5
 .text          0x000000000001af40      0x714 /home/ubuntu/Lab3_Devops/glibc-2.34/build/libc_pic.a(memcpy_thunderx2.os)
                0x000000000001af40                __memmove_thunderx2
                0x000000000001af40                __GI___memmove_thunderx2
                0x000000000001af80                __GI___memcpy_thunderx2
                0x000000000001af80                __memcpy_thunderx2
 *fill*         0x000000000001b654       0x2c 1f2003d5
 .text          0x000000000001b680      0x274 /home/ubuntu/Lab3_Devops/glibc-2.34/build/libc_pic.a(memcpy_falkor.os)
                0x000000000001b680                __GI___memcpy_falkor
                0x000000000001b680                __memcpy_falkor
                0x000000000001b800                __memmove_falkor
                0x000000000001b800                __GI___memmove_falkor
 *fill*         0x000000000001b8f4        0xc 1f2003d5
 .text          0x000000000001b900      0x6c4 /home/ubuntu/Lab3_Devops/glibc-2.34/build/libc_pic.a(memcpy_a64fx.os)
                0x000000000001b900                __memcpy_a64fx
                0x000000000001b900                __GI___memcpy_a64fx
                0x000000000001bdc0                __memmove_a64fx
                0x000000000001bdc0                __GI___memmove_a64fx
 *fill*         0x000000000001bfc4       0x3c 1f2003d5
 .text          0x000000000001c000      0x1ec /home/ubuntu/Lab3_Devops/glibc-2.34/build/libc_pic.a(memset_generic.os)
                0x000000000001c000                __GI_memset
                0x000000000001c000                __GI___memset_generic
                0x000000000001c000                __memset_generic
 *fill*         0x000000000001c1ec       0x14 1f2003d5
 .text          0x000000000001c200      0x124 /home/ubuntu/Lab3_Devops/glibc-2.34/build/libc_pic.a(memset_falkor.os)
                0x000000000001c200                __memset_falkor
                0x000000000001c200                __GI___memset_falkor
 *fill*         0x000000000001c324       0x1c 1f2003d5
 .text          0x000000000001c340       0xe0 /home/ubuntu/Lab3_Devops/glibc-2.34/build/libc_pic.a(memset_emag.os)
                0x000000000001c340                __memset_emag
                0x000000000001c340                __GI___memset_emag
 *fill*         0x000000000001c420       0x20 1f2003d5
 .text          0x000000000001c440      0x100 /home/ubuntu/Lab3_Devops/glibc-2.34/build/libc_pic.a(memset_kunpeng.os)
                0x000000000001c440                __GI___memset_kunpeng
                0x000000000001c440                __memset_kunpeng
 .text          0x000000000001c540      0x3e0 /home/ubuntu/Lab3_Devops/glibc-2.34/build/libc_pic.a(memset_a64fx.os)
                0x000000000001c540                __GI___memset_a64fx
                0x000000000001c540                __memset_a64fx
 *fill*         0x000000000001c920       0x20 1f2003d5
 .text          0x000000000001c940       0xd4 /home/ubuntu/Lab3_Devops/glibc-2.34/build/libc_pic.a(memchr_generic.os)
                0x000000000001c940                __GI_memchr
                0x000000000001c940                __memchr_generic
 *fill*         0x000000000001ca14       0x2c 1f2003d5
 .text          0x000000000001ca40       0xe0 /home/ubuntu/Lab3_Devops/glibc-2.34/build/libc_pic.a(memchr_nosimd.os)
                0x000000000001ca40                __GI___memchr_nosimd
                0x000000000001ca40                __memchr_nosimd
 *fill*         0x000000000001cb20       0x20 1f2003d5
 .text          0x000000000001cb40       0x74 /home/ubuntu/Lab3_Devops/glibc-2.34/build/libc_pic.a(strlen_mte.os)
                0x000000000001cb40                __strlen_mte
                0x000000000001cb40                __GI_strlen
 *fill*         0x000000000001cbb4        0xc 1f2003d5
 .text          0x000000000001cbc0      0x13c /home/ubuntu/Lab3_Devops/glibc-2.34/build/libc_pic.a(strlen_asimd.os)
                0x000000000001cbc0                __GI___strlen_asimd
                0x000000000001cbc0                __strlen_asimd
 *fill*         0x000000000001ccfc        0x4 1f2003d5
 .text          0x000000000001cd00       0x44 /home/ubuntu/Lab3_Devops/glibc-2.34/build/libc_pic.a(closedir.os)
                0x000000000001cd00                __closedir
                0x000000000001cd00                closedir
 *fill*         0x000000000001cd44        0xc 1f2003d5
 .text          0x000000000001cd50       0x80 /home/ubuntu/Lab3_Devops/glibc-2.34/build/libc_pic.a(rewinddir.os)
                0x000000000001cd50                rewinddir
                0x000000000001cd50                __rewinddir
                0x000000000001cd50                __GI___rewinddir
 .text          0x000000000001cdd0      0x14c /home/ubuntu/Lab3_Devops/glibc-2.34/build/libc_pic.a(readdir64.os)
                0x000000000001cdd0                readdir
                0x000000000001cdd0                __readdir64
                0x000000000001cdd0                __readdir
                0x000000000001cdd0                __GI___readdir64
                0x000000000001cdd0                readdir64
 *fill*         0x000000000001cf1c        0x4 1f2003d5
 .text          0x000000000001cf20       0xb8 /home/ubuntu/Lab3_Devops/glibc-2.34/build/libc_pic.a(fdopendir.os)
                0x000000000001cf20                fdopendir
                0x000000000001cf20                __fdopendir
 *fill*         0x000000000001cfd8       0x28 1f2003d5
 .text          0x000000000001d000       0x1c /home/ubuntu/Lab3_Devops/glibc-2.34/build/libc_pic.a(uname.os)
                0x000000000001d000                uname
                0x000000000001d000                __GI_uname
                0x000000000001d000                __uname
                0x000000000001d000                __GI___uname
 *fill*         0x000000000001d01c        0x4 1f2003d5
 .text          0x000000000001d020       0x88 /home/ubuntu/Lab3_Devops/glibc-2.34/build/libc_pic.a(_exit.os)
                0x000000000001d020                _Exit
                0x000000000001d020                __GI__exit
                0x000000000001d020                _exit
 *fill*         0x000000000001d0a8       0x18 1f2003d5
 .text          0x000000000001d0c0       0x10 /home/ubuntu/Lab3_Devops/glibc-2.34/build/libc_pic.a(getpid.os)
                0x000000000001d0c0                __getpid
                0x000000000001d0c0                getpid
                0x000000000001d0c0                __GI_getpid
                0x000000000001d0c0                __GI___getpid
 .text          0x000000000001d0d0        0x0 /home/ubuntu/Lab3_Devops/glibc-2.34/build/libc_pic.a(environ.os)
 .text          0x000000000001d0d0       0x14 /home/ubuntu/Lab3_Devops/glibc-2.34/build/libc_pic.a(stat64.os)
                0x000000000001d0d0                stat64
                0x000000000001d0d0                __stat
                0x000000000001d0d0                __stat64
                0x000000000001d0d0                stat
                0x000000000001d0d0                __GI___stat64
 *fill*         0x000000000001d0e4        0xc 1f2003d5
 .text          0x000000000001d0f0       0x34 /home/ubuntu/Lab3_Devops/glibc-2.34/build/libc_pic.a(fstat64.os)
                0x000000000001d0f0                __GI___fstat64
                0x000000000001d0f0                fstat64
                0x000000000001d0f0                fstat
                0x000000000001d0f0                __fstat64
                0x000000000001d0f0                __fstat
 *fill*         0x000000000001d124        0xc 1f2003d5
 .text          0x000000000001d130       0x14 /home/ubuntu/Lab3_Devops/glibc-2.34/build/libc_pic.a(lstat64.os)
                0x000000000001d130                __lstat64
                0x000000000001d130                lstat
                0x000000000001d130                lstat64
                0x000000000001d130                __GI___lstat64
                0x000000000001d130                __lstat
 *fill*         0x000000000001d144        0xc 1f2003d5
 .text          0x000000000001d150       0x3c /home/ubuntu/Lab3_Devops/glibc-2.34/build/libc_pic.a(fstatat64.os)
                0x000000000001d150                fstatat
                0x000000000001d150                __fstatat
                0x000000000001d150                fstatat64
                0x000000000001d150                __fstatat64
                0x000000000001d150                __GI___fstatat
                0x000000000001d150                __GI___fstatat64
 *fill*         0x000000000001d18c        0x4 1f2003d5
 .text          0x000000000001d190      0x138 /home/ubuntu/Lab3_Devops/glibc-2.34/build/libc_pic.a(openat64.os)
                0x000000000001d190                __openat64
                0x000000000001d190                __GI___openat
                0x000000000001d190                __GI___openat64
                0x000000000001d190                __libc_openat64
                0x000000000001d190                __openat
                0x000000000001d190                openat
 *fill*         0x000000000001d2c8        0x8 1f2003d5
 .text          0x000000000001d2d0       0x38 /home/ubuntu/Lab3_Devops/glibc-2.34/build/libc_pic.a(lseek64.os)
                0x000000000001d2d0                __GI___lseek
                0x000000000001d2d0                llseek@GLIBC_2.17
                0x000000000001d2d0                __lseek64
                0x000000000001d2d0                lseek
                0x000000000001d2d0                __libc_lseek64
                0x000000000001d2d0                __lseek
                0x000000000001d2d0                __libc_lseek
                0x000000000001d2d0                lseek64
 *fill*         0x000000000001d308        0x8 1f2003d5
 .text          0x000000000001d310       0x3c /home/ubuntu/Lab3_Devops/glibc-2.34/build/libc_pic.a(access.os)
                0x000000000001d310                __GI___access
                0x000000000001d310                access
                0x000000000001d310                __access
 *fill*         0x000000000001d34c        0x4 1f2003d5
 .text          0x000000000001d350       0x34 /home/ubuntu/Lab3_Devops/glibc-2.34/build/libc_pic.a(close_nocancel.os)
                0x000000000001d350                __GI___close_nocancel
                0x000000000001d350                __close_nocancel
 *fill*         0x000000000001d384        0xc 1f2003d5
 .text          0x000000000001d390      0x140 /home/ubuntu/Lab3_Devops/glibc-2.34/build/libc_pic.a(fcntl_nocancel.os)
                0x000000000001d390                __fcntl64_nocancel
                0x000000000001d390                __GI___fcntl64_nocancel
                0x000000000001d440                __fcntl64_nocancel_adjusted
 .text          0x000000000001d4d0       0x94 /home/ubuntu/Lab3_Devops/glibc-2.34/build/libc_pic.a(open64_nocancel.os)
                0x000000000001d4d0                __GI___open_nocancel
                0x000000000001d4d0                __open_nocancel
                0x000000000001d4d0                __GI___open64_nocancel
                0x000000000001d4d0                __open64_nocancel
 *fill*         0x000000000001d564        0xc 1f2003d5
 .text          0x000000000001d570       0x34 /home/ubuntu/Lab3_Devops/glibc-2.34/build/libc_pic.a(read_nocancel.os)
                0x000000000001d570                __read_nocancel
                0x000000000001d570                __GI___read_nocancel
 *fill*         0x000000000001d5a4        0xc 1f2003d5
 .text          0x000000000001d5b0       0x34 /home/ubuntu/Lab3_Devops/glibc-2.34/build/libc_pic.a(pread64_nocancel.os)
                0x000000000001d5b0                __GI___pread64_nocancel
                0x000000000001d5b0                __pread64_nocancel
 *fill*         0x000000000001d5e4        0xc 1f2003d5
 .text          0x000000000001d5f0       0x34 /home/ubuntu/Lab3_Devops/glibc-2.34/build/libc_pic.a(write_nocancel.os)
                0x000000000001d5f0                __GI___write_nocancel
                0x000000000001d5f0                __write_nocancel
 *fill*         0x000000000001d624        0xc 1f2003d5
 .text          0x000000000001d630       0x60 /home/ubuntu/Lab3_Devops/glibc-2.34/build/libc_pic.a(mmap64.os)
                0x000000000001d630                __GI___mmap
                0x000000000001d630                __mmap
                0x000000000001d630                mmap
                0x000000000001d630                __GI___mmap64
                0x000000000001d630                __mmap64
                0x000000000001d630                mmap64
 *fill*         0x000000000001d690       0x30 1f2003d5
 .text          0x000000000001d6c0       0x1c /home/ubuntu/Lab3_Devops/glibc-2.34/build/libc_pic.a(munmap.os)
                0x000000000001d6c0                munmap
                0x000000000001d6c0                __GI___munmap
                0x000000000001d6c0                __GI_munmap
                0x000000000001d6c0                __munmap
 *fill*         0x000000000001d6dc       0x24 1f2003d5
 .text          0x000000000001d700       0x1c /home/ubuntu/Lab3_Devops/glibc-2.34/build/libc_pic.a(mprotect.os)
                0x000000000001d700                __mprotect
                0x000000000001d700                __GI___mprotect
                0x000000000001d700                __GI_mprotect
                0x000000000001d700                mprotect
 *fill*         0x000000000001d71c        0x4 1f2003d5
 .text          0x000000000001d720      0x18c /home/ubuntu/Lab3_Devops/glibc-2.34/build/libc_pic.a(profil.os)
                0x000000000001d770                __profil
                0x000000000001d770                profil
 *fill*         0x000000000001d8ac        0x4 1f2003d5
 .text          0x000000000001d8b0       0x10 /home/ubuntu/Lab3_Devops/glibc-2.34/build/libc_pic.a(prof-freq.os)
                0x000000000001d8b0                __GI___profile_frequency
                0x000000000001d8b0                __profile_frequency
 .text          0x000000000001d8c0       0x70 /home/ubuntu/Lab3_Devops/glibc-2.34/build/libc_pic.a(dl-addr-obj.os)
                0x000000000001d8c0                _dl_addr_inside_object
 .text          0x000000000001d930       0x20 /home/ubuntu/Lab3_Devops/glibc-2.34/build/libc_pic.a(sysdep.os)
                0x000000000001d930                __syscall_error
                0x000000000001d930                __GI___syscall_error
 .text          0x000000000001d950       0x38 /home/ubuntu/Lab3_Devops/glibc-2.34/build/libc_pic.a(sigaction.os)
                0x000000000001d950                sigaction
                0x000000000001d950                __GI___sigaction
                0x000000000001d950                __sigaction
 *fill*         0x000000000001d988        0x8 1f2003d5
 .text          0x000000000001d990      0x120 /home/ubuntu/Lab3_Devops/glibc-2.34/build/libc_pic.a(libc_sigaction.os)
                0x000000000001d990                __libc_sigaction
                0x000000000001d990                __GI___libc_sigaction
 .text          0x000000000001dab0       0x34 /home/ubuntu/Lab3_Devops/glibc-2.34/build/libc_pic.a(setitimer.os)
                0x000000000001dab0                setitimer
                0x000000000001dab0                __setitimer
 *fill*         0x000000000001dae4        0xc 1f2003d5
 .text          0x000000000001daf0       0x40 /home/ubuntu/Lab3_Devops/glibc-2.34/build/libc_pic.a(getdents64.os)
                0x000000000001daf0                __getdents
                0x000000000001daf0                __GI___getdents64
                0x000000000001daf0                getdents64
                0x000000000001daf0                __getdents64
 .text          0x000000000001db30       0x34 /usr/lib/gcc/aarch64-linux-gnu/11/libgcc.a(cas_4_2.o)
                0x000000000001db30                __aarch64_cas4_acq
 *fill*         0x000000000001db64        0xc 1f2003d5
 .text          0x000000000001db70       0x2c /usr/lib/gcc/aarch64-linux-gnu/11/libgcc.a(swp_4_2.o)
                0x000000000001db70                __aarch64_swp4_acq
 *fill*         0x000000000001db9c        0x4 1f2003d5
 .text          0x000000000001dba0       0x2c /usr/lib/gcc/aarch64-linux-gnu/11/libgcc.a(swp_4_3.o)
                0x000000000001dba0                __aarch64_swp4_rel
 .text          0x000000000001dbcc        0x0 /usr/lib/gcc/aarch64-linux-gnu/11/libgcc.a(lse-init.o)
 *fill*         0x000000000001dbcc        0x4 1f2003d5
 .text          0x000000000001dbd0       0xfc /home/ubuntu/Lab3_Devops/glibc-2.34/build/libc_pic.a(getauxval.os)
                0x000000000001dbd0                __GI___getauxval2
                0x000000000001dbd0                __getauxval2
                0x000000000001dc50                getauxval
                0x000000000001dc50                __GI___getauxval
                0x000000000001dc50                __getauxval
 *(.gnu.warning)

.text.startup   0x0000000000000000       0x24
 .text.startup  0x0000000000000000       0x24 /usr/lib/gcc/aarch64-linux-gnu/11/libgcc.a(lse-init.o)

.fini
 *(SORT_NONE(.fini))

.rodata         0x0000000000000000      0xb40
 *(.rodata)
 .rodata        0x0000000000000000      0xaf6 /home/ubuntu/Lab3_Devops/glibc-2.34/build/elf/dl-allobjs.os
 *fill*         0x0000000000000af6        0xa 
 .rodata        0x0000000000000b00       0x40 /home/ubuntu/Lab3_Devops/glibc-2.34/build/libc_pic.a(memcpy_thunderx2.os)

.rodata.str1.8  0x0000000000000000     0x4769
 .rodata.str1.8
                0x0000000000000000     0x4709 /home/ubuntu/Lab3_Devops/glibc-2.34/build/elf/dl-allobjs.os
                0x00000000000035c0                __GI__itoa_lower_digits
                0x00000000000035c0                _itoa_lower_digits
                0x00000000000037c0                _dl_hwcaps_subdirs
 *fill*         0x0000000000004709        0x7 
 .rodata.str1.8
                0x0000000000004710       0x1a /home/ubuntu/Lab3_Devops/glibc-2.34/build/libc_pic.a(check_fds.os)
 *fill*         0x000000000000472a        0x6 
 .rodata.str1.8
                0x0000000000004730       0x37 /home/ubuntu/Lab3_Devops/glibc-2.34/build/libc_pic.a(lowlevellock.os)
 *fill*         0x0000000000004767        0x1 
 .rodata.str1.8
                0x0000000000004768        0x1 /home/ubuntu/Lab3_Devops/glibc-2.34/build/libc_pic.a(fstat64.os)

.rodata.cst4    0x0000000000000000        0x4
 .rodata.cst4   0x0000000000000000        0x4 /home/ubuntu/Lab3_Devops/glibc-2.34/build/elf/dl-allobjs.os

.rodata1
 *(.rodata1)

.eh_frame_hdr
 *(.eh_frame_hdr)

.eh_frame       0x0000000000000000     0x3bcc
 *(.eh_frame)
 .eh_frame      0x0000000000000000     0x2d08 /home/ubuntu/Lab3_Devops/glibc-2.34/build/elf/dl-allobjs.os
                                       0x2d64 (size before relaxing)
 *fill*         0x0000000000002d08        0x0 
 .eh_frame      0x0000000000002d08       0x68 /home/ubuntu/Lab3_Devops/glibc-2.34/build/libc_pic.a(check_fds.os)
 .eh_frame      0x0000000000002d70       0x50 /home/ubuntu/Lab3_Devops/glibc-2.34/build/libc_pic.a(setjmp.os)
 .eh_frame      0x0000000000002dc0       0x90 /home/ubuntu/Lab3_Devops/glibc-2.34/build/libc_pic.a(__longjmp.os)
 .eh_frame      0x0000000000002e50       0x88 /home/ubuntu/Lab3_Devops/glibc-2.34/build/libc_pic.a(lowlevellock.os)
 .eh_frame      0x0000000000002ed8       0x58 /home/ubuntu/Lab3_Devops/glibc-2.34/build/libc_pic.a(scratch_buffer_set_array_size.os)
 .eh_frame      0x0000000000002f30       0x28 /home/ubuntu/Lab3_Devops/glibc-2.34/build/libc_pic.a(strchr.os)
 .eh_frame      0x0000000000002f58       0x28 /home/ubuntu/Lab3_Devops/glibc-2.34/build/libc_pic.a(strcmp.os)
 .eh_frame      0x0000000000002f80       0x40 /home/ubuntu/Lab3_Devops/glibc-2.34/build/libc_pic.a(strcspn.os)
 .eh_frame      0x0000000000002fc0       0x48 /home/ubuntu/Lab3_Devops/glibc-2.34/build/libc_pic.a(strdup.os)
 .eh_frame      0x0000000000003008       0x28 /home/ubuntu/Lab3_Devops/glibc-2.34/build/libc_pic.a(strlen.os)
 .eh_frame      0x0000000000003030       0x28 /home/ubuntu/Lab3_Devops/glibc-2.34/build/libc_pic.a(strnlen.os)
 .eh_frame      0x0000000000003058       0x28 /home/ubuntu/Lab3_Devops/glibc-2.34/build/libc_pic.a(strncmp.os)
 .eh_frame      0x0000000000003080       0x28 /home/ubuntu/Lab3_Devops/glibc-2.34/build/libc_pic.a(memchr.os)
 .eh_frame      0x00000000000030a8       0x28 /home/ubuntu/Lab3_Devops/glibc-2.34/build/libc_pic.a(memcmp.os)
 .eh_frame      0x00000000000030d0       0x28 /home/ubuntu/Lab3_Devops/glibc-2.34/build/libc_pic.a(memmove.os)
 .eh_frame      0x00000000000030f8       0x28 /home/ubuntu/Lab3_Devops/glibc-2.34/build/libc_pic.a(memset.os)
 .eh_frame      0x0000000000003120       0x28 /home/ubuntu/Lab3_Devops/glibc-2.34/build/libc_pic.a(stpcpy.os)
 .eh_frame      0x0000000000003148       0x28 /home/ubuntu/Lab3_Devops/glibc-2.34/build/libc_pic.a(memcpy.os)
 .eh_frame      0x0000000000003170       0x28 /home/ubuntu/Lab3_Devops/glibc-2.34/build/libc_pic.a(rawmemchr.os)
 .eh_frame      0x0000000000003198       0x28 /home/ubuntu/Lab3_Devops/glibc-2.34/build/libc_pic.a(strchrnul.os)
 .eh_frame      0x00000000000031c0       0x40 /home/ubuntu/Lab3_Devops/glibc-2.34/build/libc_pic.a(memcpy_generic.os)
 .eh_frame      0x0000000000003200       0x40 /home/ubuntu/Lab3_Devops/glibc-2.34/build/libc_pic.a(memcpy_advsimd.os)
 .eh_frame      0x0000000000003240       0x40 /home/ubuntu/Lab3_Devops/glibc-2.34/build/libc_pic.a(memcpy_thunderx.os)
 .eh_frame      0x0000000000003280       0x40 /home/ubuntu/Lab3_Devops/glibc-2.34/build/libc_pic.a(memcpy_thunderx2.os)
 .eh_frame      0x00000000000032c0       0x40 /home/ubuntu/Lab3_Devops/glibc-2.34/build/libc_pic.a(memcpy_falkor.os)
 .eh_frame      0x0000000000003300       0x40 /home/ubuntu/Lab3_Devops/glibc-2.34/build/libc_pic.a(memcpy_a64fx.os)
 .eh_frame      0x0000000000003340       0x28 /home/ubuntu/Lab3_Devops/glibc-2.34/build/libc_pic.a(memset_generic.os)
 .eh_frame      0x0000000000003368       0x28 /home/ubuntu/Lab3_Devops/glibc-2.34/build/libc_pic.a(memset_falkor.os)
 .eh_frame      0x0000000000003390       0x28 /home/ubuntu/Lab3_Devops/glibc-2.34/build/libc_pic.a(memset_emag.os)
 .eh_frame      0x00000000000033b8       0x28 /home/ubuntu/Lab3_Devops/glibc-2.34/build/libc_pic.a(memset_kunpeng.os)
 .eh_frame      0x00000000000033e0       0x28 /home/ubuntu/Lab3_Devops/glibc-2.34/build/libc_pic.a(memset_a64fx.os)
 .eh_frame      0x0000000000003408       0x28 /home/ubuntu/Lab3_Devops/glibc-2.34/build/libc_pic.a(memchr_generic.os)
 .eh_frame      0x0000000000003430       0x28 /home/ubuntu/Lab3_Devops/glibc-2.34/build/libc_pic.a(memchr_nosimd.os)
 .eh_frame      0x0000000000003458       0x28 /home/ubuntu/Lab3_Devops/glibc-2.34/build/libc_pic.a(strlen_mte.os)
 .eh_frame      0x0000000000003480       0x28 /home/ubuntu/Lab3_Devops/glibc-2.34/build/libc_pic.a(strlen_asimd.os)
 .eh_frame      0x00000000000034a8       0x38 /home/ubuntu/Lab3_Devops/glibc-2.34/build/libc_pic.a(closedir.os)
 .eh_frame      0x00000000000034e0       0x48 /home/ubuntu/Lab3_Devops/glibc-2.34/build/libc_pic.a(rewinddir.os)
 .eh_frame      0x0000000000003528       0x60 /home/ubuntu/Lab3_Devops/glibc-2.34/build/libc_pic.a(readdir64.os)
 .eh_frame      0x0000000000003588       0x48 /home/ubuntu/Lab3_Devops/glibc-2.34/build/libc_pic.a(fdopendir.os)
 .eh_frame      0x00000000000035d0       0x28 /home/ubuntu/Lab3_Devops/glibc-2.34/build/libc_pic.a(uname.os)
 .eh_frame      0x00000000000035f8       0x28 /home/ubuntu/Lab3_Devops/glibc-2.34/build/libc_pic.a(_exit.os)
 .eh_frame      0x0000000000003620       0x28 /home/ubuntu/Lab3_Devops/glibc-2.34/build/libc_pic.a(getpid.os)
 .eh_frame      0x0000000000003648       0x28 /home/ubuntu/Lab3_Devops/glibc-2.34/build/libc_pic.a(stat64.os)
 .eh_frame      0x0000000000003670       0x28 /home/ubuntu/Lab3_Devops/glibc-2.34/build/libc_pic.a(fstat64.os)
 .eh_frame      0x0000000000003698       0x28 /home/ubuntu/Lab3_Devops/glibc-2.34/build/libc_pic.a(lstat64.os)
 .eh_frame      0x00000000000036c0       0x28 /home/ubuntu/Lab3_Devops/glibc-2.34/build/libc_pic.a(fstatat64.os)
 .eh_frame      0x00000000000036e8       0x58 /home/ubuntu/Lab3_Devops/glibc-2.34/build/libc_pic.a(openat64.os)
 .eh_frame      0x0000000000003740       0x28 /home/ubuntu/Lab3_Devops/glibc-2.34/build/libc_pic.a(lseek64.os)
 .eh_frame      0x0000000000003768       0x28 /home/ubuntu/Lab3_Devops/glibc-2.34/build/libc_pic.a(access.os)
 .eh_frame      0x0000000000003790       0x28 /home/ubuntu/Lab3_Devops/glibc-2.34/build/libc_pic.a(close_nocancel.os)
 .eh_frame      0x00000000000037b8       0x60 /home/ubuntu/Lab3_Devops/glibc-2.34/build/libc_pic.a(fcntl_nocancel.os)
 .eh_frame      0x0000000000003818       0x38 /home/ubuntu/Lab3_Devops/glibc-2.34/build/libc_pic.a(open64_nocancel.os)
 .eh_frame      0x0000000000003850       0x28 /home/ubuntu/Lab3_Devops/glibc-2.34/build/libc_pic.a(read_nocancel.os)
 .eh_frame      0x0000000000003878       0x28 /home/ubuntu/Lab3_Devops/glibc-2.34/build/libc_pic.a(pread64_nocancel.os)
 .eh_frame      0x00000000000038a0       0x28 /home/ubuntu/Lab3_Devops/glibc-2.34/build/libc_pic.a(write_nocancel.os)
 .eh_frame      0x00000000000038c8       0x28 /home/ubuntu/Lab3_Devops/glibc-2.34/build/libc_pic.a(mmap64.os)
 .eh_frame      0x00000000000038f0       0x28 /home/ubuntu/Lab3_Devops/glibc-2.34/build/libc_pic.a(munmap.os)
 .eh_frame      0x0000000000003918       0x28 /home/ubuntu/Lab3_Devops/glibc-2.34/build/libc_pic.a(mprotect.os)
 .eh_frame      0x0000000000003940       0x78 /home/ubuntu/Lab3_Devops/glibc-2.34/build/libc_pic.a(profil.os)
 .eh_frame      0x00000000000039b8       0x28 /home/ubuntu/Lab3_Devops/glibc-2.34/build/libc_pic.a(prof-freq.os)
 .eh_frame      0x00000000000039e0       0x28 /home/ubuntu/Lab3_Devops/glibc-2.34/build/libc_pic.a(dl-addr-obj.os)
 .eh_frame      0x0000000000003a08       0x28 /home/ubuntu/Lab3_Devops/glibc-2.34/build/libc_pic.a(sysdep.os)
 .eh_frame      0x0000000000003a30       0x28 /home/ubuntu/Lab3_Devops/glibc-2.34/build/libc_pic.a(sigaction.os)
 .eh_frame      0x0000000000003a58       0x38 /home/ubuntu/Lab3_Devops/glibc-2.34/build/libc_pic.a(libc_sigaction.os)
 .eh_frame      0x0000000000003a90       0x28 /home/ubuntu/Lab3_Devops/glibc-2.34/build/libc_pic.a(setitimer.os)
 .eh_frame      0x0000000000003ab8       0x28 /home/ubuntu/Lab3_Devops/glibc-2.34/build/libc_pic.a(getdents64.os)
 .eh_frame      0x0000000000003ae0       0x28 /usr/lib/gcc/aarch64-linux-gnu/11/libgcc.a(cas_4_2.o)
 .eh_frame      0x0000000000003b08       0x28 /usr/lib/gcc/aarch64-linux-gnu/11/libgcc.a(swp_4_2.o)
 .eh_frame      0x0000000000003b30       0x28 /usr/lib/gcc/aarch64-linux-gnu/11/libgcc.a(swp_4_3.o)
 .eh_frame      0x0000000000003b58       0x38 /usr/lib/gcc/aarch64-linux-gnu/11/libgcc.a(lse-init.o)
 .eh_frame      0x0000000000003b90       0x3c /home/ubuntu/Lab3_Devops/glibc-2.34/build/libc_pic.a(getauxval.os)
                                         0x40 (size before relaxing)

.gcc_except_table
 *(.gcc_except_table)

.gnu_extab
 *(.gnu_extab*)

.exception_ranges
 *(.exception_ranges)

.eh_frame
 *(.eh_frame)

.gnu_extab
 *(.gnu_extab)

.gcc_except_table
 *(.gcc_except_table)

.exception_ranges
 *(.exception_ranges)

.tdata
 *(.tdata)

.tbss           0x0000000000000000        0x4
 *(.tbss)
 .tbss          0x0000000000000000        0x4 /home/ubuntu/Lab3_Devops/glibc-2.34/build/libc_pic.a(errno.os)
                0x0000000000000000                errno
                0x0000000000000000                __libc_errno

.jcr
 *(.jcr)

.dynamic
 *(.dynamic)

.got
 *(.got)

.got.plt
 *(.got.plt)

.data           0x0000000000000000     0x10f0
 *(.data)
 .data          0x0000000000000000        0x0 /home/ubuntu/Lab3_Devops/glibc-2.34/build/elf/librtld.mapT.o
 .data          0x0000000000000000     0x10f0 /home/ubuntu/Lab3_Devops/glibc-2.34/build/elf/dl-allobjs.os
                0x0000000000000018                _rtld_global
                0x0000000000000018                _rtld_local
 .data          0x00000000000010f0        0x0 /home/ubuntu/Lab3_Devops/glibc-2.34/build/libc_pic.a(check_fds.os)
 .data          0x00000000000010f0        0x0 /home/ubuntu/Lab3_Devops/glibc-2.34/build/libc_pic.a(errno.os)
 .data          0x00000000000010f0        0x0 /home/ubuntu/Lab3_Devops/glibc-2.34/build/libc_pic.a(setjmp.os)
 .data          0x00000000000010f0        0x0 /home/ubuntu/Lab3_Devops/glibc-2.34/build/libc_pic.a(__longjmp.os)
 .data          0x00000000000010f0        0x0 /home/ubuntu/Lab3_Devops/glibc-2.34/build/libc_pic.a(lowlevellock.os)
 .data          0x00000000000010f0        0x0 /home/ubuntu/Lab3_Devops/glibc-2.34/build/libc_pic.a(scratch_buffer_set_array_size.os)
 .data          0x00000000000010f0        0x0 /home/ubuntu/Lab3_Devops/glibc-2.34/build/libc_pic.a(strchr.os)
 .data          0x00000000000010f0        0x0 /home/ubuntu/Lab3_Devops/glibc-2.34/build/libc_pic.a(strcmp.os)
 .data          0x00000000000010f0        0x0 /home/ubuntu/Lab3_Devops/glibc-2.34/build/libc_pic.a(strcspn.os)
 .data          0x00000000000010f0        0x0 /home/ubuntu/Lab3_Devops/glibc-2.34/build/libc_pic.a(strdup.os)
 .data          0x00000000000010f0        0x0 /home/ubuntu/Lab3_Devops/glibc-2.34/build/libc_pic.a(strlen.os)
 .data          0x00000000000010f0        0x0 /home/ubuntu/Lab3_Devops/glibc-2.34/build/libc_pic.a(strnlen.os)
 .data          0x00000000000010f0        0x0 /home/ubuntu/Lab3_Devops/glibc-2.34/build/libc_pic.a(strncmp.os)
 .data          0x00000000000010f0        0x0 /home/ubuntu/Lab3_Devops/glibc-2.34/build/libc_pic.a(memchr.os)
 .data          0x00000000000010f0        0x0 /home/ubuntu/Lab3_Devops/glibc-2.34/build/libc_pic.a(memcmp.os)
 .data          0x00000000000010f0        0x0 /home/ubuntu/Lab3_Devops/glibc-2.34/build/libc_pic.a(memmove.os)
 .data          0x00000000000010f0        0x0 /home/ubuntu/Lab3_Devops/glibc-2.34/build/libc_pic.a(memset.os)
 .data          0x00000000000010f0        0x0 /home/ubuntu/Lab3_Devops/glibc-2.34/build/libc_pic.a(stpcpy.os)
 .data          0x00000000000010f0        0x0 /home/ubuntu/Lab3_Devops/glibc-2.34/build/libc_pic.a(memcpy.os)
 .data          0x00000000000010f0        0x0 /home/ubuntu/Lab3_Devops/glibc-2.34/build/libc_pic.a(rawmemchr.os)
 .data          0x00000000000010f0        0x0 /home/ubuntu/Lab3_Devops/glibc-2.34/build/libc_pic.a(strchrnul.os)
 .data          0x00000000000010f0        0x0 /home/ubuntu/Lab3_Devops/glibc-2.34/build/libc_pic.a(memcpy_generic.os)
 .data          0x00000000000010f0        0x0 /home/ubuntu/Lab3_Devops/glibc-2.34/build/libc_pic.a(memcpy_advsimd.os)
 .data          0x00000000000010f0        0x0 /home/ubuntu/Lab3_Devops/glibc-2.34/build/libc_pic.a(memcpy_thunderx.os)
 .data          0x00000000000010f0        0x0 /home/ubuntu/Lab3_Devops/glibc-2.34/build/libc_pic.a(memcpy_thunderx2.os)
 .data          0x00000000000010f0        0x0 /home/ubuntu/Lab3_Devops/glibc-2.34/build/libc_pic.a(memcpy_falkor.os)
 .data          0x00000000000010f0        0x0 /home/ubuntu/Lab3_Devops/glibc-2.34/build/libc_pic.a(memcpy_a64fx.os)
 .data          0x00000000000010f0        0x0 /home/ubuntu/Lab3_Devops/glibc-2.34/build/libc_pic.a(memset_generic.os)
 .data          0x00000000000010f0        0x0 /home/ubuntu/Lab3_Devops/glibc-2.34/build/libc_pic.a(memset_falkor.os)
 .data          0x00000000000010f0        0x0 /home/ubuntu/Lab3_Devops/glibc-2.34/build/libc_pic.a(memset_emag.os)
 .data          0x00000000000010f0        0x0 /home/ubuntu/Lab3_Devops/glibc-2.34/build/libc_pic.a(memset_kunpeng.os)
 .data          0x00000000000010f0        0x0 /home/ubuntu/Lab3_Devops/glibc-2.34/build/libc_pic.a(memset_a64fx.os)
 .data          0x00000000000010f0        0x0 /home/ubuntu/Lab3_Devops/glibc-2.34/build/libc_pic.a(memchr_generic.os)
 .data          0x00000000000010f0        0x0 /home/ubuntu/Lab3_Devops/glibc-2.34/build/libc_pic.a(memchr_nosimd.os)
 .data          0x00000000000010f0        0x0 /home/ubuntu/Lab3_Devops/glibc-2.34/build/libc_pic.a(strlen_mte.os)
 .data          0x00000000000010f0        0x0 /home/ubuntu/Lab3_Devops/glibc-2.34/build/libc_pic.a(strlen_asimd.os)
 .data          0x00000000000010f0        0x0 /home/ubuntu/Lab3_Devops/glibc-2.34/build/libc_pic.a(closedir.os)
 .data          0x00000000000010f0        0x0 /home/ubuntu/Lab3_Devops/glibc-2.34/build/libc_pic.a(rewinddir.os)
 .data          0x00000000000010f0        0x0 /home/ubuntu/Lab3_Devops/glibc-2.34/build/libc_pic.a(readdir64.os)
 .data          0x00000000000010f0        0x0 /home/ubuntu/Lab3_Devops/glibc-2.34/build/libc_pic.a(fdopendir.os)
 .data          0x00000000000010f0        0x0 /home/ubuntu/Lab3_Devops/glibc-2.34/build/libc_pic.a(uname.os)
 .data          0x00000000000010f0        0x0 /home/ubuntu/Lab3_Devops/glibc-2.34/build/libc_pic.a(_exit.os)
 .data          0x00000000000010f0        0x0 /home/ubuntu/Lab3_Devops/glibc-2.34/build/libc_pic.a(getpid.os)
 .data          0x00000000000010f0        0x0 /home/ubuntu/Lab3_Devops/glibc-2.34/build/libc_pic.a(environ.os)
 .data          0x00000000000010f0        0x0 /home/ubuntu/Lab3_Devops/glibc-2.34/build/libc_pic.a(stat64.os)
 .data          0x00000000000010f0        0x0 /home/ubuntu/Lab3_Devops/glibc-2.34/build/libc_pic.a(fstat64.os)
 .data          0x00000000000010f0        0x0 /home/ubuntu/Lab3_Devops/glibc-2.34/build/libc_pic.a(lstat64.os)
 .data          0x00000000000010f0        0x0 /home/ubuntu/Lab3_Devops/glibc-2.34/build/libc_pic.a(fstatat64.os)
 .data          0x00000000000010f0        0x0 /home/ubuntu/Lab3_Devops/glibc-2.34/build/libc_pic.a(openat64.os)
 .data          0x00000000000010f0        0x0 /home/ubuntu/Lab3_Devops/glibc-2.34/build/libc_pic.a(lseek64.os)
 .data          0x00000000000010f0        0x0 /home/ubuntu/Lab3_Devops/glibc-2.34/build/libc_pic.a(access.os)
 .data          0x00000000000010f0        0x0 /home/ubuntu/Lab3_Devops/glibc-2.34/build/libc_pic.a(close_nocancel.os)
 .data          0x00000000000010f0        0x0 /home/ubuntu/Lab3_Devops/glibc-2.34/build/libc_pic.a(fcntl_nocancel.os)
 .data          0x00000000000010f0        0x0 /home/ubuntu/Lab3_Devops/glibc-2.34/build/libc_pic.a(open64_nocancel.os)
 .data          0x00000000000010f0        0x0 /home/ubuntu/Lab3_Devops/glibc-2.34/build/libc_pic.a(read_nocancel.os)
 .data          0x00000000000010f0        0x0 /home/ubuntu/Lab3_Devops/glibc-2.34/build/libc_pic.a(pread64_nocancel.os)
 .data          0x00000000000010f0        0x0 /home/ubuntu/Lab3_Devops/glibc-2.34/build/libc_pic.a(write_nocancel.os)
 .data          0x00000000000010f0        0x0 /home/ubuntu/Lab3_Devops/glibc-2.34/build/libc_pic.a(mmap64.os)
 .data          0x00000000000010f0        0x0 /home/ubuntu/Lab3_Devops/glibc-2.34/build/libc_pic.a(munmap.os)
 .data          0x00000000000010f0        0x0 /home/ubuntu/Lab3_Devops/glibc-2.34/build/libc_pic.a(mprotect.os)
 .data          0x00000000000010f0        0x0 /home/ubuntu/Lab3_Devops/glibc-2.34/build/libc_pic.a(profil.os)
 .data          0x00000000000010f0        0x0 /home/ubuntu/Lab3_Devops/glibc-2.34/build/libc_pic.a(prof-freq.os)
 .data          0x00000000000010f0        0x0 /home/ubuntu/Lab3_Devops/glibc-2.34/build/libc_pic.a(dl-addr-obj.os)
 .data          0x00000000000010f0        0x0 /home/ubuntu/Lab3_Devops/glibc-2.34/build/libc_pic.a(sysdep.os)
 .data          0x00000000000010f0        0x0 /home/ubuntu/Lab3_Devops/glibc-2.34/build/libc_pic.a(sigaction.os)
 .data          0x00000000000010f0        0x0 /home/ubuntu/Lab3_Devops/glibc-2.34/build/libc_pic.a(libc_sigaction.os)
 .data          0x00000000000010f0        0x0 /home/ubuntu/Lab3_Devops/glibc-2.34/build/libc_pic.a(setitimer.os)
 .data          0x00000000000010f0        0x0 /home/ubuntu/Lab3_Devops/glibc-2.34/build/libc_pic.a(getdents64.os)
 .data          0x00000000000010f0        0x0 /usr/lib/gcc/aarch64-linux-gnu/11/libgcc.a(cas_4_2.o)
 .data          0x00000000000010f0        0x0 /usr/lib/gcc/aarch64-linux-gnu/11/libgcc.a(swp_4_2.o)
 .data          0x00000000000010f0        0x0 /usr/lib/gcc/aarch64-linux-gnu/11/libgcc.a(swp_4_3.o)
 .data          0x00000000000010f0        0x0 /usr/lib/gcc/aarch64-linux-gnu/11/libgcc.a(lse-init.o)
 .data          0x00000000000010f0        0x0 /home/ubuntu/Lab3_Devops/glibc-2.34/build/libc_pic.a(getauxval.os)

.data.rel.ro    0x0000000000000000      0xeb8
 .data.rel.ro   0x0000000000000000      0xeb8 /home/ubuntu/Lab3_Devops/glibc-2.34/build/elf/dl-allobjs.os
                0x0000000000000000                _dl_argc
                0x0000000000000088                __pointer_chk_guard
                0x0000000000000088                __pointer_chk_guard_local
                0x0000000000000090                __stack_chk_guard
                0x0000000000000098                _rtld_global_ro
                0x0000000000000098                _rtld_local_ro
                0x0000000000000358                __rtld_env_path_list
                0x0000000000000368                __rtld_search_dirs
                0x0000000000000378                __stack_prot
                0x0000000000000e70                __libc_stack_end
                0x0000000000000e70                __GI___libc_stack_end
                0x0000000000000e78                _dl_random
                0x0000000000000e80                __GI___libc_enable_secure
                0x0000000000000e80                __libc_enable_secure
                0x0000000000000e88                __rtld_malloc
                0x0000000000000e90                __rtld_calloc
                0x0000000000000e98                __rtld_free
                0x0000000000000ea0                __rtld_realloc
                0x0000000000000ea8                ___rtld_mutex_lock
                0x0000000000000eb0                ___rtld_mutex_unlock

.data.rel.ro.local
                0x0000000000000000       0xa0
 .data.rel.ro.local
                0x0000000000000000       0xa0 /home/ubuntu/Lab3_Devops/glibc-2.34/build/elf/dl-allobjs.os

.init_array     0x0000000000000000        0x8
 .init_array    0x0000000000000000        0x8 /usr/lib/gcc/aarch64-linux-gnu/11/libgcc.a(lse-init.o)

.data1
 *(.data1)

.bss            0x0000000000000000      0x229
 *(.bss)
 .bss           0x0000000000000000        0x0 /home/ubuntu/Lab3_Devops/glibc-2.34/build/elf/librtld.mapT.o
 .bss           0x0000000000000000      0x148 /home/ubuntu/Lab3_Devops/glibc-2.34/build/elf/dl-allobjs.os
                0x0000000000000000                __GI__dl_argv
                0x0000000000000000                _dl_argv
                0x000000000000000c                _dl_skip_args
                0x0000000000000060                _r_debug
                0x00000000000000d4                __nptl_initial_report_events
                0x00000000000000d4                __GI___nptl_initial_report_events
                0x0000000000000130                _dl_hwcaps_priorities
                0x0000000000000138                _dl_hwcaps_priorities_length
                0x0000000000000140                ___brk_addr
                0x0000000000000140                __curbrk
 .bss           0x0000000000000148        0x0 /home/ubuntu/Lab3_Devops/glibc-2.34/build/libc_pic.a(check_fds.os)
 .bss           0x0000000000000148        0x0 /home/ubuntu/Lab3_Devops/glibc-2.34/build/libc_pic.a(errno.os)
 .bss           0x0000000000000148        0x0 /home/ubuntu/Lab3_Devops/glibc-2.34/build/libc_pic.a(setjmp.os)
 .bss           0x0000000000000148        0x0 /home/ubuntu/Lab3_Devops/glibc-2.34/build/libc_pic.a(__longjmp.os)
 .bss           0x0000000000000148        0x0 /home/ubuntu/Lab3_Devops/glibc-2.34/build/libc_pic.a(lowlevellock.os)
 .bss           0x0000000000000148        0x0 /home/ubuntu/Lab3_Devops/glibc-2.34/build/libc_pic.a(scratch_buffer_set_array_size.os)
 .bss           0x0000000000000148        0x0 /home/ubuntu/Lab3_Devops/glibc-2.34/build/libc_pic.a(strchr.os)
 .bss           0x0000000000000148        0x0 /home/ubuntu/Lab3_Devops/glibc-2.34/build/libc_pic.a(strcmp.os)
 .bss           0x0000000000000148        0x0 /home/ubuntu/Lab3_Devops/glibc-2.34/build/libc_pic.a(strcspn.os)
 .bss           0x0000000000000148        0x0 /home/ubuntu/Lab3_Devops/glibc-2.34/build/libc_pic.a(strdup.os)
 .bss           0x0000000000000148        0x0 /home/ubuntu/Lab3_Devops/glibc-2.34/build/libc_pic.a(strlen.os)
 .bss           0x0000000000000148        0x0 /home/ubuntu/Lab3_Devops/glibc-2.34/build/libc_pic.a(strnlen.os)
 .bss           0x0000000000000148        0x0 /home/ubuntu/Lab3_Devops/glibc-2.34/build/libc_pic.a(strncmp.os)
 .bss           0x0000000000000148        0x0 /home/ubuntu/Lab3_Devops/glibc-2.34/build/libc_pic.a(memchr.os)
 .bss           0x0000000000000148        0x0 /home/ubuntu/Lab3_Devops/glibc-2.34/build/libc_pic.a(memcmp.os)
 .bss           0x0000000000000148        0x0 /home/ubuntu/Lab3_Devops/glibc-2.34/build/libc_pic.a(memmove.os)
 .bss           0x0000000000000148        0x0 /home/ubuntu/Lab3_Devops/glibc-2.34/build/libc_pic.a(memset.os)
 .bss           0x0000000000000148        0x0 /home/ubuntu/Lab3_Devops/glibc-2.34/build/libc_pic.a(stpcpy.os)
 .bss           0x0000000000000148        0x0 /home/ubuntu/Lab3_Devops/glibc-2.34/build/libc_pic.a(memcpy.os)
 .bss           0x0000000000000148        0x0 /home/ubuntu/Lab3_Devops/glibc-2.34/build/libc_pic.a(rawmemchr.os)
 .bss           0x0000000000000148        0x0 /home/ubuntu/Lab3_Devops/glibc-2.34/build/libc_pic.a(strchrnul.os)
 .bss           0x0000000000000148        0x0 /home/ubuntu/Lab3_Devops/glibc-2.34/build/libc_pic.a(memcpy_generic.os)
 .bss           0x0000000000000148        0x0 /home/ubuntu/Lab3_Devops/glibc-2.34/build/libc_pic.a(memcpy_advsimd.os)
 .bss           0x0000000000000148        0x0 /home/ubuntu/Lab3_Devops/glibc-2.34/build/libc_pic.a(memcpy_thunderx.os)
 .bss           0x0000000000000148        0x0 /home/ubuntu/Lab3_Devops/glibc-2.34/build/libc_pic.a(memcpy_thunderx2.os)
 .bss           0x0000000000000148        0x0 /home/ubuntu/Lab3_Devops/glibc-2.34/build/libc_pic.a(memcpy_falkor.os)
 .bss           0x0000000000000148        0x0 /home/ubuntu/Lab3_Devops/glibc-2.34/build/libc_pic.a(memcpy_a64fx.os)
 .bss           0x0000000000000148        0x0 /home/ubuntu/Lab3_Devops/glibc-2.34/build/libc_pic.a(memset_generic.os)
 .bss           0x0000000000000148        0x0 /home/ubuntu/Lab3_Devops/glibc-2.34/build/libc_pic.a(memset_falkor.os)
 .bss           0x0000000000000148        0x0 /home/ubuntu/Lab3_Devops/glibc-2.34/build/libc_pic.a(memset_emag.os)
 .bss           0x0000000000000148        0x0 /home/ubuntu/Lab3_Devops/glibc-2.34/build/libc_pic.a(memset_kunpeng.os)
 .bss           0x0000000000000148        0x0 /home/ubuntu/Lab3_Devops/glibc-2.34/build/libc_pic.a(memset_a64fx.os)
 .bss           0x0000000000000148        0x0 /home/ubuntu/Lab3_Devops/glibc-2.34/build/libc_pic.a(memchr_generic.os)
 .bss           0x0000000000000148        0x0 /home/ubuntu/Lab3_Devops/glibc-2.34/build/libc_pic.a(memchr_nosimd.os)
 .bss           0x0000000000000148        0x0 /home/ubuntu/Lab3_Devops/glibc-2.34/build/libc_pic.a(strlen_mte.os)
 .bss           0x0000000000000148        0x0 /home/ubuntu/Lab3_Devops/glibc-2.34/build/libc_pic.a(strlen_asimd.os)
 .bss           0x0000000000000148        0x0 /home/ubuntu/Lab3_Devops/glibc-2.34/build/libc_pic.a(closedir.os)
 .bss           0x0000000000000148        0x0 /home/ubuntu/Lab3_Devops/glibc-2.34/build/libc_pic.a(rewinddir.os)
 .bss           0x0000000000000148        0x0 /home/ubuntu/Lab3_Devops/glibc-2.34/build/libc_pic.a(readdir64.os)
 .bss           0x0000000000000148        0x0 /home/ubuntu/Lab3_Devops/glibc-2.34/build/libc_pic.a(fdopendir.os)
 .bss           0x0000000000000148        0x0 /home/ubuntu/Lab3_Devops/glibc-2.34/build/libc_pic.a(uname.os)
 .bss           0x0000000000000148        0x0 /home/ubuntu/Lab3_Devops/glibc-2.34/build/libc_pic.a(_exit.os)
 .bss           0x0000000000000148        0x0 /home/ubuntu/Lab3_Devops/glibc-2.34/build/libc_pic.a(getpid.os)
 .bss           0x0000000000000148        0x8 /home/ubuntu/Lab3_Devops/glibc-2.34/build/libc_pic.a(environ.os)
                0x0000000000000148                _environ
                0x0000000000000148                __environ
                0x0000000000000148                environ
 .bss           0x0000000000000150        0x0 /home/ubuntu/Lab3_Devops/glibc-2.34/build/libc_pic.a(stat64.os)
 .bss           0x0000000000000150        0x0 /home/ubuntu/Lab3_Devops/glibc-2.34/build/libc_pic.a(fstat64.os)
 .bss           0x0000000000000150        0x0 /home/ubuntu/Lab3_Devops/glibc-2.34/build/libc_pic.a(lstat64.os)
 .bss           0x0000000000000150        0x0 /home/ubuntu/Lab3_Devops/glibc-2.34/build/libc_pic.a(fstatat64.os)
 .bss           0x0000000000000150        0x0 /home/ubuntu/Lab3_Devops/glibc-2.34/build/libc_pic.a(openat64.os)
 .bss           0x0000000000000150        0x0 /home/ubuntu/Lab3_Devops/glibc-2.34/build/libc_pic.a(lseek64.os)
 .bss           0x0000000000000150        0x0 /home/ubuntu/Lab3_Devops/glibc-2.34/build/libc_pic.a(access.os)
 .bss           0x0000000000000150        0x0 /home/ubuntu/Lab3_Devops/glibc-2.34/build/libc_pic.a(close_nocancel.os)
 .bss           0x0000000000000150        0x0 /home/ubuntu/Lab3_Devops/glibc-2.34/build/libc_pic.a(fcntl_nocancel.os)
 .bss           0x0000000000000150        0x0 /home/ubuntu/Lab3_Devops/glibc-2.34/build/libc_pic.a(open64_nocancel.os)
 .bss           0x0000000000000150        0x0 /home/ubuntu/Lab3_Devops/glibc-2.34/build/libc_pic.a(read_nocancel.os)
 .bss           0x0000000000000150        0x0 /home/ubuntu/Lab3_Devops/glibc-2.34/build/libc_pic.a(pread64_nocancel.os)
 .bss           0x0000000000000150        0x0 /home/ubuntu/Lab3_Devops/glibc-2.34/build/libc_pic.a(write_nocancel.os)
 .bss           0x0000000000000150        0x0 /home/ubuntu/Lab3_Devops/glibc-2.34/build/libc_pic.a(mmap64.os)
 .bss           0x0000000000000150        0x0 /home/ubuntu/Lab3_Devops/glibc-2.34/build/libc_pic.a(munmap.os)
 .bss           0x0000000000000150        0x0 /home/ubuntu/Lab3_Devops/glibc-2.34/build/libc_pic.a(mprotect.os)
 .bss           0x0000000000000150       0xd8 /home/ubuntu/Lab3_Devops/glibc-2.34/build/libc_pic.a(profil.os)
 .bss           0x0000000000000228        0x0 /home/ubuntu/Lab3_Devops/glibc-2.34/build/libc_pic.a(prof-freq.os)
 .bss           0x0000000000000228        0x0 /home/ubuntu/Lab3_Devops/glibc-2.34/build/libc_pic.a(dl-addr-obj.os)
 .bss           0x0000000000000228        0x0 /home/ubuntu/Lab3_Devops/glibc-2.34/build/libc_pic.a(sysdep.os)
 .bss           0x0000000000000228        0x0 /home/ubuntu/Lab3_Devops/glibc-2.34/build/libc_pic.a(sigaction.os)
 .bss           0x0000000000000228        0x0 /home/ubuntu/Lab3_Devops/glibc-2.34/build/libc_pic.a(libc_sigaction.os)
 .bss           0x0000000000000228        0x0 /home/ubuntu/Lab3_Devops/glibc-2.34/build/libc_pic.a(setitimer.os)
 .bss           0x0000000000000228        0x0 /home/ubuntu/Lab3_Devops/glibc-2.34/build/libc_pic.a(getdents64.os)
 .bss           0x0000000000000228        0x0 /usr/lib/gcc/aarch64-linux-gnu/11/libgcc.a(cas_4_2.o)
 .bss           0x0000000000000228        0x0 /usr/lib/gcc/aarch64-linux-gnu/11/libgcc.a(swp_4_2.o)
 .bss           0x0000000000000228        0x0 /usr/lib/gcc/aarch64-linux-gnu/11/libgcc.a(swp_4_3.o)
 .bss           0x0000000000000228        0x1 /usr/lib/gcc/aarch64-linux-gnu/11/libgcc.a(lse-init.o)
                0x0000000000000228                __aarch64_have_lse_atomics
 .bss           0x0000000000000229        0x0 /home/ubuntu/Lab3_Devops/glibc-2.34/build/libc_pic.a(getauxval.os)

.stab
 *(.stab)

.stabstr
 *(.stabstr)

.stab.excl
 *(.stab.excl)

.stab.exclstr
 *(.stab.exclstr)

.stab.index
 *(.stab.index)

.stab.indexstr
 *(.stab.indexstr)

.comment        0x0000000000000000      0xf20
 *(.comment)
 .comment       0x0000000000000000      0x840 /home/ubuntu/Lab3_Devops/glibc-2.34/build/elf/dl-allobjs.os
 .comment       0x0000000000000840       0x2c /home/ubuntu/Lab3_Devops/glibc-2.34/build/libc_pic.a(check_fds.os)
 .comment       0x000000000000086c       0x2c /home/ubuntu/Lab3_Devops/glibc-2.34/build/libc_pic.a(errno.os)
 .comment       0x0000000000000898       0x2c /home/ubuntu/Lab3_Devops/glibc-2.34/build/libc_pic.a(lowlevellock.os)
 .comment       0x00000000000008c4       0x2c /home/ubuntu/Lab3_Devops/glibc-2.34/build/libc_pic.a(scratch_buffer_set_array_size.os)
 .comment       0x00000000000008f0       0x2c /home/ubuntu/Lab3_Devops/glibc-2.34/build/libc_pic.a(strcspn.os)
 .comment       0x000000000000091c       0x2c /home/ubuntu/Lab3_Devops/glibc-2.34/build/libc_pic.a(strdup.os)
 .comment       0x0000000000000948       0x2c /home/ubuntu/Lab3_Devops/glibc-2.34/build/libc_pic.a(strlen.os)
 .comment       0x0000000000000974       0x2c /home/ubuntu/Lab3_Devops/glibc-2.34/build/libc_pic.a(memchr.os)
 .comment       0x00000000000009a0       0x2c /home/ubuntu/Lab3_Devops/glibc-2.34/build/libc_pic.a(memmove.os)
 .comment       0x00000000000009cc       0x2c /home/ubuntu/Lab3_Devops/glibc-2.34/build/libc_pic.a(memset.os)
 .comment       0x00000000000009f8       0x2c /home/ubuntu/Lab3_Devops/glibc-2.34/build/libc_pic.a(memcpy.os)
 .comment       0x0000000000000a24       0x2c /home/ubuntu/Lab3_Devops/glibc-2.34/build/libc_pic.a(closedir.os)
 .comment       0x0000000000000a50       0x2c /home/ubuntu/Lab3_Devops/glibc-2.34/build/libc_pic.a(rewinddir.os)
 .comment       0x0000000000000a7c       0x2c /home/ubuntu/Lab3_Devops/glibc-2.34/build/libc_pic.a(readdir64.os)
 .comment       0x0000000000000aa8       0x2c /home/ubuntu/Lab3_Devops/glibc-2.34/build/libc_pic.a(fdopendir.os)
 .comment       0x0000000000000ad4       0x2c /home/ubuntu/Lab3_Devops/glibc-2.34/build/libc_pic.a(_exit.os)
 .comment       0x0000000000000b00       0x2c /home/ubuntu/Lab3_Devops/glibc-2.34/build/libc_pic.a(environ.os)
 .comment       0x0000000000000b2c       0x2c /home/ubuntu/Lab3_Devops/glibc-2.34/build/libc_pic.a(stat64.os)
 .comment       0x0000000000000b58       0x2c /home/ubuntu/Lab3_Devops/glibc-2.34/build/libc_pic.a(fstat64.os)
 .comment       0x0000000000000b84       0x2c /home/ubuntu/Lab3_Devops/glibc-2.34/build/libc_pic.a(lstat64.os)
 .comment       0x0000000000000bb0       0x2c /home/ubuntu/Lab3_Devops/glibc-2.34/build/libc_pic.a(fstatat64.os)
 .comment       0x0000000000000bdc       0x2c /home/ubuntu/Lab3_Devops/glibc-2.34/build/libc_pic.a(openat64.os)
 .comment       0x0000000000000c08       0x2c /home/ubuntu/Lab3_Devops/glibc-2.34/build/libc_pic.a(lseek64.os)
 .comment       0x0000000000000c34       0x2c /home/ubuntu/Lab3_Devops/glibc-2.34/build/libc_pic.a(access.os)
 .comment       0x0000000000000c60       0x2c /home/ubuntu/Lab3_Devops/glibc-2.34/build/libc_pic.a(close_nocancel.os)
 .comment       0x0000000000000c8c       0x2c /home/ubuntu/Lab3_Devops/glibc-2.34/build/libc_pic.a(fcntl_nocancel.os)
 .comment       0x0000000000000cb8       0x2c /home/ubuntu/Lab3_Devops/glibc-2.34/build/libc_pic.a(open64_nocancel.os)
 .comment       0x0000000000000ce4       0x2c /home/ubuntu/Lab3_Devops/glibc-2.34/build/libc_pic.a(read_nocancel.os)
 .comment       0x0000000000000d10       0x2c /home/ubuntu/Lab3_Devops/glibc-2.34/build/libc_pic.a(pread64_nocancel.os)
 .comment       0x0000000000000d3c       0x2c /home/ubuntu/Lab3_Devops/glibc-2.34/build/libc_pic.a(write_nocancel.os)
 .comment       0x0000000000000d68       0x2c /home/ubuntu/Lab3_Devops/glibc-2.34/build/libc_pic.a(mmap64.os)
 .comment       0x0000000000000d94       0x2c /home/ubuntu/Lab3_Devops/glibc-2.34/build/libc_pic.a(profil.os)
 .comment       0x0000000000000dc0       0x2c /home/ubuntu/Lab3_Devops/glibc-2.34/build/libc_pic.a(prof-freq.os)
 .comment       0x0000000000000dec       0x2c /home/ubuntu/Lab3_Devops/glibc-2.34/build/libc_pic.a(dl-addr-obj.os)
 .comment       0x0000000000000e18       0x2c /home/ubuntu/Lab3_Devops/glibc-2.34/build/libc_pic.a(sysdep.os)
 .comment       0x0000000000000e44       0x2c /home/ubuntu/Lab3_Devops/glibc-2.34/build/libc_pic.a(sigaction.os)
 .comment       0x0000000000000e70       0x2c /home/ubuntu/Lab3_Devops/glibc-2.34/build/libc_pic.a(libc_sigaction.os)
 .comment       0x0000000000000e9c       0x2c /home/ubuntu/Lab3_Devops/glibc-2.34/build/libc_pic.a(setitimer.os)
 .comment       0x0000000000000ec8       0x2c /home/ubuntu/Lab3_Devops/glibc-2.34/build/libc_pic.a(getdents64.os)
 .comment       0x0000000000000ef4       0x2c /home/ubuntu/Lab3_Devops/glibc-2.34/build/libc_pic.a(getauxval.os)

.note.GNU-stack
                0x0000000000000000        0x0
 .note.GNU-stack
                0x0000000000000000        0x0 /home/ubuntu/Lab3_Devops/glibc-2.34/build/elf/librtld.mapT.o
 .note.GNU-stack
                0x0000000000000000        0x0 /home/ubuntu/Lab3_Devops/glibc-2.34/build/elf/dl-allobjs.os
 .note.GNU-stack
                0x0000000000000000        0x0 /home/ubuntu/Lab3_Devops/glibc-2.34/build/libc_pic.a(check_fds.os)
 .note.GNU-stack
                0x0000000000000000        0x0 /home/ubuntu/Lab3_Devops/glibc-2.34/build/libc_pic.a(errno.os)
 .note.GNU-stack
                0x0000000000000000        0x0 /home/ubuntu/Lab3_Devops/glibc-2.34/build/libc_pic.a(setjmp.os)
 .note.GNU-stack
                0x0000000000000000        0x0 /home/ubuntu/Lab3_Devops/glibc-2.34/build/libc_pic.a(__longjmp.os)
 .note.GNU-stack
                0x0000000000000000        0x0 /home/ubuntu/Lab3_Devops/glibc-2.34/build/libc_pic.a(lowlevellock.os)
 .note.GNU-stack
                0x0000000000000000        0x0 /home/ubuntu/Lab3_Devops/glibc-2.34/build/libc_pic.a(scratch_buffer_set_array_size.os)
 .note.GNU-stack
                0x0000000000000000        0x0 /home/ubuntu/Lab3_Devops/glibc-2.34/build/libc_pic.a(strchr.os)
 .note.GNU-stack
                0x0000000000000000        0x0 /home/ubuntu/Lab3_Devops/glibc-2.34/build/libc_pic.a(strcmp.os)
 .note.GNU-stack
                0x0000000000000000        0x0 /home/ubuntu/Lab3_Devops/glibc-2.34/build/libc_pic.a(strcspn.os)
 .note.GNU-stack
                0x0000000000000000        0x0 /home/ubuntu/Lab3_Devops/glibc-2.34/build/libc_pic.a(strdup.os)
 .note.GNU-stack
                0x0000000000000000        0x0 /home/ubuntu/Lab3_Devops/glibc-2.34/build/libc_pic.a(strlen.os)
 .note.GNU-stack
                0x0000000000000000        0x0 /home/ubuntu/Lab3_Devops/glibc-2.34/build/libc_pic.a(strnlen.os)
 .note.GNU-stack
                0x0000000000000000        0x0 /home/ubuntu/Lab3_Devops/glibc-2.34/build/libc_pic.a(strncmp.os)
 .note.GNU-stack
                0x0000000000000000        0x0 /home/ubuntu/Lab3_Devops/glibc-2.34/build/libc_pic.a(memchr.os)
 .note.GNU-stack
                0x0000000000000000        0x0 /home/ubuntu/Lab3_Devops/glibc-2.34/build/libc_pic.a(memcmp.os)
 .note.GNU-stack
                0x0000000000000000        0x0 /home/ubuntu/Lab3_Devops/glibc-2.34/build/libc_pic.a(memmove.os)
 .note.GNU-stack
                0x0000000000000000        0x0 /home/ubuntu/Lab3_Devops/glibc-2.34/build/libc_pic.a(memset.os)
 .note.GNU-stack
                0x0000000000000000        0x0 /home/ubuntu/Lab3_Devops/glibc-2.34/build/libc_pic.a(stpcpy.os)
 .note.GNU-stack
                0x0000000000000000        0x0 /home/ubuntu/Lab3_Devops/glibc-2.34/build/libc_pic.a(memcpy.os)
 .note.GNU-stack
                0x0000000000000000        0x0 /home/ubuntu/Lab3_Devops/glibc-2.34/build/libc_pic.a(rawmemchr.os)
 .note.GNU-stack
                0x0000000000000000        0x0 /home/ubuntu/Lab3_Devops/glibc-2.34/build/libc_pic.a(strchrnul.os)
 .note.GNU-stack
                0x0000000000000000        0x0 /home/ubuntu/Lab3_Devops/glibc-2.34/build/libc_pic.a(memcpy_generic.os)
 .note.GNU-stack
                0x0000000000000000        0x0 /home/ubuntu/Lab3_Devops/glibc-2.34/build/libc_pic.a(memcpy_advsimd.os)
 .note.GNU-stack
                0x0000000000000000        0x0 /home/ubuntu/Lab3_Devops/glibc-2.34/build/libc_pic.a(memcpy_thunderx.os)
 .note.GNU-stack
                0x0000000000000000        0x0 /home/ubuntu/Lab3_Devops/glibc-2.34/build/libc_pic.a(memcpy_thunderx2.os)
 .note.GNU-stack
                0x0000000000000000        0x0 /home/ubuntu/Lab3_Devops/glibc-2.34/build/libc_pic.a(memcpy_falkor.os)
 .note.GNU-stack
                0x0000000000000000        0x0 /home/ubuntu/Lab3_Devops/glibc-2.34/build/libc_pic.a(memcpy_a64fx.os)
 .note.GNU-stack
                0x0000000000000000        0x0 /home/ubuntu/Lab3_Devops/glibc-2.34/build/libc_pic.a(memset_generic.os)
 .note.GNU-stack
                0x0000000000000000        0x0 /home/ubuntu/Lab3_Devops/glibc-2.34/build/libc_pic.a(memset_falkor.os)
 .note.GNU-stack
                0x0000000000000000        0x0 /home/ubuntu/Lab3_Devops/glibc-2.34/build/libc_pic.a(memset_emag.os)
 .note.GNU-stack
                0x0000000000000000        0x0 /home/ubuntu/Lab3_Devops/glibc-2.34/build/libc_pic.a(memset_kunpeng.os)
 .note.GNU-stack
                0x0000000000000000        0x0 /home/ubuntu/Lab3_Devops/glibc-2.34/build/libc_pic.a(memset_a64fx.os)
 .note.GNU-stack
                0x0000000000000000        0x0 /home/ubuntu/Lab3_Devops/glibc-2.34/build/libc_pic.a(memchr_generic.os)
 .note.GNU-stack
                0x0000000000000000        0x0 /home/ubuntu/Lab3_Devops/glibc-2.34/build/libc_pic.a(memchr_nosimd.os)
 .note.GNU-stack
                0x0000000000000000        0x0 /home/ubuntu/Lab3_Devops/glibc-2.34/build/libc_pic.a(strlen_mte.os)
 .note.GNU-stack
                0x0000000000000000        0x0 /home/ubuntu/Lab3_Devops/glibc-2.34/build/libc_pic.a(strlen_asimd.os)
 .note.GNU-stack
                0x0000000000000000        0x0 /home/ubuntu/Lab3_Devops/glibc-2.34/build/libc_pic.a(closedir.os)
 .note.GNU-stack
                0x0000000000000000        0x0 /home/ubuntu/Lab3_Devops/glibc-2.34/build/libc_pic.a(rewinddir.os)
 .note.GNU-stack
                0x0000000000000000        0x0 /home/ubuntu/Lab3_Devops/glibc-2.34/build/libc_pic.a(readdir64.os)
 .note.GNU-stack
                0x0000000000000000        0x0 /home/ubuntu/Lab3_Devops/glibc-2.34/build/libc_pic.a(fdopendir.os)
 .note.GNU-stack
                0x0000000000000000        0x0 /home/ubuntu/Lab3_Devops/glibc-2.34/build/libc_pic.a(uname.os)
 .note.GNU-stack
                0x0000000000000000        0x0 /home/ubuntu/Lab3_Devops/glibc-2.34/build/libc_pic.a(_exit.os)
 .note.GNU-stack
                0x0000000000000000        0x0 /home/ubuntu/Lab3_Devops/glibc-2.34/build/libc_pic.a(getpid.os)
 .note.GNU-stack
                0x0000000000000000        0x0 /home/ubuntu/Lab3_Devops/glibc-2.34/build/libc_pic.a(environ.os)
 .note.GNU-stack
                0x0000000000000000        0x0 /home/ubuntu/Lab3_Devops/glibc-2.34/build/libc_pic.a(stat64.os)
 .note.GNU-stack
                0x0000000000000000        0x0 /home/ubuntu/Lab3_Devops/glibc-2.34/build/libc_pic.a(fstat64.os)
 .note.GNU-stack
                0x0000000000000000        0x0 /home/ubuntu/Lab3_Devops/glibc-2.34/build/libc_pic.a(lstat64.os)
 .note.GNU-stack
                0x0000000000000000        0x0 /home/ubuntu/Lab3_Devops/glibc-2.34/build/libc_pic.a(fstatat64.os)
 .note.GNU-stack
                0x0000000000000000        0x0 /home/ubuntu/Lab3_Devops/glibc-2.34/build/libc_pic.a(openat64.os)
 .note.GNU-stack
                0x0000000000000000        0x0 /home/ubuntu/Lab3_Devops/glibc-2.34/build/libc_pic.a(lseek64.os)
 .note.GNU-stack
                0x0000000000000000        0x0 /home/ubuntu/Lab3_Devops/glibc-2.34/build/libc_pic.a(access.os)
 .note.GNU-stack
                0x0000000000000000        0x0 /home/ubuntu/Lab3_Devops/glibc-2.34/build/libc_pic.a(close_nocancel.os)
 .note.GNU-stack
                0x0000000000000000        0x0 /home/ubuntu/Lab3_Devops/glibc-2.34/build/libc_pic.a(fcntl_nocancel.os)
 .note.GNU-stack
                0x0000000000000000        0x0 /home/ubuntu/Lab3_Devops/glibc-2.34/build/libc_pic.a(open64_nocancel.os)
 .note.GNU-stack
                0x0000000000000000        0x0 /home/ubuntu/Lab3_Devops/glibc-2.34/build/libc_pic.a(read_nocancel.os)
 .note.GNU-stack
                0x0000000000000000        0x0 /home/ubuntu/Lab3_Devops/glibc-2.34/build/libc_pic.a(pread64_nocancel.os)
 .note.GNU-stack
                0x0000000000000000        0x0 /home/ubuntu/Lab3_Devops/glibc-2.34/build/libc_pic.a(write_nocancel.os)
 .note.GNU-stack
                0x0000000000000000        0x0 /home/ubuntu/Lab3_Devops/glibc-2.34/build/libc_pic.a(mmap64.os)
 .note.GNU-stack
                0x0000000000000000        0x0 /home/ubuntu/Lab3_Devops/glibc-2.34/build/libc_pic.a(munmap.os)
 .note.GNU-stack
                0x0000000000000000        0x0 /home/ubuntu/Lab3_Devops/glibc-2.34/build/libc_pic.a(mprotect.os)
 .note.GNU-stack
                0x0000000000000000        0x0 /home/ubuntu/Lab3_Devops/glibc-2.34/build/libc_pic.a(profil.os)
 .note.GNU-stack
                0x0000000000000000        0x0 /home/ubuntu/Lab3_Devops/glibc-2.34/build/libc_pic.a(prof-freq.os)
 .note.GNU-stack
                0x0000000000000000        0x0 /home/ubuntu/Lab3_Devops/glibc-2.34/build/libc_pic.a(dl-addr-obj.os)
 .note.GNU-stack
                0x0000000000000000        0x0 /home/ubuntu/Lab3_Devops/glibc-2.34/build/libc_pic.a(sysdep.os)
 .note.GNU-stack
                0x0000000000000000        0x0 /home/ubuntu/Lab3_Devops/glibc-2.34/build/libc_pic.a(sigaction.os)
 .note.GNU-stack
                0x0000000000000000        0x0 /home/ubuntu/Lab3_Devops/glibc-2.34/build/libc_pic.a(libc_sigaction.os)
 .note.GNU-stack
                0x0000000000000000        0x0 /home/ubuntu/Lab3_Devops/glibc-2.34/build/libc_pic.a(setitimer.os)
 .note.GNU-stack
                0x0000000000000000        0x0 /home/ubuntu/Lab3_Devops/glibc-2.34/build/libc_pic.a(getdents64.os)
 .note.GNU-stack
                0x0000000000000000        0x0 /usr/lib/gcc/aarch64-linux-gnu/11/libgcc.a(cas_4_2.o)
 .note.GNU-stack
                0x0000000000000000        0x0 /usr/lib/gcc/aarch64-linux-gnu/11/libgcc.a(swp_4_2.o)
 .note.GNU-stack
                0x0000000000000000        0x0 /usr/lib/gcc/aarch64-linux-gnu/11/libgcc.a(swp_4_3.o)
 .note.GNU-stack
                0x0000000000000000        0x0 /usr/lib/gcc/aarch64-linux-gnu/11/libgcc.a(lse-init.o)
 .note.GNU-stack
                0x0000000000000000        0x0 /home/ubuntu/Lab3_Devops/glibc-2.34/build/libc_pic.a(getauxval.os)

.gnu.build.attributes
 *(.gnu.build.attributes)

.debug
 *(.debug)

.line
 *(.line)

.debug_srcinfo
 *(.debug_srcinfo)

.debug_sfnames
 *(.debug_sfnames)

.debug_aranges  0x0000000000000000     0x1630
 *(.debug_aranges)
 .debug_aranges
                0x0000000000000000      0x960 /home/ubuntu/Lab3_Devops/glibc-2.34/build/elf/dl-allobjs.os
 .debug_aranges
                0x0000000000000960       0x30 /home/ubuntu/Lab3_Devops/glibc-2.34/build/libc_pic.a(check_fds.os)
 .debug_aranges
                0x0000000000000990       0x20 /home/ubuntu/Lab3_Devops/glibc-2.34/build/libc_pic.a(errno.os)
 .debug_aranges
                0x00000000000009b0       0x30 /home/ubuntu/Lab3_Devops/glibc-2.34/build/libc_pic.a(setjmp.os)
 .debug_aranges
                0x00000000000009e0       0x30 /home/ubuntu/Lab3_Devops/glibc-2.34/build/libc_pic.a(__longjmp.os)
 .debug_aranges
                0x0000000000000a10       0x30 /home/ubuntu/Lab3_Devops/glibc-2.34/build/libc_pic.a(lowlevellock.os)
 .debug_aranges
                0x0000000000000a40       0x30 /home/ubuntu/Lab3_Devops/glibc-2.34/build/libc_pic.a(scratch_buffer_set_array_size.os)
 .debug_aranges
                0x0000000000000a70       0x30 /home/ubuntu/Lab3_Devops/glibc-2.34/build/libc_pic.a(strchr.os)
 .debug_aranges
                0x0000000000000aa0       0x30 /home/ubuntu/Lab3_Devops/glibc-2.34/build/libc_pic.a(strcmp.os)
 .debug_aranges
                0x0000000000000ad0       0x30 /home/ubuntu/Lab3_Devops/glibc-2.34/build/libc_pic.a(strcspn.os)
 .debug_aranges
                0x0000000000000b00       0x30 /home/ubuntu/Lab3_Devops/glibc-2.34/build/libc_pic.a(strdup.os)
 .debug_aranges
                0x0000000000000b30       0x30 /home/ubuntu/Lab3_Devops/glibc-2.34/build/libc_pic.a(strlen.os)
 .debug_aranges
                0x0000000000000b60       0x30 /home/ubuntu/Lab3_Devops/glibc-2.34/build/libc_pic.a(strnlen.os)
 .debug_aranges
                0x0000000000000b90       0x30 /home/ubuntu/Lab3_Devops/glibc-2.34/build/libc_pic.a(strncmp.os)
 .debug_aranges
                0x0000000000000bc0       0x30 /home/ubuntu/Lab3_Devops/glibc-2.34/build/libc_pic.a(memchr.os)
 .debug_aranges
                0x0000000000000bf0       0x30 /home/ubuntu/Lab3_Devops/glibc-2.34/build/libc_pic.a(memcmp.os)
 .debug_aranges
                0x0000000000000c20       0x30 /home/ubuntu/Lab3_Devops/glibc-2.34/build/libc_pic.a(memmove.os)
 .debug_aranges
                0x0000000000000c50       0x30 /home/ubuntu/Lab3_Devops/glibc-2.34/build/libc_pic.a(memset.os)
 .debug_aranges
                0x0000000000000c80       0x30 /home/ubuntu/Lab3_Devops/glibc-2.34/build/libc_pic.a(stpcpy.os)
 .debug_aranges
                0x0000000000000cb0       0x30 /home/ubuntu/Lab3_Devops/glibc-2.34/build/libc_pic.a(memcpy.os)
 .debug_aranges
                0x0000000000000ce0       0x30 /home/ubuntu/Lab3_Devops/glibc-2.34/build/libc_pic.a(rawmemchr.os)
 .debug_aranges
                0x0000000000000d10       0x30 /home/ubuntu/Lab3_Devops/glibc-2.34/build/libc_pic.a(strchrnul.os)
 .debug_aranges
                0x0000000000000d40       0x30 /home/ubuntu/Lab3_Devops/glibc-2.34/build/libc_pic.a(memcpy_generic.os)
 .debug_aranges
                0x0000000000000d70       0x30 /home/ubuntu/Lab3_Devops/glibc-2.34/build/libc_pic.a(memcpy_advsimd.os)
 .debug_aranges
                0x0000000000000da0       0x30 /home/ubuntu/Lab3_Devops/glibc-2.34/build/libc_pic.a(memcpy_thunderx.os)
 .debug_aranges
                0x0000000000000dd0       0x30 /home/ubuntu/Lab3_Devops/glibc-2.34/build/libc_pic.a(memcpy_thunderx2.os)
 .debug_aranges
                0x0000000000000e00       0x30 /home/ubuntu/Lab3_Devops/glibc-2.34/build/libc_pic.a(memcpy_falkor.os)
 .debug_aranges
                0x0000000000000e30       0x30 /home/ubuntu/Lab3_Devops/glibc-2.34/build/libc_pic.a(memcpy_a64fx.os)
 .debug_aranges
                0x0000000000000e60       0x30 /home/ubuntu/Lab3_Devops/glibc-2.34/build/libc_pic.a(memset_generic.os)
 .debug_aranges
                0x0000000000000e90       0x30 /home/ubuntu/Lab3_Devops/glibc-2.34/build/libc_pic.a(memset_falkor.os)
 .debug_aranges
                0x0000000000000ec0       0x30 /home/ubuntu/Lab3_Devops/glibc-2.34/build/libc_pic.a(memset_emag.os)
 .debug_aranges
                0x0000000000000ef0       0x30 /home/ubuntu/Lab3_Devops/glibc-2.34/build/libc_pic.a(memset_kunpeng.os)
 .debug_aranges
                0x0000000000000f20       0x30 /home/ubuntu/Lab3_Devops/glibc-2.34/build/libc_pic.a(memset_a64fx.os)
 .debug_aranges
                0x0000000000000f50       0x30 /home/ubuntu/Lab3_Devops/glibc-2.34/build/libc_pic.a(memchr_generic.os)
 .debug_aranges
                0x0000000000000f80       0x30 /home/ubuntu/Lab3_Devops/glibc-2.34/build/libc_pic.a(memchr_nosimd.os)
 .debug_aranges
                0x0000000000000fb0       0x30 /home/ubuntu/Lab3_Devops/glibc-2.34/build/libc_pic.a(strlen_mte.os)
 .debug_aranges
                0x0000000000000fe0       0x30 /home/ubuntu/Lab3_Devops/glibc-2.34/build/libc_pic.a(strlen_asimd.os)
 .debug_aranges
                0x0000000000001010       0x30 /home/ubuntu/Lab3_Devops/glibc-2.34/build/libc_pic.a(closedir.os)
 .debug_aranges
                0x0000000000001040       0x30 /home/ubuntu/Lab3_Devops/glibc-2.34/build/libc_pic.a(rewinddir.os)
 .debug_aranges
                0x0000000000001070       0x30 /home/ubuntu/Lab3_Devops/glibc-2.34/build/libc_pic.a(readdir64.os)
 .debug_aranges
                0x00000000000010a0       0x30 /home/ubuntu/Lab3_Devops/glibc-2.34/build/libc_pic.a(fdopendir.os)
 .debug_aranges
                0x00000000000010d0       0x30 /home/ubuntu/Lab3_Devops/glibc-2.34/build/libc_pic.a(uname.os)
 .debug_aranges
                0x0000000000001100       0x30 /home/ubuntu/Lab3_Devops/glibc-2.34/build/libc_pic.a(_exit.os)
 .debug_aranges
                0x0000000000001130       0x30 /home/ubuntu/Lab3_Devops/glibc-2.34/build/libc_pic.a(getpid.os)
 .debug_aranges
                0x0000000000001160       0x20 /home/ubuntu/Lab3_Devops/glibc-2.34/build/libc_pic.a(environ.os)
 .debug_aranges
                0x0000000000001180       0x30 /home/ubuntu/Lab3_Devops/glibc-2.34/build/libc_pic.a(stat64.os)
 .debug_aranges
                0x00000000000011b0       0x30 /home/ubuntu/Lab3_Devops/glibc-2.34/build/libc_pic.a(fstat64.os)
 .debug_aranges
                0x00000000000011e0       0x30 /home/ubuntu/Lab3_Devops/glibc-2.34/build/libc_pic.a(lstat64.os)
 .debug_aranges
                0x0000000000001210       0x30 /home/ubuntu/Lab3_Devops/glibc-2.34/build/libc_pic.a(fstatat64.os)
 .debug_aranges
                0x0000000000001240       0x30 /home/ubuntu/Lab3_Devops/glibc-2.34/build/libc_pic.a(openat64.os)
 .debug_aranges
                0x0000000000001270       0x30 /home/ubuntu/Lab3_Devops/glibc-2.34/build/libc_pic.a(lseek64.os)
 .debug_aranges
                0x00000000000012a0       0x30 /home/ubuntu/Lab3_Devops/glibc-2.34/build/libc_pic.a(access.os)
 .debug_aranges
                0x00000000000012d0       0x30 /home/ubuntu/Lab3_Devops/glibc-2.34/build/libc_pic.a(close_nocancel.os)
 .debug_aranges
                0x0000000000001300       0x30 /home/ubuntu/Lab3_Devops/glibc-2.34/build/libc_pic.a(fcntl_nocancel.os)
 .debug_aranges
                0x0000000000001330       0x30 /home/ubuntu/Lab3_Devops/glibc-2.34/build/libc_pic.a(open64_nocancel.os)
 .debug_aranges
                0x0000000000001360       0x30 /home/ubuntu/Lab3_Devops/glibc-2.34/build/libc_pic.a(read_nocancel.os)
 .debug_aranges
                0x0000000000001390       0x30 /home/ubuntu/Lab3_Devops/glibc-2.34/build/libc_pic.a(pread64_nocancel.os)
 .debug_aranges
                0x00000000000013c0       0x30 /home/ubuntu/Lab3_Devops/glibc-2.34/build/libc_pic.a(write_nocancel.os)
 .debug_aranges
                0x00000000000013f0       0x30 /home/ubuntu/Lab3_Devops/glibc-2.34/build/libc_pic.a(mmap64.os)
 .debug_aranges
                0x0000000000001420       0x30 /home/ubuntu/Lab3_Devops/glibc-2.34/build/libc_pic.a(munmap.os)
 .debug_aranges
                0x0000000000001450       0x30 /home/ubuntu/Lab3_Devops/glibc-2.34/build/libc_pic.a(mprotect.os)
 .debug_aranges
                0x0000000000001480       0x30 /home/ubuntu/Lab3_Devops/glibc-2.34/build/libc_pic.a(profil.os)
 .debug_aranges
                0x00000000000014b0       0x30 /home/ubuntu/Lab3_Devops/glibc-2.34/build/libc_pic.a(prof-freq.os)
 .debug_aranges
                0x00000000000014e0       0x30 /home/ubuntu/Lab3_Devops/glibc-2.34/build/libc_pic.a(dl-addr-obj.os)
 .debug_aranges
                0x0000000000001510       0x30 /home/ubuntu/Lab3_Devops/glibc-2.34/build/libc_pic.a(sysdep.os)
 .debug_aranges
                0x0000000000001540       0x30 /home/ubuntu/Lab3_Devops/glibc-2.34/build/libc_pic.a(sigaction.os)
 .debug_aranges
                0x0000000000001570       0x30 /home/ubuntu/Lab3_Devops/glibc-2.34/build/libc_pic.a(libc_sigaction.os)
 .debug_aranges
                0x00000000000015a0       0x30 /home/ubuntu/Lab3_Devops/glibc-2.34/build/libc_pic.a(setitimer.os)
 .debug_aranges
                0x00000000000015d0       0x30 /home/ubuntu/Lab3_Devops/glibc-2.34/build/libc_pic.a(getdents64.os)
 .debug_aranges
                0x0000000000001600       0x30 /home/ubuntu/Lab3_Devops/glibc-2.34/build/libc_pic.a(getauxval.os)

.debug_pubnames
 *(.debug_pubnames)

.debug_info     0x0000000000000000    0x86379
 *(.debug_info)
 .debug_info    0x0000000000000000    0x6d7b7 /home/ubuntu/Lab3_Devops/glibc-2.34/build/elf/dl-allobjs.os
 .debug_info    0x000000000006d7b7      0x7f8 /home/ubuntu/Lab3_Devops/glibc-2.34/build/libc_pic.a(check_fds.os)
 .debug_info    0x000000000006dfaf      0x3ea /home/ubuntu/Lab3_Devops/glibc-2.34/build/libc_pic.a(errno.os)
 .debug_info    0x000000000006e399       0x29 /home/ubuntu/Lab3_Devops/glibc-2.34/build/libc_pic.a(setjmp.os)
 .debug_info    0x000000000006e3c2       0x28 /home/ubuntu/Lab3_Devops/glibc-2.34/build/libc_pic.a(__longjmp.os)
 .debug_info    0x000000000006e3ea      0xa11 /home/ubuntu/Lab3_Devops/glibc-2.34/build/libc_pic.a(lowlevellock.os)
 .debug_info    0x000000000006edfb      0x308 /home/ubuntu/Lab3_Devops/glibc-2.34/build/libc_pic.a(scratch_buffer_set_array_size.os)
 .debug_info    0x000000000006f103       0x29 /home/ubuntu/Lab3_Devops/glibc-2.34/build/libc_pic.a(strchr.os)
 .debug_info    0x000000000006f12c       0x29 /home/ubuntu/Lab3_Devops/glibc-2.34/build/libc_pic.a(strcmp.os)
 .debug_info    0x000000000006f155      0x1fd /home/ubuntu/Lab3_Devops/glibc-2.34/build/libc_pic.a(strcspn.os)
 .debug_info    0x000000000006f352      0x1a6 /home/ubuntu/Lab3_Devops/glibc-2.34/build/libc_pic.a(strdup.os)
 .debug_info    0x000000000006f4f8     0x1ab5 /home/ubuntu/Lab3_Devops/glibc-2.34/build/libc_pic.a(strlen.os)
 .debug_info    0x0000000000070fad       0x29 /home/ubuntu/Lab3_Devops/glibc-2.34/build/libc_pic.a(strnlen.os)
 .debug_info    0x0000000000070fd6       0x29 /home/ubuntu/Lab3_Devops/glibc-2.34/build/libc_pic.a(strncmp.os)
 .debug_info    0x0000000000070fff     0x1ae1 /home/ubuntu/Lab3_Devops/glibc-2.34/build/libc_pic.a(memchr.os)
 .debug_info    0x0000000000072ae0       0x29 /home/ubuntu/Lab3_Devops/glibc-2.34/build/libc_pic.a(memcmp.os)
 .debug_info    0x0000000000072b09     0x1b59 /home/ubuntu/Lab3_Devops/glibc-2.34/build/libc_pic.a(memmove.os)
 .debug_info    0x0000000000074662     0x1b3b /home/ubuntu/Lab3_Devops/glibc-2.34/build/libc_pic.a(memset.os)
 .debug_info    0x000000000007619d       0x29 /home/ubuntu/Lab3_Devops/glibc-2.34/build/libc_pic.a(stpcpy.os)